Archive member included to satisfy reference by file (symbol)

/usr/lib/gcc/arm-none-eabi/13.2.1/../../../arm-none-eabi/lib/thumb/v7-m/nofp/libc_nano.a(libc_a-init.o)
                              /usr/lib/gcc/arm-none-eabi/13.2.1/../../../arm-none-eabi/lib/thumb/v7-m/nofp/crt0.o (__libc_init_array)
/usr/lib/gcc/arm-none-eabi/13.2.1/../../../arm-none-eabi/lib/thumb/v7-m/nofp/libc_nano.a(libc_a-memset.o)
                              /usr/lib/gcc/arm-none-eabi/13.2.1/../../../arm-none-eabi/lib/thumb/v7-m/nofp/crt0.o (memset)
/usr/lib/gcc/arm-none-eabi/13.2.1/../../../arm-none-eabi/lib/thumb/v7-m/nofp/libc_nano.a(libc_a-exit.o)
                              /usr/lib/gcc/arm-none-eabi/13.2.1/../../../arm-none-eabi/lib/thumb/v7-m/nofp/crt0.o (exit)
/usr/lib/gcc/arm-none-eabi/13.2.1/../../../arm-none-eabi/lib/thumb/v7-m/nofp/libc_nano.a(libc_a-atexit.o)
                              /usr/lib/gcc/arm-none-eabi/13.2.1/../../../arm-none-eabi/lib/thumb/v7-m/nofp/crt0.o (atexit)
/usr/lib/gcc/arm-none-eabi/13.2.1/../../../arm-none-eabi/lib/thumb/v7-m/nofp/libc_nano.a(libc_a-fini.o)
                              /usr/lib/gcc/arm-none-eabi/13.2.1/../../../arm-none-eabi/lib/thumb/v7-m/nofp/crt0.o (__libc_fini_array)
/usr/lib/gcc/arm-none-eabi/13.2.1/../../../arm-none-eabi/lib/thumb/v7-m/nofp/libc_nano.a(libc_a-findfp.o)
                              /usr/lib/gcc/arm-none-eabi/13.2.1/../../../arm-none-eabi/lib/thumb/v7-m/nofp/libc_nano.a(libc_a-exit.o) (__stdio_exit_handler)
/usr/lib/gcc/arm-none-eabi/13.2.1/../../../arm-none-eabi/lib/thumb/v7-m/nofp/libc_nano.a(libc_a-fflush.o)
                              /usr/lib/gcc/arm-none-eabi/13.2.1/../../../arm-none-eabi/lib/thumb/v7-m/nofp/libc_nano.a(libc_a-findfp.o) (_fflush_r)
/usr/lib/gcc/arm-none-eabi/13.2.1/../../../arm-none-eabi/lib/thumb/v7-m/nofp/libc_nano.a(libc_a-mallocr.o)
                              /usr/lib/gcc/arm-none-eabi/13.2.1/../../../arm-none-eabi/lib/thumb/v7-m/nofp/libc_nano.a(libc_a-findfp.o) (_malloc_r)
/usr/lib/gcc/arm-none-eabi/13.2.1/../../../arm-none-eabi/lib/thumb/v7-m/nofp/libc_nano.a(libc_a-freer.o)
                              /usr/lib/gcc/arm-none-eabi/13.2.1/../../../arm-none-eabi/lib/thumb/v7-m/nofp/libc_nano.a(libc_a-fflush.o) (_free_r)
/usr/lib/gcc/arm-none-eabi/13.2.1/../../../arm-none-eabi/lib/thumb/v7-m/nofp/libc_nano.a(libc_a-fwalk.o)
                              /usr/lib/gcc/arm-none-eabi/13.2.1/../../../arm-none-eabi/lib/thumb/v7-m/nofp/libc_nano.a(libc_a-findfp.o) (_fwalk_sglue)
/usr/lib/gcc/arm-none-eabi/13.2.1/../../../arm-none-eabi/lib/thumb/v7-m/nofp/libc_nano.a(libc_a-__atexit.o)
                              /usr/lib/gcc/arm-none-eabi/13.2.1/../../../arm-none-eabi/lib/thumb/v7-m/nofp/libc_nano.a(libc_a-atexit.o) (__register_exitproc)
/usr/lib/gcc/arm-none-eabi/13.2.1/../../../arm-none-eabi/lib/thumb/v7-m/nofp/libc_nano.a(libc_a-mlock.o)
                              /usr/lib/gcc/arm-none-eabi/13.2.1/../../../arm-none-eabi/lib/thumb/v7-m/nofp/libc_nano.a(libc_a-mallocr.o) (__malloc_lock)
/usr/lib/gcc/arm-none-eabi/13.2.1/../../../arm-none-eabi/lib/thumb/v7-m/nofp/libc_nano.a(libc_a-sbrkr.o)
                              /usr/lib/gcc/arm-none-eabi/13.2.1/../../../arm-none-eabi/lib/thumb/v7-m/nofp/libc_nano.a(libc_a-mallocr.o) (_sbrk_r)
/usr/lib/gcc/arm-none-eabi/13.2.1/../../../arm-none-eabi/lib/thumb/v7-m/nofp/libc_nano.a(libc_a-stdio.o)
                              /usr/lib/gcc/arm-none-eabi/13.2.1/../../../arm-none-eabi/lib/thumb/v7-m/nofp/libc_nano.a(libc_a-findfp.o) (__sread)
/usr/lib/gcc/arm-none-eabi/13.2.1/../../../arm-none-eabi/lib/thumb/v7-m/nofp/libc_nano.a(libc_a-impure.o)
                              /usr/lib/gcc/arm-none-eabi/13.2.1/../../../arm-none-eabi/lib/thumb/v7-m/nofp/libc_nano.a(libc_a-fflush.o) (_impure_ptr)
/usr/lib/gcc/arm-none-eabi/13.2.1/../../../arm-none-eabi/lib/thumb/v7-m/nofp/libc_nano.a(libc_a-closer.o)
                              /usr/lib/gcc/arm-none-eabi/13.2.1/../../../arm-none-eabi/lib/thumb/v7-m/nofp/libc_nano.a(libc_a-stdio.o) (_close_r)
/usr/lib/gcc/arm-none-eabi/13.2.1/../../../arm-none-eabi/lib/thumb/v7-m/nofp/libc_nano.a(libc_a-__call_atexit.o)
                              /usr/lib/gcc/arm-none-eabi/13.2.1/../../../arm-none-eabi/lib/thumb/v7-m/nofp/libc_nano.a(libc_a-__atexit.o) (__call_exitprocs)
/usr/lib/gcc/arm-none-eabi/13.2.1/../../../arm-none-eabi/lib/thumb/v7-m/nofp/libc_nano.a(libc_a-readr.o)
                              /usr/lib/gcc/arm-none-eabi/13.2.1/../../../arm-none-eabi/lib/thumb/v7-m/nofp/libc_nano.a(libc_a-stdio.o) (_read_r)
/usr/lib/gcc/arm-none-eabi/13.2.1/../../../arm-none-eabi/lib/thumb/v7-m/nofp/libc_nano.a(libc_a-reent.o)
                              /usr/lib/gcc/arm-none-eabi/13.2.1/../../../arm-none-eabi/lib/thumb/v7-m/nofp/libc_nano.a(libc_a-sbrkr.o) (errno)
/usr/lib/gcc/arm-none-eabi/13.2.1/../../../arm-none-eabi/lib/thumb/v7-m/nofp/libc_nano.a(libc_a-lseekr.o)
[...]
Memory Configuration

Name             Origin             Length             Attributes
RAM              0x20000000         0x00005000         xrw
FLASH            0x08000000         0x00010000         xr
*default*        0x00000000         0xffffffff

Linker script and memory map

LOAD /usr/lib/gcc/arm-none-eabi/13.2.1/thumb/v7-m/nofp/crti.o
LOAD /usr/lib/gcc/arm-none-eabi/13.2.1/thumb/v7-m/nofp/crtbegin.o
LOAD /usr/lib/gcc/arm-none-eabi/13.2.1/../../../arm-none-eabi/lib/thumb/v7-m/nofp/crt0.o
LOAD build/main.o
LOAD build/gpio.o
LOAD build/stm32f1xx_it.o
LOAD build/stm32f1xx_hal_msp.o
LOAD build/stm32f1xx_hal_gpio_ex.o
LOAD build/stm32f1xx_hal.o
LOAD build/stm32f1xx_hal_rcc.o
LOAD build/stm32f1xx_hal_rcc_ex.o
LOAD build/stm32f1xx_hal_gpio.o
LOAD build/stm32f1xx_hal_dma.o
LOAD build/stm32f1xx_hal_cortex.o
LOAD build/stm32f1xx_hal_pwr.o
LOAD build/stm32f1xx_hal_flash.o
LOAD build/stm32f1xx_hal_flash_ex.o
LOAD build/stm32f1xx_hal_exti.o
LOAD build/system_stm32f1xx.o
LOAD build/dma.o
LOAD build/i2c.o
LOAD build/tim.o
LOAD build/usart.o
LOAD build/stm32f1xx_hal_i2c.o
LOAD build/stm32f1xx_hal_tim.o
LOAD build/stm32f1xx_hal_tim_ex.o
LOAD build/stm32f1xx_hal_uart.o
LOAD build/startup_stm32f103xb.o
LOAD build/app.o
LOAD /usr/lib/gcc/arm-none-eabi/13.2.1/../../../arm-none-eabi/lib/thumb/v7-m/nofp/libc_nano.a
LOAD /usr/lib/gcc/arm-none-eabi/13.2.1/../../../arm-none-eabi/lib/thumb/v7-m/nofp/libm.a
LOAD /usr/lib/gcc/arm-none-eabi/13.2.1/../../../arm-none-eabi/lib/thumb/v7-m/nofp/libnosys.a
START GROUP
LOAD /usr/lib/gcc/arm-none-eabi/13.2.1/thumb/v7-m/nofp/libgcc.a
LOAD /usr/lib/gcc/arm-none-eabi/13.2.1/../../../arm-none-eabi/lib/thumb/v7-m/nofp/libc_nano.a
END GROUP
START GROUP
LOAD /usr/lib/gcc/arm-none-eabi/13.2.1/thumb/v7-m/nofp/libgcc.a
LOAD /usr/lib/gcc/arm-none-eabi/13.2.1/../../../arm-none-eabi/lib/thumb/v7-m/nofp/libc_nano.a
END GROUP
LOAD /usr/lib/gcc/arm-none-eabi/13.2.1/thumb/v7-m/nofp/crtend.o
LOAD /usr/lib/gcc/arm-none-eabi/13.2.1/thumb/v7-m/nofp/crtn.o
                0x20005000                        _estack = (ORIGIN (RAM) + LENGTH (RAM))
                0x00000200                        _Min_Heap_Size = 0x200
                0x00000400                        _Min_Stack_Size = 0x400

.isr_vector     0x08000000      0x10c
                0x08000000                        . = ALIGN (0x4)
 *(.isr_vector)
 .isr_vector    0x08000000      0x10c build/startup_stm32f103xb.o
                0x08000000                g_pfnVectors
                0x0800010c                        . = ALIGN (0x4)

.text           0x0800010c     0x2454
                0x0800010c                        . = ALIGN (0x4)
 *(.text)
 .text          0x0800010c       0x88 /usr/lib/gcc/arm-none-eabi/13.2.1/thumb/v7-m/nofp/crtbegin.o
 .text          0x08000194       0x50 /usr/lib/gcc/arm-none-eabi/13.2.1/../../../arm-none-eabi/lib/thumb/v7-m/nofp/libc_nano.a(libc_a-init.o)
                0x08000194                __libc_init_array
 .text          0x080001e4       0xa0 /usr/lib/gcc/arm-none-eabi/13.2.1/../../../arm-none-eabi/lib/thumb/v7-m/nofp/libc_nano.a(libc_a-memset.o)
                0x080001e4                memset
 *(.text*)
 .text.Error_Handler
                0x08000284        0x4 build/main.o
                0x08000284                Error_Handler
 .text.SystemClock_Config
                0x08000288       0x64 build/main.o
                0x08000288                SystemClock_Config
 .text.main     0x080002ec       0x70 build/main.o
                0x080002ec                main
 .text.MX_GPIO_Init
                0x0800035c       0x78 build/gpio.o
                0x0800035c                MX_GPIO_Init
 .text.NMI_Handler
                0x080003d4        0x2 build/stm32f1xx_it.o
                0x080003d4                NMI_Handler
 .text.HardFault_Handler
                0x080003d6        0x2 build/stm32f1xx_it.o
                0x080003d6                HardFault_Handler
 .text.MemManage_Handler
                0x080003d8        0x2 build/stm32f1xx_it.o
                0x080003d8                MemManage_Handler
 .text.BusFault_Handler
                0x080003da        0x2 build/stm32f1xx_it.o
                0x080003da                BusFault_Handler
 .text.UsageFault_Handler
                0x080003dc        0x2 build/stm32f1xx_it.o
                0x080003dc                UsageFault_Handler
 .text.SVC_Handler
                0x080003de        0x2 build/stm32f1xx_it.o
                0x080003de                SVC_Handler
 .text.DebugMon_Handler
                0x080003e0        0x2 build/stm32f1xx_it.o
                0x080003e0                DebugMon_Handler
 .text.PendSV_Handler
                0x080003e2        0x2 build/stm32f1xx_it.o
                0x080003e2                PendSV_Handler
 .text.SysTick_Handler
                0x080003e4        0x8 build/stm32f1xx_it.o
                0x080003e4                SysTick_Handler
 .text.DMA1_Channel4_IRQHandler
                0x080003ec       0x10 build/stm32f1xx_it.o
                0x080003ec                DMA1_Channel4_IRQHandler
 .text.DMA1_Channel5_IRQHandler
                0x080003fc       0x10 build/stm32f1xx_it.o
                0x080003fc                DMA1_Channel5_IRQHandler
 .text.DMA1_Channel6_IRQHandler
                0x0800040c       0x10 build/stm32f1xx_it.o
                0x0800040c                DMA1_Channel6_IRQHandler
 .text.DMA1_Channel7_IRQHandler
                0x0800041c       0x10 build/stm32f1xx_it.o
                0x0800041c                DMA1_Channel7_IRQHandler
 .text.TIM2_IRQHandler
                0x0800042c       0x10 build/stm32f1xx_it.o
                0x0800042c                TIM2_IRQHandler
 .text.USART1_IRQHandler
                0x0800043c       0x10 build/stm32f1xx_it.o
                0x0800043c                USART1_IRQHandler
 .text.USART2_IRQHandler
                0x0800044c       0x10 build/stm32f1xx_it.o
                0x0800044c                USART2_IRQHandler
 .text.HAL_MspInit
                0x0800045c       0x44 build/stm32f1xx_hal_msp.o
                0x0800045c                HAL_MspInit
 .text.HAL_InitTick
                0x080004a0       0x4c build/stm32f1xx_hal.o
                0x080004a0                HAL_InitTick
 .text.HAL_Init
                0x080004ec       0x24 build/stm32f1xx_hal.o
                0x080004ec                HAL_Init
 .text.HAL_IncTick
                0x08000510       0x18 build/stm32f1xx_hal.o
                0x08000510                HAL_IncTick
 .text.HAL_GetTick
                0x08000528        0xc build/stm32f1xx_hal.o
                0x08000528                HAL_GetTick
 .text.RCC_Delay
                0x08000534       0x2c build/stm32f1xx_hal_rcc.o
 .text.HAL_RCC_OscConfig
                0x08000560      0x410 build/stm32f1xx_hal_rcc.o
                0x08000560                HAL_RCC_OscConfig
 .text.HAL_RCC_GetSysClockFreq
                0x08000970       0x54 build/stm32f1xx_hal_rcc.o
                0x08000970                HAL_RCC_GetSysClockFreq
 .text.HAL_RCC_ClockConfig
                0x080009c4      0x16c build/stm32f1xx_hal_rcc.o
                0x080009c4                HAL_RCC_ClockConfig
 .text.HAL_RCC_GetHCLKFreq
                0x08000b30        0xc build/stm32f1xx_hal_rcc.o
                0x08000b30                HAL_RCC_GetHCLKFreq
 .text.HAL_RCC_GetPCLK1Freq
                0x08000b3c       0x20 build/stm32f1xx_hal_rcc.o
                0x08000b3c                HAL_RCC_GetPCLK1Freq
 .text.HAL_RCC_GetPCLK2Freq
                0x08000b5c       0x20 build/stm32f1xx_hal_rcc.o
                0x08000b5c                HAL_RCC_GetPCLK2Freq
 .text.HAL_GPIO_Init
                0x08000b7c      0x21c build/stm32f1xx_hal_gpio.o
                0x08000b7c                HAL_GPIO_Init
 .text.HAL_GPIO_WritePin
                0x08000d98        0xc build/stm32f1xx_hal_gpio.o
                0x08000d98                HAL_GPIO_WritePin
 .text.HAL_DMA_Init
                0x08000da4       0x68 build/stm32f1xx_hal_dma.o
                0x08000da4                HAL_DMA_Init
 .text.HAL_DMA_Abort
                0x08000e0c       0x46 build/stm32f1xx_hal_dma.o
                0x08000e0c                HAL_DMA_Abort
 *fill*         0x08000e52        0x2 
 .text.HAL_DMA_Abort_IT
                0x08000e54       0x98 build/stm32f1xx_hal_dma.o
                0x08000e54                HAL_DMA_Abort_IT
 .text.HAL_DMA_IRQHandler
                0x08000eec      0x144 build/stm32f1xx_hal_dma.o
                0x08000eec                HAL_DMA_IRQHandler
 .text.__NVIC_SetPriority
                0x08001030       0x28 build/stm32f1xx_hal_cortex.o
 .text.NVIC_EncodePriority
                0x08001058       0x3e build/stm32f1xx_hal_cortex.o
 *fill*         0x08001096        0x2 
 .text.HAL_NVIC_SetPriorityGrouping
                0x08001098       0x24 build/stm32f1xx_hal_cortex.o
                0x08001098                HAL_NVIC_SetPriorityGrouping
 .text.HAL_NVIC_SetPriority
                0x080010bc       0x20 build/stm32f1xx_hal_cortex.o
                0x080010bc                HAL_NVIC_SetPriority
 .text.HAL_NVIC_EnableIRQ
                0x080010dc       0x1c build/stm32f1xx_hal_cortex.o
                0x080010dc                HAL_NVIC_EnableIRQ
 .text.HAL_SYSTICK_Config
                0x080010f8       0x28 build/stm32f1xx_hal_cortex.o
                0x080010f8                HAL_SYSTICK_Config
 .text.SystemInit
                0x08001120        0x2 build/system_stm32f1xx.o
                0x08001120                SystemInit
 *fill*         0x08001122        0x2 
 .text.MX_DMA_Init
                0x08001124       0x64 build/dma.o
                0x08001124                MX_DMA_Init
 .text.MX_I2C1_Init
                0x08001188       0x3c build/i2c.o
                0x08001188                MX_I2C1_Init
 .text.HAL_I2C_MspInit
                0x080011c4       0x64 build/i2c.o
                0x080011c4                HAL_I2C_MspInit
 .text.MX_TIM2_Init
                0x08001228       0x64 build/tim.o
                0x08001228                MX_TIM2_Init
 .text.HAL_TIM_Encoder_MspInit
                0x0800128c       0x68 build/tim.o
                0x0800128c                HAL_TIM_Encoder_MspInit
 .text.HAL_TIM_PWM_MspInit
                0x080012f4       0x2c build/tim.o
                0x080012f4                HAL_TIM_PWM_MspInit
 .text.HAL_TIM_MspPostInit
                0x08001320       0x50 build/tim.o
                0x08001320                HAL_TIM_MspPostInit
 .text.MX_TIM3_Init
                0x08001370       0x80 build/tim.o
                0x08001370                MX_TIM3_Init
 .text.MX_USART1_UART_Init
                0x080013f0       0x34 build/usart.o
                0x080013f0                MX_USART1_UART_Init
 .text.MX_USART2_UART_Init
                0x08001424       0x34 build/usart.o
                0x08001424                MX_USART2_UART_Init
 .text.HAL_UART_MspInit
                0x08001458      0x1c0 build/usart.o
                0x08001458                HAL_UART_MspInit
 .text.HAL_I2C_Init
                0x08001618      0x1bc build/stm32f1xx_hal_i2c.o
                0x08001618                HAL_I2C_Init
 .text.TIM_OC1_SetConfig
                0x080017d4       0x54 build/stm32f1xx_hal_tim.o
 .text.TIM_OC3_SetConfig
                0x08001828       0x5c build/stm32f1xx_hal_tim.o
 .text.TIM_OC4_SetConfig
                0x08001884       0x48 build/stm32f1xx_hal_tim.o
 .text.HAL_TIM_PeriodElapsedCallback
                0x080018cc        0x2 build/stm32f1xx_hal_tim.o
                0x080018cc                HAL_TIM_PeriodElapsedCallback
 .text.HAL_TIM_OC_DelayElapsedCallback
                0x080018ce        0x2 build/stm32f1xx_hal_tim.o
                0x080018ce                HAL_TIM_OC_DelayElapsedCallback
 .text.HAL_TIM_IC_CaptureCallback
                0x080018d0        0x2 build/stm32f1xx_hal_tim.o
                0x080018d0                HAL_TIM_IC_CaptureCallback
 .text.HAL_TIM_PWM_PulseFinishedCallback
                0x080018d2        0x2 build/stm32f1xx_hal_tim.o
                0x080018d2                HAL_TIM_PWM_PulseFinishedCallback
 .text.HAL_TIM_TriggerCallback
                0x080018d4        0x2 build/stm32f1xx_hal_tim.o
                0x080018d4                HAL_TIM_TriggerCallback
 .text.HAL_TIM_IRQHandler
                0x080018d6      0x15e build/stm32f1xx_hal_tim.o
                0x080018d6                HAL_TIM_IRQHandler
 .text.TIM_Base_SetConfig
                0x08001a34       0x84 build/stm32f1xx_hal_tim.o
                0x08001a34                TIM_Base_SetConfig
 .text.HAL_TIM_PWM_Init
                0x08001ab8       0x58 build/stm32f1xx_hal_tim.o
                0x08001ab8                HAL_TIM_PWM_Init
 .text.HAL_TIM_Encoder_Init
                0x08001b10       0xb6 build/stm32f1xx_hal_tim.o
                0x08001b10                HAL_TIM_Encoder_Init
 *fill*         0x08001bc6        0x2 
 .text.TIM_OC2_SetConfig
                0x08001bc8       0x5c build/stm32f1xx_hal_tim.o
                0x08001bc8                TIM_OC2_SetConfig
 .text.HAL_TIM_PWM_ConfigChannel
                0x08001c24       0xdc build/stm32f1xx_hal_tim.o
                0x08001c24                HAL_TIM_PWM_ConfigChannel
 .text.TIM_CCxChannelCmd
                0x08001d00       0x1e build/stm32f1xx_hal_tim.o
                0x08001d00                TIM_CCxChannelCmd
 .text.HAL_TIM_Encoder_Start
                0x08001d1e       0xcc build/stm32f1xx_hal_tim.o
                0x08001d1e                HAL_TIM_Encoder_Start
 *fill*         0x08001dea        0x2 
 .text.HAL_TIMEx_MasterConfigSynchronization
                0x08001dec       0x6c build/stm32f1xx_hal_tim_ex.o
                0x08001dec                HAL_TIMEx_MasterConfigSynchronization
 .text.HAL_TIMEx_CommutCallback
                0x08001e58        0x2 build/stm32f1xx_hal_tim_ex.o
                0x08001e58                HAL_TIMEx_CommutCallback
 .text.HAL_TIMEx_BreakCallback
                0x08001e5a        0x2 build/stm32f1xx_hal_tim_ex.o
                0x08001e5a                HAL_TIMEx_BreakCallback
 .text.UART_EndRxTransfer
                0x08001e5c       0x5c build/stm32f1xx_hal_uart.o
 .text.UART_Transmit_IT
                0x08001eb8       0x60 build/stm32f1xx_hal_uart.o
 .text.UART_SetConfig
                0x08001f18       0x94 build/stm32f1xx_hal_uart.o
 .text.UART_WaitOnFlagUntilTimeout
                0x08001fac       0x86 build/stm32f1xx_hal_uart.o
 .text.HAL_UART_Init
                0x08002032       0x60 build/stm32f1xx_hal_uart.o
                0x08002032                HAL_UART_Init
 .text.HAL_UART_Transmit
                0x08002092       0xcc build/stm32f1xx_hal_uart.o
                0x08002092                HAL_UART_Transmit
 .text.HAL_UART_TxCpltCallback
                0x0800215e        0x2 build/stm32f1xx_hal_uart.o
                0x0800215e                HAL_UART_TxCpltCallback
 .text.UART_EndTransmit_IT
                0x08002160       0x1a build/stm32f1xx_hal_uart.o
 .text.HAL_UART_RxCpltCallback
                0x0800217a        0x2 build/stm32f1xx_hal_uart.o
                0x0800217a                HAL_UART_RxCpltCallback
 .text.HAL_UART_ErrorCallback
                0x0800217c        0x2 build/stm32f1xx_hal_uart.o
                0x0800217c                HAL_UART_ErrorCallback
 .text.UART_DMAAbortOnError
                0x0800217e       0x10 build/stm32f1xx_hal_uart.o
 .text.HAL_UARTEx_RxEventCallback
                0x0800218e        0x2 build/stm32f1xx_hal_uart.o
                0x0800218e                HAL_UARTEx_RxEventCallback
 .text.UART_Receive_IT
                0x08002190       0xe6 build/stm32f1xx_hal_uart.o
 *fill*         0x08002276        0x2 
 .text.HAL_UART_IRQHandler
                0x08002278      0x284 build/stm32f1xx_hal_uart.o
                0x08002278                HAL_UART_IRQHandler
 .text.Reset_Handler
                0x080024fc       0x48 build/startup_stm32f103xb.o
                0x080024fc                Reset_Handler
 .text.Default_Handler
                0x08002544        0x2 build/startup_stm32f103xb.o
                0x08002544                RTC_Alarm_IRQHandler
                0x08002544                EXTI2_IRQHandler
                0x08002544                TIM1_CC_IRQHandler
                0x08002544                PVD_IRQHandler
                0x08002544                EXTI3_IRQHandler
                0x08002544                EXTI0_IRQHandler
                0x08002544                I2C2_EV_IRQHandler
                0x08002544                ADC1_2_IRQHandler
                0x08002544                SPI1_IRQHandler
                0x08002544                TAMPER_IRQHandler
                0x08002544                USART3_IRQHandler
                0x08002544                RTC_IRQHandler
                0x08002544                CAN1_RX1_IRQHandler
                0x08002544                TIM4_IRQHandler
                0x08002544                I2C1_EV_IRQHandler
                0x08002544                TIM3_IRQHandler
                0x08002544                RCC_IRQHandler
                0x08002544                TIM1_TRG_COM_IRQHandler
                0x08002544                DMA1_Channel1_IRQHandler
                0x08002544                Default_Handler
                0x08002544                EXTI15_10_IRQHandler
                0x08002544                EXTI9_5_IRQHandler
                0x08002544                SPI2_IRQHandler
                0x08002544                EXTI4_IRQHandler
                0x08002544                USB_LP_CAN1_RX0_IRQHandler
                0x08002544                USB_HP_CAN1_TX_IRQHandler
                0x08002544                DMA1_Channel3_IRQHandler
                0x08002544                TIM1_UP_IRQHandler
                0x08002544                WWDG_IRQHandler
                0x08002544                TIM1_BRK_IRQHandler
                0x08002544                EXTI1_IRQHandler
                0x08002544                I2C2_ER_IRQHandler
                0x08002544                DMA1_Channel2_IRQHandler
                0x08002544                CAN1_SCE_IRQHandler
                0x08002544                FLASH_IRQHandler
                0x08002544                I2C1_ER_IRQHandler
                0x08002544                USBWakeUp_IRQHandler
 .text.setup    0x08002546        0x2 build/app.o
                0x08002546                setup
 *(.glue_7)
 .glue_7        0x08002548        0x0 linker stubs
 *(.glue_7t)
 .glue_7t       0x08002548        0x0 linker stubs
 *(.eh_frame)
 .eh_frame      0x08002548        0x0 /usr/lib/gcc/arm-none-eabi/13.2.1/thumb/v7-m/nofp/crtbegin.o
 *(.init)
 .init          0x08002548        0x4 /usr/lib/gcc/arm-none-eabi/13.2.1/thumb/v7-m/nofp/crti.o
                0x08002548                _init
 .init          0x0800254c        0x8 /usr/lib/gcc/arm-none-eabi/13.2.1/thumb/v7-m/nofp/crtn.o
 *(.fini)
 .fini          0x08002554        0x4 /usr/lib/gcc/arm-none-eabi/13.2.1/thumb/v7-m/nofp/crti.o
                0x08002554                _fini
 .fini          0x08002558        0x8 /usr/lib/gcc/arm-none-eabi/13.2.1/thumb/v7-m/nofp/crtn.o
                0x08002560                        . = ALIGN (0x4)
                0x08002560                        _etext = .

.vfp11_veneer   0x08002560        0x0
 .vfp11_veneer  0x08002560        0x0 linker stubs

.v4_bx          0x08002560        0x0
 .v4_bx         0x08002560        0x0 linker stubs

.iplt           0x08002560        0x0
 .iplt          0x08002560        0x0 /usr/lib/gcc/arm-none-eabi/13.2.1/thumb/v7-m/nofp/crtbegin.o

.rodata         0x08002560       0x3c
                0x08002560                        . = ALIGN (0x4)
 *(.rodata)
 *(.rodata*)
 .rodata.main.str1.4
                0x08002560        0xd build/main.o
 *fill*         0x0800256d        0x3 
 .rodata.aPredivFactorTable.0
                0x08002570        0x2 build/stm32f1xx_hal_rcc.o
 *fill*         0x08002572        0x2 
 .rodata.aPLLMULFactorTable.1
                0x08002574       0x10 build/stm32f1xx_hal_rcc.o
 .rodata.APBPrescTable
                0x08002584        0x8 build/system_stm32f1xx.o
                0x08002584                APBPrescTable
 .rodata.AHBPrescTable
                0x0800258c       0x10 build/system_stm32f1xx.o
                0x0800258c                AHBPrescTable
                0x0800259c                        . = ALIGN (0x4)

.ARM.extab      0x0800259c        0x0
                0x0800259c                        . = ALIGN (0x4)
 *(.ARM.extab* .gnu.linkonce.armextab.*)
                0x0800259c                        . = ALIGN (0x4)

.ARM            0x0800259c        0x8
                0x0800259c                        . = ALIGN (0x4)
                0x0800259c                        __exidx_start = .
 *(.ARM.exidx*)
 .ARM.exidx.text.setup
                0x0800259c        0x8 build/app.o
                0x080025a4                        __exidx_end = .
                0x080025a4                        . = ALIGN (0x4)

.preinit_array  0x080025a4        0x0
                0x080025a4                        . = ALIGN (0x4)
                0x080025a4                        PROVIDE (__preinit_array_start = .)
 *(.preinit_array*)
                0x080025a4                        PROVIDE (__preinit_array_end = .)
                0x080025a4                        . = ALIGN (0x4)

.init_array     0x080025a4        0x4
                0x080025a4                        . = ALIGN (0x4)
                0x080025a4                        PROVIDE (__init_array_start = .)
 *(SORT_BY_NAME(.init_array.*))
 *(.init_array*)
 .init_array    0x080025a4        0x4 /usr/lib/gcc/arm-none-eabi/13.2.1/thumb/v7-m/nofp/crtbegin.o
                0x080025a8                        PROVIDE (__init_array_end = .)
                0x080025a8                        . = ALIGN (0x4)

.fini_array     0x080025a8        0x4
                0x080025a8                        . = ALIGN (0x4)
                0x080025a8                        PROVIDE (__fini_array_start = .)
 *(SORT_BY_NAME(.fini_array.*))
 *(.fini_array*)
 .fini_array    0x080025a8        0x4 /usr/lib/gcc/arm-none-eabi/13.2.1/thumb/v7-m/nofp/crtbegin.o
                0x080025ac                        PROVIDE (__fini_array_end = .)
                0x080025ac                        . = ALIGN (0x4)
                0x080025ac                        _sidata = LOADADDR (.data)

.rel.dyn        0x080025ac        0x0
 .rel.iplt      0x080025ac        0x0 /usr/lib/gcc/arm-none-eabi/13.2.1/thumb/v7-m/nofp/crtbegin.o

.data           0x20000000        0xc load address 0x080025ac
                0x20000000                        . = ALIGN (0x4)
                0x20000000                        _sdata = .
 *(.data)
 *(.data*)
 .data.uwTickFreq
                0x20000000        0x1 build/stm32f1xx_hal.o
                0x20000000                uwTickFreq
 *fill*         0x20000001        0x3 
 .data.uwTickPrio
                0x20000004        0x4 build/stm32f1xx_hal.o
                0x20000004                uwTickPrio
 .data.SystemCoreClock
                0x20000008        0x4 build/system_stm32f1xx.o
                0x20000008                SystemCoreClock
 *(.RamFunc)
 *(.RamFunc*)
                0x2000000c                        . = ALIGN (0x4)
                0x2000000c                        _edata = .

.tm_clone_table
                0x2000000c        0x0 load address 0x080025b8
 .tm_clone_table
                0x2000000c        0x0 /usr/lib/gcc/arm-none-eabi/13.2.1/thumb/v7-m/nofp/crtbegin.o
 .tm_clone_table
                0x2000000c        0x0 /usr/lib/gcc/arm-none-eabi/13.2.1/thumb/v7-m/nofp/crtend.o

.igot.plt       0x2000000c        0x0 load address 0x080025b8
 .igot.plt      0x2000000c        0x0 /usr/lib/gcc/arm-none-eabi/13.2.1/thumb/v7-m/nofp/crtbegin.o
                0x2000000c                        . = ALIGN (0x4)

.bss            0x2000000c      0x2a4 load address 0x080025b8
                0x2000000c                        _sbss = .
                0x2000000c                        __bss_start__ = _sbss
 *(.bss)
 .bss           0x2000000c       0x1c /usr/lib/gcc/arm-none-eabi/13.2.1/thumb/v7-m/nofp/crtbegin.o
 *(.bss*)
 .bss.uwTick    0x20000028        0x4 build/stm32f1xx_hal.o
                0x20000028                uwTick
 .bss.hi2c1     0x2000002c       0x54 build/i2c.o
                0x2000002c                hi2c1
 .bss.htim3     0x20000080       0x48 build/tim.o
                0x20000080                htim3
 .bss.htim2     0x200000c8       0x48 build/tim.o
                0x200000c8                htim2
 .bss.hdma_usart2_tx
                0x20000110       0x44 build/usart.o
                0x20000110                hdma_usart2_tx
 .bss.hdma_usart2_rx
                0x20000154       0x44 build/usart.o
                0x20000154                hdma_usart2_rx
 .bss.hdma_usart1_tx
                0x20000198       0x44 build/usart.o
                0x20000198                hdma_usart1_tx
 .bss.hdma_usart1_rx
                0x200001dc       0x44 build/usart.o
                0x200001dc                hdma_usart1_rx
 .bss.huart2    0x20000220       0x48 build/usart.o
                0x20000220                huart2
 .bss.huart1    0x20000268       0x48 build/usart.o
                0x20000268                huart1
 *(COMMON)
                0x200002b0                        . = ALIGN (0x4)
                0x200002b0                        _ebss = .
                0x200002b0                        __bss_end__ = _ebss

._user_heap_stack
                0x200002b0      0x600 load address 0x080025b8
                0x200002b0                        . = ALIGN (0x8)
                0x200002b0                        PROVIDE (end = .)
                [!provide]                        PROVIDE (_end = .)
                0x200004b0                        . = (. + _Min_Heap_Size)
 *fill*         0x200002b0      0x200 
                0x200008b0                        . = (. + _Min_Stack_Size)
 *fill*         0x200004b0      0x400 
                0x200008b0                        . = ALIGN (0x8)

/DISCARD/
 libc.a(*)
 libm.a(*)
 libgcc.a(*)
OUTPUT(build/Triangle.elf elf32-littlearm)
LOAD linker stubs
LOAD /usr/lib/gcc/arm-none-eabi/13.2.1/../../../arm-none-eabi/lib/thumb/v7-m/nofp/libc.a
LOAD /usr/lib/gcc/arm-none-eabi/13.2.1/../../../arm-none-eabi/lib/thumb/v7-m/nofp/libm.a
LOAD /usr/lib/gcc/arm-none-eabi/13.2.1/thumb/v7-m/nofp/libgcc.a

.ARM.attributes
                0x00000000       0x29
 .ARM.attributes
                0x00000000       0x1d /usr/lib/gcc/arm-none-eabi/13.2.1/thumb/v7-m/nofp/crti.o
 .ARM.attributes
                0x0000001d       0x2d /usr/lib/gcc/arm-none-eabi/13.2.1/thumb/v7-m/nofp/crtbegin.o
 .ARM.attributes
                0x0000004a       0x2d build/main.o
 .ARM.attributes
                0x00000077       0x2d build/gpio.o
 .ARM.attributes
                0x000000a4       0x2d build/stm32f1xx_it.o
 .ARM.attributes
                0x000000d1       0x2d build/stm32f1xx_hal_msp.o
 .ARM.attributes
                0x000000fe       0x2d build/stm32f1xx_hal.o
 .ARM.attributes
                0x0000012b       0x2d build/stm32f1xx_hal_rcc.o
 .ARM.attributes
                0x00000158       0x2d build/stm32f1xx_hal_gpio.o
 .ARM.attributes
                0x00000185       0x2d build/stm32f1xx_hal_dma.o
 .ARM.attributes
                0x000001b2       0x2d build/stm32f1xx_hal_cortex.o
 .ARM.attributes
                0x000001df       0x2d build/system_stm32f1xx.o
 .ARM.attributes
                0x0000020c       0x2d build/dma.o
 .ARM.attributes
                0x00000239       0x2d build/i2c.o
 .ARM.attributes
                0x00000266       0x2d build/tim.o
 .ARM.attributes
                0x00000293       0x2d build/usart.o
 .ARM.attributes
                0x000002c0       0x2d build/stm32f1xx_hal_i2c.o
 .ARM.attributes
                0x000002ed       0x2d build/stm32f1xx_hal_tim.o
 .ARM.attributes
                0x0000031a       0x2d build/stm32f1xx_hal_tim_ex.o
 .ARM.attributes
                0x00000347       0x2d build/stm32f1xx_hal_uart.o
 .ARM.attributes
                0x00000374       0x21 build/startup_stm32f103xb.o
 .ARM.attributes
                0x00000395       0x2d build/app.o
 .ARM.attributes
                0x000003c2       0x2d /usr/lib/gcc/arm-none-eabi/13.2.1/../../../arm-none-eabi/lib/thumb/v7-m/nofp/libc_nano.a(libc_a-init.o)
 .ARM.attributes
                0x000003ef       0x2d /usr/lib/gcc/arm-none-eabi/13.2.1/../../../arm-none-eabi/lib/thumb/v7-m/nofp/libc_nano.a(libc_a-memset.o)
 .ARM.attributes
                0x0000041c       0x2d /usr/lib/gcc/arm-none-eabi/13.2.1/thumb/v7-m/nofp/crtend.o
 .ARM.attributes
                0x00000449       0x1d /usr/lib/gcc/arm-none-eabi/13.2.1/thumb/v7-m/nofp/crtn.o

.comment        0x00000000       0x26
 .comment       0x00000000       0x26 /usr/lib/gcc/arm-none-eabi/13.2.1/thumb/v7-m/nofp/crtbegin.o
                                 0x27 (size before relaxing)
 .comment       0x00000026       0x27 build/main.o
 .comment       0x00000026       0x27 build/gpio.o
 .comment       0x00000026       0x27 build/stm32f1xx_it.o
 .comment       0x00000026       0x27 build/stm32f1xx_hal_msp.o
 .comment       0x00000026       0x27 build/stm32f1xx_hal.o
 .comment       0x00000026       0x27 build/stm32f1xx_hal_rcc.o
 .comment       0x00000026       0x27 build/stm32f1xx_hal_gpio.o
 .comment       0x00000026       0x27 build/stm32f1xx_hal_dma.o
 .comment       0x00000026       0x27 build/stm32f1xx_hal_cortex.o
 .comment       0x00000026       0x27 build/system_stm32f1xx.o
 .comment       0x00000026       0x27 build/dma.o
 .comment       0x00000026       0x27 build/i2c.o
 .comment       0x00000026       0x27 build/tim.o
 .comment       0x00000026       0x27 build/usart.o
 .comment       0x00000026       0x27 build/stm32f1xx_hal_i2c.o
 .comment       0x00000026       0x27 build/stm32f1xx_hal_tim.o
 .comment       0x00000026       0x27 build/stm32f1xx_hal_tim_ex.o
 .comment       0x00000026       0x27 build/stm32f1xx_hal_uart.o
 .comment       0x00000026       0x27 build/app.o
 .comment       0x00000026       0x27 /usr/lib/gcc/arm-none-eabi/13.2.1/../../../arm-none-eabi/lib/thumb/v7-m/nofp/libc_nano.a(libc_a-init.o)
 .comment       0x00000026       0x27 /usr/lib/gcc/arm-none-eabi/13.2.1/../../../arm-none-eabi/lib/thumb/v7-m/nofp/libc_nano.a(libc_a-memset.o)
 .comment       0x00000026       0x27 /usr/lib/gcc/arm-none-eabi/13.2.1/thumb/v7-m/nofp/crtend.o

.debug_info     0x00000000    0x15ed9
 .debug_info    0x00000000      0xd79 build/main.o
 .debug_info    0x00000d79      0x346 build/gpio.o
 .debug_info    0x000010bf      0xbc8 build/stm32f1xx_it.o
 .debug_info    0x00001c87      0x22c build/stm32f1xx_hal_msp.o
 .debug_info    0x00001eb3      0x874 build/stm32f1xx_hal.o
 .debug_info    0x00002727      0xaec build/stm32f1xx_hal_rcc.o
 .debug_info    0x00003213      0x6bf build/stm32f1xx_hal_gpio.o
 .debug_info    0x000038d2      0x8c9 build/stm32f1xx_hal_dma.o
 .debug_info    0x0000419b      0xe1b build/stm32f1xx_hal_cortex.o
 .debug_info    0x00004fb6      0x256 build/system_stm32f1xx.o
 .debug_info    0x0000520c      0x3b9 build/dma.o
 .debug_info    0x000055c5      0x972 build/i2c.o
 .debug_info    0x00005f37      0xfd2 build/tim.o
 .debug_info    0x00006f09      0xd5b build/usart.o
 .debug_info    0x00007c64     0x3d03 build/stm32f1xx_hal_i2c.o
 .debug_info    0x0000b967     0x412e build/stm32f1xx_hal_tim.o
 .debug_info    0x0000fa95     0x1d37 build/stm32f1xx_hal_tim_ex.o
 .debug_info    0x000117cc     0x42eb build/stm32f1xx_hal_uart.o
 .debug_info    0x00015ab7       0x30 build/startup_stm32f103xb.o
 .debug_info    0x00015ae7      0x1b2 build/app.o
 .debug_info    0x00015c99      0x10b /usr/lib/gcc/arm-none-eabi/13.2.1/../../../arm-none-eabi/lib/thumb/v7-m/nofp/libc_nano.a(libc_a-init.o)
 .debug_info    0x00015da4      0x135 /usr/lib/gcc/arm-none-eabi/13.2.1/../../../arm-none-eabi/lib/thumb/v7-m/nofp/libc_nano.a(libc_a-memset.o)

.debug_abbrev   0x00000000     0x2b38
 .debug_abbrev  0x00000000      0x276 build/main.o
 .debug_abbrev  0x00000276      0x14e build/gpio.o
 .debug_abbrev  0x000003c4      0x1b3 build/stm32f1xx_it.o
 .debug_abbrev  0x00000577       0xe7 build/stm32f1xx_hal_msp.o
 .debug_abbrev  0x0000065e      0x232 build/stm32f1xx_hal.o
 .debug_abbrev  0x00000890      0x2d6 build/stm32f1xx_hal_rcc.o
 .debug_abbrev  0x00000b66      0x222 build/stm32f1xx_hal_gpio.o
 .debug_abbrev  0x00000d88      0x261 build/stm32f1xx_hal_dma.o
 .debug_abbrev  0x00000fe9      0x3aa build/stm32f1xx_hal_cortex.o
 .debug_abbrev  0x00001393      0x140 build/system_stm32f1xx.o
 .debug_abbrev  0x000014d3      0x11d build/dma.o
 .debug_abbrev  0x000015f0      0x1f6 build/i2c.o
 .debug_abbrev  0x000017e6      0x285 build/tim.o
 .debug_abbrev  0x00001a6b      0x22e build/usart.o
 .debug_abbrev  0x00001c99      0x31e build/stm32f1xx_hal_i2c.o
 .debug_abbrev  0x00001fb7      0x2bd build/stm32f1xx_hal_tim.o
 .debug_abbrev  0x00002274      0x2b7 build/stm32f1xx_hal_tim_ex.o
 .debug_abbrev  0x0000252b      0x35f build/stm32f1xx_hal_uart.o
 .debug_abbrev  0x0000288a       0x1d build/startup_stm32f103xb.o
 .debug_abbrev  0x000028a7      0x111 build/app.o
 .debug_abbrev  0x000029b8       0xc9 /usr/lib/gcc/arm-none-eabi/13.2.1/../../../arm-none-eabi/lib/thumb/v7-m/nofp/libc_nano.a(libc_a-init.o)
 .debug_abbrev  0x00002a81       0xb7 /usr/lib/gcc/arm-none-eabi/13.2.1/../../../arm-none-eabi/lib/thumb/v7-m/nofp/libc_nano.a(libc_a-memset.o)

.debug_loc      0x00000000    0x1520a
 .debug_loc     0x00000000       0x72 build/main.o
 .debug_loc     0x00000072       0x38 build/gpio.o
 .debug_loc     0x000000aa      0x100 build/stm32f1xx_it.o
 .debug_loc     0x000001aa       0x41 build/stm32f1xx_hal_msp.o
 .debug_loc     0x000001eb      0x1f9 build/stm32f1xx_hal.o
 .debug_loc     0x000003e4      0x7c6 build/stm32f1xx_hal_rcc.o
 .debug_loc     0x00000baa      0x56c build/stm32f1xx_hal_gpio.o
 .debug_loc     0x00001116      0x990 build/stm32f1xx_hal_dma.o
 .debug_loc     0x00001aa6      0x8b4 build/stm32f1xx_hal_cortex.o
 .debug_loc     0x0000235a      0x11b build/system_stm32f1xx.o
 .debug_loc     0x00002475       0x38 build/dma.o
 .debug_loc     0x000024ad       0xfd build/i2c.o
 .debug_loc     0x000025aa      0x246 build/tim.o
 .debug_loc     0x000027f0      0x150 build/usart.o
 .debug_loc     0x00002940     0x54d3 build/stm32f1xx_hal_i2c.o
 .debug_loc     0x00007e13     0x6168 build/stm32f1xx_hal_tim.o
 .debug_loc     0x0000df7b     0x227b build/stm32f1xx_hal_tim_ex.o
 .debug_loc     0x000101f6     0x4ff4 build/stm32f1xx_hal_uart.o
 .debug_loc     0x000151ea       0x20 build/app.o

.debug_aranges  0x00000000      0xf88
 .debug_aranges
                0x00000000       0x30 build/main.o
 .debug_aranges
                0x00000030       0x20 build/gpio.o
 .debug_aranges
                0x00000050       0x98 build/stm32f1xx_it.o
 .debug_aranges
                0x000000e8       0x20 build/stm32f1xx_hal_msp.o
 .debug_aranges
                0x00000108       0xe0 build/stm32f1xx_hal.o
 .debug_aranges
                0x000001e8       0x90 build/stm32f1xx_hal_rcc.o
 .debug_aranges
                0x00000278       0x58 build/stm32f1xx_hal_gpio.o
 .debug_aranges
                0x000002d0       0x80 build/stm32f1xx_hal_dma.o
 .debug_aranges
                0x00000350       0xc0 build/stm32f1xx_hal_cortex.o
 .debug_aranges
                0x00000410       0x28 build/system_stm32f1xx.o
 .debug_aranges
                0x00000438       0x20 build/dma.o
 .debug_aranges
                0x00000458       0x30 build/i2c.o
 .debug_aranges
                0x00000488       0x50 build/tim.o
 .debug_aranges
                0x000004d8       0x38 build/usart.o
 .debug_aranges
                0x00000510      0x2a8 build/stm32f1xx_hal_i2c.o
 .debug_aranges
                0x000007b8      0x3d0 build/stm32f1xx_hal_tim.o
 .debug_aranges
                0x00000b88      0x168 build/stm32f1xx_hal_tim_ex.o
 .debug_aranges
                0x00000cf0      0x208 build/stm32f1xx_hal_uart.o
 .debug_aranges
                0x00000ef8       0x28 build/startup_stm32f103xb.o
 .debug_aranges
                0x00000f20       0x28 build/app.o
 .debug_aranges
                0x00000f48       0x20 /usr/lib/gcc/arm-none-eabi/13.2.1/../../../arm-none-eabi/lib/thumb/v7-m/nofp/libc_nano.a(libc_a-init.o)
 .debug_aranges
                0x00000f68       0x20 /usr/lib/gcc/arm-none-eabi/13.2.1/../../../arm-none-eabi/lib/thumb/v7-m/nofp/libc_nano.a(libc_a-memset.o)

.debug_ranges   0x00000000      0xe60
 .debug_ranges  0x00000000       0x20 build/main.o
 .debug_ranges  0x00000020       0x10 build/gpio.o
 .debug_ranges  0x00000030       0x88 build/stm32f1xx_it.o
 .debug_ranges  0x000000b8       0x10 build/stm32f1xx_hal_msp.o
 .debug_ranges  0x000000c8       0xd0 build/stm32f1xx_hal.o
 .debug_ranges  0x00000198       0xa0 build/stm32f1xx_hal_rcc.o
 .debug_ranges  0x00000238       0x48 build/stm32f1xx_hal_gpio.o
 .debug_ranges  0x00000280       0x70 build/stm32f1xx_hal_dma.o
 .debug_ranges  0x000002f0       0xb0 build/stm32f1xx_hal_cortex.o
 .debug_ranges  0x000003a0       0x18 build/system_stm32f1xx.o
 .debug_ranges  0x000003b8       0x10 build/dma.o
 .debug_ranges  0x000003c8       0x20 build/i2c.o
 .debug_ranges  0x000003e8       0x40 build/tim.o
 .debug_ranges  0x00000428       0x28 build/usart.o
 .debug_ranges  0x00000450      0x2b0 build/stm32f1xx_hal_i2c.o
 .debug_ranges  0x00000700      0x3c0 build/stm32f1xx_hal_tim.o
 .debug_ranges  0x00000ac0      0x158 build/stm32f1xx_hal_tim_ex.o
 .debug_ranges  0x00000c18      0x210 build/stm32f1xx_hal_uart.o
 .debug_ranges  0x00000e28       0x20 build/startup_stm32f103xb.o
 .debug_ranges  0x00000e48       0x18 build/app.o

.debug_line     0x00000000    0x127d9
 .debug_line    0x00000000      0x2ee build/main.o
 .debug_line    0x000002ee      0x12d build/gpio.o
 .debug_line    0x0000041b      0x2ba build/stm32f1xx_it.o
 .debug_line    0x000006d5       0xd7 build/stm32f1xx_hal_msp.o
 .debug_line    0x000007ac      0x489 build/stm32f1xx_hal.o
 .debug_line    0x00000c35      0xc05 build/stm32f1xx_hal_rcc.o
 .debug_line    0x0000183a      0x52b build/stm32f1xx_hal_gpio.o
 .debug_line    0x00001d65      0xa4a build/stm32f1xx_hal_dma.o
 .debug_line    0x000027af      0x602 build/stm32f1xx_hal_cortex.o
 .debug_line    0x00002db1      0x1a0 build/system_stm32f1xx.o
 .debug_line    0x00002f51      0x100 build/dma.o
 .debug_line    0x00003051      0x23c build/i2c.o
 .debug_line    0x0000328d      0x416 build/tim.o
 .debug_line    0x000036a3      0x4a6 build/usart.o
 .debug_line    0x00003b49     0x55a3 build/stm32f1xx_hal_i2c.o
 .debug_line    0x000090ec     0x454a build/stm32f1xx_hal_tim.o
 .debug_line    0x0000d636     0x1947 build/stm32f1xx_hal_tim_ex.o
 .debug_line    0x0000ef7d     0x33fa build/stm32f1xx_hal_uart.o
 .debug_line    0x00012377       0x71 build/startup_stm32f103xb.o
 .debug_line    0x000123e8      0x122 build/app.o
 .debug_line    0x0001250a      0x11e /usr/lib/gcc/arm-none-eabi/13.2.1/../../../arm-none-eabi/lib/thumb/v7-m/nofp/libc_nano.a(libc_a-init.o)
 .debug_line    0x00012628      0x1b1 /usr/lib/gcc/arm-none-eabi/13.2.1/../../../arm-none-eabi/lib/thumb/v7-m/nofp/libc_nano.a(libc_a-memset.o)

.debug_str      0x00000000     0x44ca
 .debug_str     0x00000000     0x44ca build/main.o
                                0xa96 (size before relaxing)
 .debug_str     0x000044ca      0x24f build/gpio.o
 .debug_str     0x000044ca      0x9e9 build/stm32f1xx_it.o
 .debug_str     0x000044ca      0x1ee build/stm32f1xx_hal_msp.o
 .debug_str     0x000044ca      0x7fd build/stm32f1xx_hal.o
 .debug_str     0x000044ca      0x5e5 build/stm32f1xx_hal_rcc.o
 .debug_str     0x000044ca      0x3c4 build/stm32f1xx_hal_gpio.o
 .debug_str     0x000044ca      0x5cc build/stm32f1xx_hal_dma.o
 .debug_str     0x000044ca      0x88e build/stm32f1xx_hal_cortex.o
 .debug_str     0x000044ca      0x219 build/system_stm32f1xx.o
 .debug_str     0x000044ca      0x4b9 build/dma.o
 .debug_str     0x000044ca      0x700 build/i2c.o
 .debug_str     0x000044ca      0xc9e build/tim.o
 .debug_str     0x000044ca      0xa1f build/usart.o
 .debug_str     0x000044ca      0xf7f build/stm32f1xx_hal_i2c.o
 .debug_str     0x000044ca     0x1649 build/stm32f1xx_hal_tim.o
 .debug_str     0x000044ca      0xe55 build/stm32f1xx_hal_tim_ex.o
 .debug_str     0x000044ca      0xcae build/stm32f1xx_hal_uart.o
 .debug_str     0x000044ca       0x63 build/startup_stm32f103xb.o
 .debug_str     0x000044ca      0x1bb build/app.o
 .debug_str     0x000044ca      0x1f2 /usr/lib/gcc/arm-none-eabi/13.2.1/../../../arm-none-eabi/lib/thumb/v7-m/nofp/libc_nano.a(libc_a-init.o)
 .debug_str     0x000044ca      0x1a5 /usr/lib/gcc/arm-none-eabi/13.2.1/../../../arm-none-eabi/lib/thumb/v7-m/nofp/libc_nano.a(libc_a-memset.o)

.debug_frame    0x00000000     0x2a40
 .debug_frame   0x00000000       0x58 build/main.o
 .debug_frame   0x00000058       0x30 build/gpio.o
 .debug_frame   0x00000088      0x150 build/stm32f1xx_it.o
 .debug_frame   0x000001d8       0x28 build/stm32f1xx_hal_msp.o
 .debug_frame   0x00000200      0x1cc build/stm32f1xx_hal.o
 .debug_frame   0x000003cc      0x184 build/stm32f1xx_hal_rcc.o
 .debug_frame   0x00000550       0xe4 build/stm32f1xx_hal_gpio.o
 .debug_frame   0x00000634      0x144 build/stm32f1xx_hal_dma.o
 .debug_frame   0x00000778      0x19c build/stm32f1xx_hal_cortex.o
 .debug_frame   0x00000914       0x30 build/system_stm32f1xx.o
 .debug_frame   0x00000944       0x2c build/dma.o
 .debug_frame   0x00000970       0x60 build/i2c.o
 .debug_frame   0x000009d0       0xd0 build/tim.o
 .debug_frame   0x00000aa0       0x7c build/usart.o
 .debug_frame   0x00000b1c      0x988 build/stm32f1xx_hal_i2c.o
 .debug_frame   0x000014a4      0xb18 build/stm32f1xx_hal_tim.o
 .debug_frame   0x00001fbc      0x418 build/stm32f1xx_hal_tim_ex.o
 .debug_frame   0x000023d4      0x5dc build/stm32f1xx_hal_uart.o
 .debug_frame   0x000029b0       0x38 build/app.o
 .debug_frame   0x000029e8       0x2c /usr/lib/gcc/arm-none-eabi/13.2.1/../../../arm-none-eabi/lib/thumb/v7-m/nofp/libc_nano.a(libc_a-init.o)
 .debug_frame   0x00002a14       0x2c /usr/lib/gcc/arm-none-eabi/13.2.1/../../../arm-none-eabi/lib/thumb/v7-m/nofp/libc_nano.a(libc_a-memset.o)

.debug_loclists
                0x00000000      0x23c
 .debug_loclists
                0x00000000       0x65 /usr/lib/gcc/arm-none-eabi/13.2.1/../../../arm-none-eabi/lib/thumb/v7-m/nofp/libc_nano.a(libc_a-init.o)
 .debug_loclists
                0x00000065      0x1d7 /usr/lib/gcc/arm-none-eabi/13.2.1/../../../arm-none-eabi/lib/thumb/v7-m/nofp/libc_nano.a(libc_a-memset.o)

Cross Reference Table

Symbol                                            File
ADC1_2_IRQHandler                                 build/startup_stm32f103xb.o
AHBPrescTable                                     build/system_stm32f1xx.o
                                                  build/stm32f1xx_hal_rcc.o
APBPrescTable                                     build/system_stm32f1xx.o
                                                  build/stm32f1xx_hal_rcc.o
BusFault_Handler                                  build/stm32f1xx_it.o
CAN1_RX1_IRQHandler                               build/startup_stm32f103xb.o
CAN1_SCE_IRQHandler                               build/startup_stm32f103xb.o
DMA1_Channel1_IRQHandler                          build/startup_stm32f103xb.o
DMA1_Channel2_IRQHandler                          build/startup_stm32f103xb.o
DMA1_Channel3_IRQHandler                          build/startup_stm32f103xb.o
DMA1_Channel4_IRQHandler                          build/stm32f1xx_it.o
DMA1_Channel5_IRQHandler                          build/stm32f1xx_it.o
DMA1_Channel6_IRQHandler                          build/stm32f1xx_it.o
DMA1_Channel7_IRQHandler                          build/stm32f1xx_it.o
DebugMon_Handler                                  build/stm32f1xx_it.o
Default_Handler                                   build/startup_stm32f103xb.o
EXTI0_IRQHandler                                  build/startup_stm32f103xb.o
EXTI15_10_IRQHandler                              build/startup_stm32f103xb.o
EXTI1_IRQHandler                                  build/startup_stm32f103xb.o
EXTI2_IRQHandler                                  build/startup_stm32f103xb.o
EXTI3_IRQHandler                                  build/startup_stm32f103xb.o
EXTI4_IRQHandler                                  build/startup_stm32f103xb.o
EXTI9_5_IRQHandler                                build/startup_stm32f103xb.o
Error_Handler                                     build/main.o
                                                  build/usart.o
                                                  build/tim.o
                                                  build/i2c.o
FLASH_IRQHandler                                  build/startup_stm32f103xb.o
FLASH_PageErase                                   build/stm32f1xx_hal_flash_ex.o
                                                  build/stm32f1xx_hal_flash.o
FLASH_WaitForLastOperation                        build/stm32f1xx_hal_flash.o
                                                  build/stm32f1xx_hal_flash_ex.o
HAL_DBGMCU_DisableDBGSleepMode                    build/stm32f1xx_hal.o
HAL_DBGMCU_DisableDBGStandbyMode                  build/stm32f1xx_hal.o
HAL_DBGMCU_DisableDBGStopMode                     build/stm32f1xx_hal.o
HAL_DBGMCU_EnableDBGSleepMode                     build/stm32f1xx_hal.o
HAL_DBGMCU_EnableDBGStandbyMode                   build/stm32f1xx_hal.o
HAL_DBGMCU_EnableDBGStopMode                      build/stm32f1xx_hal.o
HAL_DMA_Abort                                     build/stm32f1xx_hal_dma.o
                                                  build/stm32f1xx_hal_uart.o
HAL_DMA_Abort_IT                                  build/stm32f1xx_hal_dma.o
                                                  build/stm32f1xx_hal_uart.o
                                                  build/stm32f1xx_hal_tim_ex.o
                                                  build/stm32f1xx_hal_tim.o
                                                  build/stm32f1xx_hal_i2c.o
HAL_DMA_DeInit                                    build/stm32f1xx_hal_dma.o
                                                  build/usart.o
HAL_DMA_GetError                                  build/stm32f1xx_hal_dma.o
                                                  build/stm32f1xx_hal_uart.o
HAL_DMA_GetState                                  build/stm32f1xx_hal_dma.o
                                                  build/stm32f1xx_hal_i2c.o
HAL_DMA_IRQHandler                                build/stm32f1xx_hal_dma.o
                                                  build/stm32f1xx_it.o
HAL_DMA_Init                                      build/stm32f1xx_hal_dma.o
                                                  build/usart.o
HAL_DMA_PollForTransfer                           build/stm32f1xx_hal_dma.o
HAL_DMA_RegisterCallback                          build/stm32f1xx_hal_dma.o
HAL_DMA_Start                                     build/stm32f1xx_hal_dma.o
HAL_DMA_Start_IT                                  build/stm32f1xx_hal_dma.o
                                                  build/stm32f1xx_hal_uart.o
                                                  build/stm32f1xx_hal_tim_ex.o
                                                  build/stm32f1xx_hal_tim.o
                                                  build/stm32f1xx_hal_i2c.o
HAL_DMA_UnRegisterCallback                        build/stm32f1xx_hal_dma.o
HAL_DeInit                                        build/stm32f1xx_hal.o
HAL_Delay                                         build/stm32f1xx_hal.o
                                                  build/app.o
HAL_EXTI_ClearConfigLine                          build/stm32f1xx_hal_exti.o
HAL_EXTI_ClearPending                             build/stm32f1xx_hal_exti.o
HAL_EXTI_GenerateSWI                              build/stm32f1xx_hal_exti.o
HAL_EXTI_GetConfigLine                            build/stm32f1xx_hal_exti.o
HAL_EXTI_GetHandle                                build/stm32f1xx_hal_exti.o
HAL_EXTI_GetPending                               build/stm32f1xx_hal_exti.o
HAL_EXTI_IRQHandler                               build/stm32f1xx_hal_exti.o
HAL_EXTI_RegisterCallback                         build/stm32f1xx_hal_exti.o
HAL_EXTI_SetConfigLine                            build/stm32f1xx_hal_exti.o
HAL_FLASHEx_Erase                                 build/stm32f1xx_hal_flash_ex.o
HAL_FLASHEx_Erase_IT                              build/stm32f1xx_hal_flash_ex.o
HAL_FLASHEx_OBErase                               build/stm32f1xx_hal_flash_ex.o
HAL_FLASHEx_OBGetConfig                           build/stm32f1xx_hal_flash_ex.o
HAL_FLASHEx_OBGetUserData                         build/stm32f1xx_hal_flash_ex.o
HAL_FLASHEx_OBProgram                             build/stm32f1xx_hal_flash_ex.o
HAL_FLASH_EndOfOperationCallback                  build/stm32f1xx_hal_flash.o
HAL_FLASH_GetError                                build/stm32f1xx_hal_flash.o
HAL_FLASH_IRQHandler                              build/stm32f1xx_hal_flash.o
HAL_FLASH_Lock                                    build/stm32f1xx_hal_flash.o
HAL_FLASH_OB_Launch                               build/stm32f1xx_hal_flash.o
HAL_FLASH_OB_Lock                                 build/stm32f1xx_hal_flash.o
HAL_FLASH_OB_Unlock                               build/stm32f1xx_hal_flash.o
HAL_FLASH_OperationErrorCallback                  build/stm32f1xx_hal_flash.o
HAL_FLASH_Program                                 build/stm32f1xx_hal_flash.o
HAL_FLASH_Program_IT                              build/stm32f1xx_hal_flash.o
HAL_FLASH_Unlock                                  build/stm32f1xx_hal_flash.o
HAL_GPIOEx_ConfigEventout                         build/stm32f1xx_hal_gpio_ex.o
HAL_GPIOEx_DisableEventout                        build/stm32f1xx_hal_gpio_ex.o
HAL_GPIOEx_EnableEventout                         build/stm32f1xx_hal_gpio_ex.o
HAL_GPIO_DeInit                                   build/stm32f1xx_hal_gpio.o
                                                  build/usart.o
                                                  build/tim.o
                                                  build/i2c.o
HAL_GPIO_EXTI_Callback                            build/stm32f1xx_hal_gpio.o
HAL_GPIO_EXTI_IRQHandler                          build/stm32f1xx_hal_gpio.o
HAL_GPIO_Init                                     build/stm32f1xx_hal_gpio.o
                                                  build/usart.o
                                                  build/tim.o
                                                  build/i2c.o
                                                  build/stm32f1xx_hal_rcc.o
                                                  build/gpio.o
HAL_GPIO_LockPin                                  build/stm32f1xx_hal_gpio.o
HAL_GPIO_ReadPin                                  build/stm32f1xx_hal_gpio.o
HAL_GPIO_TogglePin                                build/stm32f1xx_hal_gpio.o
                                                  build/app.o
HAL_GPIO_WritePin                                 build/stm32f1xx_hal_gpio.o
                                                  build/gpio.o
HAL_GetDEVID                                      build/stm32f1xx_hal.o
HAL_GetHalVersion                                 build/stm32f1xx_hal.o
HAL_GetREVID                                      build/stm32f1xx_hal.o
HAL_GetTick                                       build/stm32f1xx_hal.o
                                                  build/stm32f1xx_hal_uart.o
                                                  build/stm32f1xx_hal_i2c.o
                                                  build/stm32f1xx_hal_flash.o
                                                  build/stm32f1xx_hal_dma.o
                                                  build/stm32f1xx_hal_rcc_ex.o
                                                  build/stm32f1xx_hal_rcc.o
HAL_GetTickFreq                                   build/stm32f1xx_hal.o
HAL_GetTickPrio                                   build/stm32f1xx_hal.o
HAL_GetUIDw0                                      build/stm32f1xx_hal.o
HAL_GetUIDw1                                      build/stm32f1xx_hal.o
HAL_GetUIDw2                                      build/stm32f1xx_hal.o
HAL_HalfDuplex_EnableReceiver                     build/stm32f1xx_hal_uart.o
HAL_HalfDuplex_EnableTransmitter                  build/stm32f1xx_hal_uart.o
HAL_HalfDuplex_Init                               build/stm32f1xx_hal_uart.o
HAL_I2C_AbortCpltCallback                         build/stm32f1xx_hal_i2c.o
HAL_I2C_AddrCallback                              build/stm32f1xx_hal_i2c.o
HAL_I2C_DeInit                                    build/stm32f1xx_hal_i2c.o
HAL_I2C_DisableListen_IT                          build/stm32f1xx_hal_i2c.o
HAL_I2C_ER_IRQHandler                             build/stm32f1xx_hal_i2c.o
HAL_I2C_EV_IRQHandler                             build/stm32f1xx_hal_i2c.o
HAL_I2C_EnableListen_IT                           build/stm32f1xx_hal_i2c.o
HAL_I2C_ErrorCallback                             build/stm32f1xx_hal_i2c.o
HAL_I2C_GetError                                  build/stm32f1xx_hal_i2c.o
HAL_I2C_GetMode                                   build/stm32f1xx_hal_i2c.o
HAL_I2C_GetState                                  build/stm32f1xx_hal_i2c.o
HAL_I2C_Init                                      build/stm32f1xx_hal_i2c.o
                                                  build/i2c.o
HAL_I2C_IsDeviceReady                             build/stm32f1xx_hal_i2c.o
HAL_I2C_ListenCpltCallback                        build/stm32f1xx_hal_i2c.o
HAL_I2C_MasterRxCpltCallback                      build/stm32f1xx_hal_i2c.o
HAL_I2C_MasterTxCpltCallback                      build/stm32f1xx_hal_i2c.o
HAL_I2C_Master_Abort_IT                           build/stm32f1xx_hal_i2c.o
HAL_I2C_Master_Receive                            build/stm32f1xx_hal_i2c.o
HAL_I2C_Master_Receive_DMA                        build/stm32f1xx_hal_i2c.o
HAL_I2C_Master_Receive_IT                         build/stm32f1xx_hal_i2c.o
HAL_I2C_Master_Seq_Receive_DMA                    build/stm32f1xx_hal_i2c.o
HAL_I2C_Master_Seq_Receive_IT                     build/stm32f1xx_hal_i2c.o
HAL_I2C_Master_Seq_Transmit_DMA                   build/stm32f1xx_hal_i2c.o
HAL_I2C_Master_Seq_Transmit_IT                    build/stm32f1xx_hal_i2c.o
HAL_I2C_Master_Transmit                           build/stm32f1xx_hal_i2c.o
HAL_I2C_Master_Transmit_DMA                       build/stm32f1xx_hal_i2c.o
HAL_I2C_Master_Transmit_IT                        build/stm32f1xx_hal_i2c.o
HAL_I2C_MemRxCpltCallback                         build/stm32f1xx_hal_i2c.o
HAL_I2C_MemTxCpltCallback                         build/stm32f1xx_hal_i2c.o
HAL_I2C_Mem_Read                                  build/stm32f1xx_hal_i2c.o
HAL_I2C_Mem_Read_DMA                              build/stm32f1xx_hal_i2c.o
HAL_I2C_Mem_Read_IT                               build/stm32f1xx_hal_i2c.o
HAL_I2C_Mem_Write                                 build/stm32f1xx_hal_i2c.o
HAL_I2C_Mem_Write_DMA                             build/stm32f1xx_hal_i2c.o
HAL_I2C_Mem_Write_IT                              build/stm32f1xx_hal_i2c.o
HAL_I2C_MspDeInit                                 build/i2c.o
HAL_I2C_MspInit                                   build/i2c.o
HAL_I2C_SlaveRxCpltCallback                       build/stm32f1xx_hal_i2c.o
HAL_I2C_SlaveTxCpltCallback                       build/stm32f1xx_hal_i2c.o
HAL_I2C_Slave_Receive                             build/stm32f1xx_hal_i2c.o
HAL_I2C_Slave_Receive_DMA                         build/stm32f1xx_hal_i2c.o
HAL_I2C_Slave_Receive_IT                          build/stm32f1xx_hal_i2c.o
HAL_I2C_Slave_Seq_Receive_DMA                     build/stm32f1xx_hal_i2c.o
HAL_I2C_Slave_Seq_Receive_IT                      build/stm32f1xx_hal_i2c.o
HAL_I2C_Slave_Seq_Transmit_DMA                    build/stm32f1xx_hal_i2c.o
HAL_I2C_Slave_Seq_Transmit_IT                     build/stm32f1xx_hal_i2c.o
HAL_I2C_Slave_Transmit                            build/stm32f1xx_hal_i2c.o
HAL_I2C_Slave_Transmit_DMA                        build/stm32f1xx_hal_i2c.o
HAL_I2C_Slave_Transmit_IT                         build/stm32f1xx_hal_i2c.o
HAL_IncTick                                       build/stm32f1xx_hal.o
                                                  build/stm32f1xx_it.o
HAL_Init                                          build/stm32f1xx_hal.o
                                                  build/main.o
HAL_InitTick                                      build/stm32f1xx_hal.o
                                                  build/stm32f1xx_hal_rcc.o
HAL_LIN_Init                                      build/stm32f1xx_hal_uart.o
HAL_LIN_SendBreak                                 build/stm32f1xx_hal_uart.o
HAL_MspDeInit                                     build/stm32f1xx_hal.o
HAL_MspInit                                       build/stm32f1xx_hal_msp.o
HAL_MultiProcessor_EnterMuteMode                  build/stm32f1xx_hal_uart.o
HAL_MultiProcessor_ExitMuteMode                   build/stm32f1xx_hal_uart.o
HAL_MultiProcessor_Init                           build/stm32f1xx_hal_uart.o
HAL_NVIC_ClearPendingIRQ                          build/stm32f1xx_hal_cortex.o
HAL_NVIC_DisableIRQ                               build/stm32f1xx_hal_cortex.o
                                                  build/usart.o
                                                  build/tim.o
HAL_NVIC_EnableIRQ                                build/stm32f1xx_hal_cortex.o
                                                  build/usart.o
                                                  build/tim.o
                                                  build/dma.o
HAL_NVIC_GetActive                                build/stm32f1xx_hal_cortex.o
HAL_NVIC_GetPendingIRQ                            build/stm32f1xx_hal_cortex.o
HAL_NVIC_GetPriority                              build/stm32f1xx_hal_cortex.o
HAL_NVIC_GetPriorityGrouping                      build/stm32f1xx_hal_cortex.o
HAL_NVIC_SetPendingIRQ                            build/stm32f1xx_hal_cortex.o
HAL_NVIC_SetPriority                              build/stm32f1xx_hal_cortex.o
                                                  build/usart.o
                                                  build/tim.o
                                                  build/dma.o
                                                  build/stm32f1xx_hal.o
HAL_NVIC_SetPriorityGrouping                      build/stm32f1xx_hal_cortex.o
                                                  build/stm32f1xx_hal.o
HAL_NVIC_SystemReset                              build/stm32f1xx_hal_cortex.o
                                                  build/stm32f1xx_hal_flash.o
HAL_PWR_ConfigPVD                                 build/stm32f1xx_hal_pwr.o
HAL_PWR_DeInit                                    build/stm32f1xx_hal_pwr.o
HAL_PWR_DisableBkUpAccess                         build/stm32f1xx_hal_pwr.o
HAL_PWR_DisablePVD                                build/stm32f1xx_hal_pwr.o
HAL_PWR_DisableSEVOnPend                          build/stm32f1xx_hal_pwr.o
HAL_PWR_DisableSleepOnExit                        build/stm32f1xx_hal_pwr.o
HAL_PWR_DisableWakeUpPin                          build/stm32f1xx_hal_pwr.o
HAL_PWR_EnableBkUpAccess                          build/stm32f1xx_hal_pwr.o
HAL_PWR_EnablePVD                                 build/stm32f1xx_hal_pwr.o
HAL_PWR_EnableSEVOnPend                           build/stm32f1xx_hal_pwr.o
HAL_PWR_EnableSleepOnExit                         build/stm32f1xx_hal_pwr.o
HAL_PWR_EnableWakeUpPin                           build/stm32f1xx_hal_pwr.o
HAL_PWR_EnterSLEEPMode                            build/stm32f1xx_hal_pwr.o
HAL_PWR_EnterSTANDBYMode                          build/stm32f1xx_hal_pwr.o
HAL_PWR_EnterSTOPMode                             build/stm32f1xx_hal_pwr.o
HAL_PWR_PVDCallback                               build/stm32f1xx_hal_pwr.o
HAL_PWR_PVD_IRQHandler                            build/stm32f1xx_hal_pwr.o
HAL_RCCEx_GetPeriphCLKConfig                      build/stm32f1xx_hal_rcc_ex.o
HAL_RCCEx_GetPeriphCLKFreq                        build/stm32f1xx_hal_rcc_ex.o
HAL_RCCEx_PeriphCLKConfig                         build/stm32f1xx_hal_rcc_ex.o
HAL_RCC_CSSCallback                               build/stm32f1xx_hal_rcc.o
HAL_RCC_ClockConfig                               build/stm32f1xx_hal_rcc.o
                                                  build/main.o
HAL_RCC_DeInit                                    build/stm32f1xx_hal_rcc.o
HAL_RCC_DisableCSS                                build/stm32f1xx_hal_rcc.o
HAL_RCC_EnableCSS                                 build/stm32f1xx_hal_rcc.o
HAL_RCC_GetClockConfig                            build/stm32f1xx_hal_rcc.o
HAL_RCC_GetHCLKFreq                               build/stm32f1xx_hal_rcc.o
HAL_RCC_GetOscConfig                              build/stm32f1xx_hal_rcc.o
HAL_RCC_GetPCLK1Freq                              build/stm32f1xx_hal_rcc.o
                                                  build/stm32f1xx_hal_uart.o
                                                  build/stm32f1xx_hal_i2c.o
HAL_RCC_GetPCLK2Freq                              build/stm32f1xx_hal_rcc.o
                                                  build/stm32f1xx_hal_uart.o
                                                  build/stm32f1xx_hal_rcc_ex.o
HAL_RCC_GetSysClockFreq                           build/stm32f1xx_hal_rcc.o
HAL_RCC_MCOConfig                                 build/stm32f1xx_hal_rcc.o
HAL_RCC_NMI_IRQHandler                            build/stm32f1xx_hal_rcc.o
HAL_RCC_OscConfig                                 build/stm32f1xx_hal_rcc.o
                                                  build/main.o
HAL_ResumeTick                                    build/stm32f1xx_hal.o
HAL_SYSTICK_CLKSourceConfig                       build/stm32f1xx_hal_cortex.o
HAL_SYSTICK_Callback                              build/stm32f1xx_hal_cortex.o
HAL_SYSTICK_Config                                build/stm32f1xx_hal_cortex.o
                                                  build/stm32f1xx_hal.o
HAL_SYSTICK_IRQHandler                            build/stm32f1xx_hal_cortex.o
HAL_SetTickFreq                                   build/stm32f1xx_hal.o
HAL_SuspendTick                                   build/stm32f1xx_hal.o
HAL_TIMEx_BreakCallback                           build/stm32f1xx_hal_tim_ex.o
                                                  build/stm32f1xx_hal_tim.o
HAL_TIMEx_CommutCallback                          build/stm32f1xx_hal_tim_ex.o
                                                  build/stm32f1xx_hal_tim.o
HAL_TIMEx_CommutHalfCpltCallback                  build/stm32f1xx_hal_tim_ex.o
HAL_TIMEx_ConfigBreakDeadTime                     build/stm32f1xx_hal_tim_ex.o
HAL_TIMEx_ConfigCommutEvent                       build/stm32f1xx_hal_tim_ex.o
HAL_TIMEx_ConfigCommutEvent_DMA                   build/stm32f1xx_hal_tim_ex.o
HAL_TIMEx_ConfigCommutEvent_IT                    build/stm32f1xx_hal_tim_ex.o
HAL_TIMEx_GetChannelNState                        build/stm32f1xx_hal_tim_ex.o
HAL_TIMEx_HallSensor_DeInit                       build/stm32f1xx_hal_tim_ex.o
HAL_TIMEx_HallSensor_GetState                     build/stm32f1xx_hal_tim_ex.o
HAL_TIMEx_HallSensor_Init                         build/stm32f1xx_hal_tim_ex.o
HAL_TIMEx_HallSensor_MspDeInit                    build/stm32f1xx_hal_tim_ex.o
HAL_TIMEx_HallSensor_MspInit                      build/stm32f1xx_hal_tim_ex.o
HAL_TIMEx_HallSensor_Start                        build/stm32f1xx_hal_tim_ex.o
HAL_TIMEx_HallSensor_Start_DMA                    build/stm32f1xx_hal_tim_ex.o
HAL_TIMEx_HallSensor_Start_IT                     build/stm32f1xx_hal_tim_ex.o
HAL_TIMEx_HallSensor_Stop                         build/stm32f1xx_hal_tim_ex.o
HAL_TIMEx_HallSensor_Stop_DMA                     build/stm32f1xx_hal_tim_ex.o
HAL_TIMEx_HallSensor_Stop_IT                      build/stm32f1xx_hal_tim_ex.o
HAL_TIMEx_MasterConfigSynchronization             build/stm32f1xx_hal_tim_ex.o
                                                  build/tim.o
HAL_TIMEx_OCN_Start                               build/stm32f1xx_hal_tim_ex.o
HAL_TIMEx_OCN_Start_DMA                           build/stm32f1xx_hal_tim_ex.o
HAL_TIMEx_OCN_Start_IT                            build/stm32f1xx_hal_tim_ex.o
HAL_TIMEx_OCN_Stop                                build/stm32f1xx_hal_tim_ex.o
HAL_TIMEx_OCN_Stop_DMA                            build/stm32f1xx_hal_tim_ex.o
HAL_TIMEx_OCN_Stop_IT                             build/stm32f1xx_hal_tim_ex.o
HAL_TIMEx_OnePulseN_Start                         build/stm32f1xx_hal_tim_ex.o
HAL_TIMEx_OnePulseN_Start_IT                      build/stm32f1xx_hal_tim_ex.o
HAL_TIMEx_OnePulseN_Stop                          build/stm32f1xx_hal_tim_ex.o
HAL_TIMEx_OnePulseN_Stop_IT                       build/stm32f1xx_hal_tim_ex.o
HAL_TIMEx_PWMN_Start                              build/stm32f1xx_hal_tim_ex.o
HAL_TIMEx_PWMN_Start_DMA                          build/stm32f1xx_hal_tim_ex.o
HAL_TIMEx_PWMN_Start_IT                           build/stm32f1xx_hal_tim_ex.o
HAL_TIMEx_PWMN_Stop                               build/stm32f1xx_hal_tim_ex.o
HAL_TIMEx_PWMN_Stop_DMA                           build/stm32f1xx_hal_tim_ex.o
HAL_TIMEx_PWMN_Stop_IT                            build/stm32f1xx_hal_tim_ex.o
HAL_TIMEx_RemapConfig                             build/stm32f1xx_hal_tim_ex.o
HAL_TIM_Base_DeInit                               build/stm32f1xx_hal_tim.o
HAL_TIM_Base_GetState                             build/stm32f1xx_hal_tim.o
HAL_TIM_Base_Init                                 build/stm32f1xx_hal_tim.o
HAL_TIM_Base_MspDeInit                            build/stm32f1xx_hal_tim.o
HAL_TIM_Base_MspInit                              build/stm32f1xx_hal_tim.o
HAL_TIM_Base_Start                                build/stm32f1xx_hal_tim.o
HAL_TIM_Base_Start_DMA                            build/stm32f1xx_hal_tim.o
HAL_TIM_Base_Start_IT                             build/stm32f1xx_hal_tim.o
HAL_TIM_Base_Stop                                 build/stm32f1xx_hal_tim.o
HAL_TIM_Base_Stop_DMA                             build/stm32f1xx_hal_tim.o
HAL_TIM_Base_Stop_IT                              build/stm32f1xx_hal_tim.o
HAL_TIM_ConfigClockSource                         build/stm32f1xx_hal_tim.o
HAL_TIM_ConfigOCrefClear                          build/stm32f1xx_hal_tim.o
HAL_TIM_ConfigTI1Input                            build/stm32f1xx_hal_tim.o
HAL_TIM_DMABurstState                             build/stm32f1xx_hal_tim.o
HAL_TIM_DMABurst_MultiReadStart                   build/stm32f1xx_hal_tim.o
HAL_TIM_DMABurst_MultiWriteStart                  build/stm32f1xx_hal_tim.o
HAL_TIM_DMABurst_ReadStart                        build/stm32f1xx_hal_tim.o
HAL_TIM_DMABurst_ReadStop                         build/stm32f1xx_hal_tim.o
HAL_TIM_DMABurst_WriteStart                       build/stm32f1xx_hal_tim.o
HAL_TIM_DMABurst_WriteStop                        build/stm32f1xx_hal_tim.o
HAL_TIM_Encoder_DeInit                            build/stm32f1xx_hal_tim.o
HAL_TIM_Encoder_GetState                          build/stm32f1xx_hal_tim.o
HAL_TIM_Encoder_Init                              build/stm32f1xx_hal_tim.o
                                                  build/tim.o
HAL_TIM_Encoder_MspDeInit                         build/tim.o
HAL_TIM_Encoder_MspInit                           build/tim.o
HAL_TIM_Encoder_Start                             build/stm32f1xx_hal_tim.o
                                                  build/main.o
HAL_TIM_Encoder_Start_DMA                         build/stm32f1xx_hal_tim.o
HAL_TIM_Encoder_Start_IT                          build/stm32f1xx_hal_tim.o
HAL_TIM_Encoder_Stop                              build/stm32f1xx_hal_tim.o
HAL_TIM_Encoder_Stop_DMA                          build/stm32f1xx_hal_tim.o
HAL_TIM_Encoder_Stop_IT                           build/stm32f1xx_hal_tim.o
HAL_TIM_ErrorCallback                             build/stm32f1xx_hal_tim.o
                                                  build/stm32f1xx_hal_tim_ex.o
HAL_TIM_GenerateEvent                             build/stm32f1xx_hal_tim.o
HAL_TIM_GetActiveChannel                          build/stm32f1xx_hal_tim.o
HAL_TIM_GetChannelState                           build/stm32f1xx_hal_tim.o
HAL_TIM_IC_CaptureCallback                        build/stm32f1xx_hal_tim.o
HAL_TIM_IC_CaptureHalfCpltCallback                build/stm32f1xx_hal_tim.o
HAL_TIM_IC_ConfigChannel                          build/stm32f1xx_hal_tim.o
HAL_TIM_IC_DeInit                                 build/stm32f1xx_hal_tim.o
HAL_TIM_IC_GetState                               build/stm32f1xx_hal_tim.o
HAL_TIM_IC_Init                                   build/stm32f1xx_hal_tim.o
HAL_TIM_IC_MspDeInit                              build/stm32f1xx_hal_tim.o
HAL_TIM_IC_MspInit                                build/stm32f1xx_hal_tim.o
HAL_TIM_IC_Start                                  build/stm32f1xx_hal_tim.o
HAL_TIM_IC_Start_DMA                              build/stm32f1xx_hal_tim.o
HAL_TIM_IC_Start_IT                               build/stm32f1xx_hal_tim.o
HAL_TIM_IC_Stop                                   build/stm32f1xx_hal_tim.o
HAL_TIM_IC_Stop_DMA                               build/stm32f1xx_hal_tim.o
HAL_TIM_IC_Stop_IT                                build/stm32f1xx_hal_tim.o
HAL_TIM_IRQHandler                                build/stm32f1xx_hal_tim.o
                                                  build/stm32f1xx_it.o
HAL_TIM_MspPostInit                               build/tim.o
HAL_TIM_OC_ConfigChannel                          build/stm32f1xx_hal_tim.o
HAL_TIM_OC_DeInit                                 build/stm32f1xx_hal_tim.o
HAL_TIM_OC_DelayElapsedCallback                   build/stm32f1xx_hal_tim.o
HAL_TIM_OC_GetState                               build/stm32f1xx_hal_tim.o
HAL_TIM_OC_Init                                   build/stm32f1xx_hal_tim.o
HAL_TIM_OC_MspDeInit                              build/stm32f1xx_hal_tim.o
HAL_TIM_OC_MspInit                                build/stm32f1xx_hal_tim.o
HAL_TIM_OC_Start                                  build/stm32f1xx_hal_tim.o
HAL_TIM_OC_Start_DMA                              build/stm32f1xx_hal_tim.o
HAL_TIM_OC_Start_IT                               build/stm32f1xx_hal_tim.o
HAL_TIM_OC_Stop                                   build/stm32f1xx_hal_tim.o
HAL_TIM_OC_Stop_DMA                               build/stm32f1xx_hal_tim.o
HAL_TIM_OC_Stop_IT                                build/stm32f1xx_hal_tim.o
HAL_TIM_OnePulse_ConfigChannel                    build/stm32f1xx_hal_tim.o
HAL_TIM_OnePulse_DeInit                           build/stm32f1xx_hal_tim.o
HAL_TIM_OnePulse_GetState                         build/stm32f1xx_hal_tim.o
HAL_TIM_OnePulse_Init                             build/stm32f1xx_hal_tim.o
HAL_TIM_OnePulse_MspDeInit                        build/stm32f1xx_hal_tim.o
HAL_TIM_OnePulse_MspInit                          build/stm32f1xx_hal_tim.o
HAL_TIM_OnePulse_Start                            build/stm32f1xx_hal_tim.o
HAL_TIM_OnePulse_Start_IT                         build/stm32f1xx_hal_tim.o
HAL_TIM_OnePulse_Stop                             build/stm32f1xx_hal_tim.o
HAL_TIM_OnePulse_Stop_IT                          build/stm32f1xx_hal_tim.o
HAL_TIM_PWM_ConfigChannel                         build/stm32f1xx_hal_tim.o
                                                  build/tim.o
HAL_TIM_PWM_DeInit                                build/stm32f1xx_hal_tim.o
HAL_TIM_PWM_GetState                              build/stm32f1xx_hal_tim.o
HAL_TIM_PWM_Init                                  build/stm32f1xx_hal_tim.o
                                                  build/tim.o
HAL_TIM_PWM_MspDeInit                             build/tim.o
HAL_TIM_PWM_MspInit                               build/tim.o
HAL_TIM_PWM_PulseFinishedCallback                 build/stm32f1xx_hal_tim.o
                                                  build/stm32f1xx_hal_tim_ex.o
HAL_TIM_PWM_PulseFinishedHalfCpltCallback         build/stm32f1xx_hal_tim.o
HAL_TIM_PWM_Start                                 build/stm32f1xx_hal_tim.o
HAL_TIM_PWM_Start_DMA                             build/stm32f1xx_hal_tim.o
HAL_TIM_PWM_Start_IT                              build/stm32f1xx_hal_tim.o
HAL_TIM_PWM_Stop                                  build/stm32f1xx_hal_tim.o
HAL_TIM_PWM_Stop_DMA                              build/stm32f1xx_hal_tim.o
HAL_TIM_PWM_Stop_IT                               build/stm32f1xx_hal_tim.o
HAL_TIM_PeriodElapsedCallback                     build/stm32f1xx_hal_tim.o
HAL_TIM_PeriodElapsedHalfCpltCallback             build/stm32f1xx_hal_tim.o
HAL_TIM_ReadCapturedValue                         build/stm32f1xx_hal_tim.o
HAL_TIM_SlaveConfigSynchro                        build/stm32f1xx_hal_tim.o
HAL_TIM_SlaveConfigSynchro_IT                     build/stm32f1xx_hal_tim.o
HAL_TIM_TriggerCallback                           build/stm32f1xx_hal_tim.o
HAL_TIM_TriggerHalfCpltCallback                   build/stm32f1xx_hal_tim.o
HAL_UARTEx_GetRxEventType                         build/stm32f1xx_hal_uart.o
HAL_UARTEx_ReceiveToIdle                          build/stm32f1xx_hal_uart.o
HAL_UARTEx_ReceiveToIdle_DMA                      build/stm32f1xx_hal_uart.o
HAL_UARTEx_ReceiveToIdle_IT                       build/stm32f1xx_hal_uart.o
HAL_UARTEx_RxEventCallback                        build/stm32f1xx_hal_uart.o
HAL_UART_Abort                                    build/stm32f1xx_hal_uart.o
HAL_UART_AbortCpltCallback                        build/stm32f1xx_hal_uart.o
HAL_UART_AbortReceive                             build/stm32f1xx_hal_uart.o
HAL_UART_AbortReceiveCpltCallback                 build/stm32f1xx_hal_uart.o
HAL_UART_AbortReceive_IT                          build/stm32f1xx_hal_uart.o
HAL_UART_AbortTransmit                            build/stm32f1xx_hal_uart.o
HAL_UART_AbortTransmitCpltCallback                build/stm32f1xx_hal_uart.o
HAL_UART_AbortTransmit_IT                         build/stm32f1xx_hal_uart.o
HAL_UART_Abort_IT                                 build/stm32f1xx_hal_uart.o
HAL_UART_DMAPause                                 build/stm32f1xx_hal_uart.o
HAL_UART_DMAResume                                build/stm32f1xx_hal_uart.o
HAL_UART_DMAStop                                  build/stm32f1xx_hal_uart.o
HAL_UART_DeInit                                   build/stm32f1xx_hal_uart.o
HAL_UART_ErrorCallback                            build/stm32f1xx_hal_uart.o
HAL_UART_GetError                                 build/stm32f1xx_hal_uart.o
HAL_UART_GetState                                 build/stm32f1xx_hal_uart.o
HAL_UART_IRQHandler                               build/stm32f1xx_hal_uart.o
                                                  build/stm32f1xx_it.o
HAL_UART_Init                                     build/stm32f1xx_hal_uart.o
                                                  build/usart.o
HAL_UART_MspDeInit                                build/usart.o
HAL_UART_MspInit                                  build/usart.o
HAL_UART_Receive                                  build/stm32f1xx_hal_uart.o
HAL_UART_Receive_DMA                              build/stm32f1xx_hal_uart.o
HAL_UART_Receive_IT                               build/stm32f1xx_hal_uart.o
HAL_UART_RxCpltCallback                           build/stm32f1xx_hal_uart.o
HAL_UART_RxHalfCpltCallback                       build/stm32f1xx_hal_uart.o
HAL_UART_Transmit                                 build/stm32f1xx_hal_uart.o
                                                  build/main.o
HAL_UART_Transmit_DMA                             build/stm32f1xx_hal_uart.o
HAL_UART_Transmit_IT                              build/stm32f1xx_hal_uart.o
HAL_UART_TxCpltCallback                           build/stm32f1xx_hal_uart.o
HAL_UART_TxHalfCpltCallback                       build/stm32f1xx_hal_uart.o
HardFault_Handler                                 build/stm32f1xx_it.o
I2C1_ER_IRQHandler                                build/startup_stm32f103xb.o
I2C1_EV_IRQHandler                                build/startup_stm32f103xb.o
I2C2_ER_IRQHandler                                build/startup_stm32f103xb.o
I2C2_EV_IRQHandler                                build/startup_stm32f103xb.o
MX_DMA_Init                                       build/dma.o
                                                  build/main.o
MX_GPIO_Init                                      build/gpio.o
                                                  build/main.o
MX_I2C1_Init                                      build/i2c.o
                                                  build/main.o
MX_TIM2_Init                                      build/tim.o
                                                  build/main.o
MX_TIM3_Init                                      build/tim.o
                                                  build/main.o
MX_USART1_UART_Init                               build/usart.o
                                                  build/main.o
MX_USART2_UART_Init                               build/usart.o
                                                  build/main.o
MemManage_Handler                                 build/stm32f1xx_it.o
NMI_Handler                                       build/stm32f1xx_it.o
PVD_IRQHandler                                    build/startup_stm32f103xb.o
PendSV_Handler                                    build/stm32f1xx_it.o
RCC_IRQHandler                                    build/startup_stm32f103xb.o
RTC_Alarm_IRQHandler                              build/startup_stm32f103xb.o
RTC_IRQHandler                                    build/startup_stm32f103xb.o
Reset_Handler                                     build/startup_stm32f103xb.o
SPI1_IRQHandler                                   build/startup_stm32f103xb.o
SPI2_IRQHandler                                   build/startup_stm32f103xb.o
SVC_Handler                                       build/stm32f1xx_it.o
SysTick_Handler                                   build/stm32f1xx_it.o
SystemClock_Config                                build/main.o
SystemCoreClock                                   build/system_stm32f1xx.o
                                                  build/stm32f1xx_hal_i2c.o
                                                  build/stm32f1xx_hal_rcc.o
                                                  build/stm32f1xx_hal.o
SystemCoreClockUpdate                             build/system_stm32f1xx.o
SystemInit                                        build/system_stm32f1xx.o
                                                  build/startup_stm32f103xb.o
TAMPER_IRQHandler                                 build/startup_stm32f103xb.o
TIM1_BRK_IRQHandler                               build/startup_stm32f103xb.o
TIM1_CC_IRQHandler                                build/startup_stm32f103xb.o
TIM1_TRG_COM_IRQHandler                           build/startup_stm32f103xb.o
TIM1_UP_IRQHandler                                build/startup_stm32f103xb.o
TIM2_IRQHandler                                   build/stm32f1xx_it.o
TIM3_IRQHandler                                   build/startup_stm32f103xb.o
TIM4_IRQHandler                                   build/startup_stm32f103xb.o
TIMEx_DMACommutationCplt                          build/stm32f1xx_hal_tim_ex.o
                                                  build/stm32f1xx_hal_tim.o
TIMEx_DMACommutationHalfCplt                      build/stm32f1xx_hal_tim_ex.o
                                                  build/stm32f1xx_hal_tim.o
TIM_Base_SetConfig                                build/stm32f1xx_hal_tim.o
                                                  build/stm32f1xx_hal_tim_ex.o
TIM_CCxChannelCmd                                 build/stm32f1xx_hal_tim.o
                                                  build/stm32f1xx_hal_tim_ex.o
TIM_DMACaptureCplt                                build/stm32f1xx_hal_tim.o
                                                  build/stm32f1xx_hal_tim_ex.o
TIM_DMACaptureHalfCplt                            build/stm32f1xx_hal_tim.o
                                                  build/stm32f1xx_hal_tim_ex.o
TIM_DMADelayPulseHalfCplt                         build/stm32f1xx_hal_tim.o
                                                  build/stm32f1xx_hal_tim_ex.o
TIM_DMAError                                      build/stm32f1xx_hal_tim.o
                                                  build/stm32f1xx_hal_tim_ex.o
TIM_ETR_SetConfig                                 build/stm32f1xx_hal_tim.o
TIM_OC2_SetConfig                                 build/stm32f1xx_hal_tim.o
                                                  build/stm32f1xx_hal_tim_ex.o
TIM_TI1_SetConfig                                 build/stm32f1xx_hal_tim.o
                                                  build/stm32f1xx_hal_tim_ex.o
UART_Start_Receive_DMA                            build/stm32f1xx_hal_uart.o
UART_Start_Receive_IT                             build/stm32f1xx_hal_uart.o
USART1_IRQHandler                                 build/stm32f1xx_it.o
USART2_IRQHandler                                 build/stm32f1xx_it.o
USART3_IRQHandler                                 build/startup_stm32f103xb.o
USBWakeUp_IRQHandler                              build/startup_stm32f103xb.o
USB_HP_CAN1_TX_IRQHandler                         build/startup_stm32f103xb.o
USB_LP_CAN1_RX0_IRQHandler                        build/startup_stm32f103xb.o
UsageFault_Handler                                build/stm32f1xx_it.o
WWDG_IRQHandler                                   build/startup_stm32f103xb.o
_ITM_deregisterTMCloneTable                       /usr/lib/gcc/arm-none-eabi/13.2.1/thumb/v7-m/nofp/crtbegin.o
_ITM_registerTMCloneTable                         /usr/lib/gcc/arm-none-eabi/13.2.1/thumb/v7-m/nofp/crtbegin.o
_Unwind_Backtrace                                 /usr/lib/gcc/arm-none-eabi/13.2.1/thumb/v7-m/nofp/libgcc.a(libunwind.o)
_Unwind_Complete                                  /usr/lib/gcc/arm-none-eabi/13.2.1/thumb/v7-m/nofp/libgcc.a(unwind-arm.o)
_Unwind_DeleteException                           /usr/lib/gcc/arm-none-eabi/13.2.1/thumb/v7-m/nofp/libgcc.a(unwind-arm.o)
_Unwind_ForcedUnwind                              /usr/lib/gcc/arm-none-eabi/13.2.1/thumb/v7-m/nofp/libgcc.a(libunwind.o)
_Unwind_GetCFA                                    /usr/lib/gcc/arm-none-eabi/13.2.1/thumb/v7-m/nofp/libgcc.a(unwind-arm.o)
_Unwind_GetDataRelBase                            /usr/lib/gcc/arm-none-eabi/13.2.1/thumb/v7-m/nofp/libgcc.a(pr-support.o)
_Unwind_GetLanguageSpecificData                   /usr/lib/gcc/arm-none-eabi/13.2.1/thumb/v7-m/nofp/libgcc.a(pr-support.o)
_Unwind_GetRegionStart                            /usr/lib/gcc/arm-none-eabi/13.2.1/thumb/v7-m/nofp/libgcc.a(pr-support.o)
_Unwind_GetTextRelBase                            /usr/lib/gcc/arm-none-eabi/13.2.1/thumb/v7-m/nofp/libgcc.a(pr-support.o)
_Unwind_RaiseException                            /usr/lib/gcc/arm-none-eabi/13.2.1/thumb/v7-m/nofp/libgcc.a(libunwind.o)
_Unwind_Resume                                    /usr/lib/gcc/arm-none-eabi/13.2.1/thumb/v7-m/nofp/libgcc.a(libunwind.o)
_Unwind_Resume_or_Rethrow                         /usr/lib/gcc/arm-none-eabi/13.2.1/thumb/v7-m/nofp/libgcc.a(libunwind.o)
_Unwind_VRS_Get                                   /usr/lib/gcc/arm-none-eabi/13.2.1/thumb/v7-m/nofp/libgcc.a(unwind-arm.o)
                                                  /usr/lib/gcc/arm-none-eabi/13.2.1/thumb/v7-m/nofp/libgcc.a(pr-support.o)
_Unwind_VRS_Pop                                   /usr/lib/gcc/arm-none-eabi/13.2.1/thumb/v7-m/nofp/libgcc.a(unwind-arm.o)
                                                  /usr/lib/gcc/arm-none-eabi/13.2.1/thumb/v7-m/nofp/libgcc.a(pr-support.o)
_Unwind_VRS_Set                                   /usr/lib/gcc/arm-none-eabi/13.2.1/thumb/v7-m/nofp/libgcc.a(unwind-arm.o)
                                                  /usr/lib/gcc/arm-none-eabi/13.2.1/thumb/v7-m/nofp/libgcc.a(pr-support.o)
__TMC_END__                                       /usr/lib/gcc/arm-none-eabi/13.2.1/thumb/v7-m/nofp/crtend.o
                                                  /usr/lib/gcc/arm-none-eabi/13.2.1/thumb/v7-m/nofp/crtbegin.o
___Unwind_Backtrace                               /usr/lib/gcc/arm-none-eabi/13.2.1/thumb/v7-m/nofp/libgcc.a(libunwind.o)
___Unwind_ForcedUnwind                            /usr/lib/gcc/arm-none-eabi/13.2.1/thumb/v7-m/nofp/libgcc.a(libunwind.o)
___Unwind_RaiseException                          /usr/lib/gcc/arm-none-eabi/13.2.1/thumb/v7-m/nofp/libgcc.a(libunwind.o)
___Unwind_Resume                                  /usr/lib/gcc/arm-none-eabi/13.2.1/thumb/v7-m/nofp/libgcc.a(libunwind.o)
___Unwind_Resume_or_Rethrow                       /usr/lib/gcc/arm-none-eabi/13.2.1/thumb/v7-m/nofp/libgcc.a(libunwind.o)
__aeabi_unwind_cpp_pr0                            /usr/lib/gcc/arm-none-eabi/13.2.1/thumb/v7-m/nofp/libgcc.a(unwind-arm.o)
                                                  /usr/lib/gcc/arm-none-eabi/13.2.1/thumb/v7-m/nofp/libgcc.a(pr-support.o)
__aeabi_unwind_cpp_pr1                            /usr/lib/gcc/arm-none-eabi/13.2.1/thumb/v7-m/nofp/libgcc.a(unwind-arm.o)
                                                  /usr/lib/gcc/arm-none-eabi/13.2.1/thumb/v7-m/nofp/libgcc.a(pr-support.o)
                                                  build/app.o
__aeabi_unwind_cpp_pr2                            /usr/lib/gcc/arm-none-eabi/13.2.1/thumb/v7-m/nofp/libgcc.a(unwind-arm.o)
__atexit                                          /usr/lib/gcc/arm-none-eabi/13.2.1/../../../arm-none-eabi/lib/thumb/v7-m/nofp/libc_nano.a(libc_a-__call_atexit.o)
                                                  /usr/lib/gcc/arm-none-eabi/13.2.1/../../../arm-none-eabi/lib/thumb/v7-m/nofp/libc_nano.a(libc_a-__atexit.o)
__atexit0                                         /usr/lib/gcc/arm-none-eabi/13.2.1/../../../arm-none-eabi/lib/thumb/v7-m/nofp/libc_nano.a(libc_a-__atexit.o)
__atexit_dummy                                    /usr/lib/gcc/arm-none-eabi/13.2.1/../../../arm-none-eabi/lib/thumb/v7-m/nofp/libc_nano.a(libc_a-__atexit.o)
__bss_end__                                       /usr/lib/gcc/arm-none-eabi/13.2.1/../../../arm-none-eabi/lib/thumb/v7-m/nofp/crt0.o
__bss_start__                                     /usr/lib/gcc/arm-none-eabi/13.2.1/../../../arm-none-eabi/lib/thumb/v7-m/nofp/crt0.o
__call_exitprocs                                  /usr/lib/gcc/arm-none-eabi/13.2.1/../../../arm-none-eabi/lib/thumb/v7-m/nofp/libc_nano.a(libc_a-__call_atexit.o)
                                                  /usr/lib/gcc/arm-none-eabi/13.2.1/../../../arm-none-eabi/lib/thumb/v7-m/nofp/libc_nano.a(libc_a-__atexit.o)
                                                  /usr/lib/gcc/arm-none-eabi/13.2.1/../../../arm-none-eabi/lib/thumb/v7-m/nofp/libc_nano.a(libc_a-exit.o)
__cxa_begin_cleanup                               /usr/lib/gcc/arm-none-eabi/13.2.1/thumb/v7-m/nofp/libgcc.a(unwind-arm.o)
__cxa_call_unexpected                             /usr/lib/gcc/arm-none-eabi/13.2.1/thumb/v7-m/nofp/libgcc.a(unwind-arm.o)
__cxa_type_match                                  /usr/lib/gcc/arm-none-eabi/13.2.1/thumb/v7-m/nofp/libgcc.a(unwind-arm.o)
__deregister_frame_info                           /usr/lib/gcc/arm-none-eabi/13.2.1/thumb/v7-m/nofp/crtbegin.o
__dso_handle                                      /usr/lib/gcc/arm-none-eabi/13.2.1/thumb/v7-m/nofp/crtbegin.o
__exidx_end                                       /usr/lib/gcc/arm-none-eabi/13.2.1/thumb/v7-m/nofp/libgcc.a(unwind-arm.o)
__exidx_start                                     /usr/lib/gcc/arm-none-eabi/13.2.1/thumb/v7-m/nofp/libgcc.a(unwind-arm.o)
__fini_array_end                                  /usr/lib/gcc/arm-none-eabi/13.2.1/../../../arm-none-eabi/lib/thumb/v7-m/nofp/libc_nano.a(libc_a-fini.o)
__fini_array_start                                /usr/lib/gcc/arm-none-eabi/13.2.1/../../../arm-none-eabi/lib/thumb/v7-m/nofp/libc_nano.a(libc_a-fini.o)
__fp_lock_all                                     /usr/lib/gcc/arm-none-eabi/13.2.1/../../../arm-none-eabi/lib/thumb/v7-m/nofp/libc_nano.a(libc_a-findfp.o)
__fp_unlock_all                                   /usr/lib/gcc/arm-none-eabi/13.2.1/../../../arm-none-eabi/lib/thumb/v7-m/nofp/libc_nano.a(libc_a-findfp.o)
__gnu_Unwind_Backtrace                            /usr/lib/gcc/arm-none-eabi/13.2.1/thumb/v7-m/nofp/libgcc.a(unwind-arm.o)
                                                  /usr/lib/gcc/arm-none-eabi/13.2.1/thumb/v7-m/nofp/libgcc.a(libunwind.o)
__gnu_Unwind_Find_exidx                           /usr/lib/gcc/arm-none-eabi/13.2.1/thumb/v7-m/nofp/libgcc.a(unwind-arm.o)
__gnu_Unwind_ForcedUnwind                         /usr/lib/gcc/arm-none-eabi/13.2.1/thumb/v7-m/nofp/libgcc.a(unwind-arm.o)
                                                  /usr/lib/gcc/arm-none-eabi/13.2.1/thumb/v7-m/nofp/libgcc.a(libunwind.o)
__gnu_Unwind_RaiseException                       /usr/lib/gcc/arm-none-eabi/13.2.1/thumb/v7-m/nofp/libgcc.a(unwind-arm.o)
                                                  /usr/lib/gcc/arm-none-eabi/13.2.1/thumb/v7-m/nofp/libgcc.a(libunwind.o)
__gnu_Unwind_Restore_VFP                          /usr/lib/gcc/arm-none-eabi/13.2.1/thumb/v7-m/nofp/libgcc.a(libunwind.o)
                                                  /usr/lib/gcc/arm-none-eabi/13.2.1/thumb/v7-m/nofp/libgcc.a(unwind-arm.o)
__gnu_Unwind_Restore_VFP_D                        /usr/lib/gcc/arm-none-eabi/13.2.1/thumb/v7-m/nofp/libgcc.a(libunwind.o)
                                                  /usr/lib/gcc/arm-none-eabi/13.2.1/thumb/v7-m/nofp/libgcc.a(unwind-arm.o)
__gnu_Unwind_Restore_VFP_D_16_to_31               /usr/lib/gcc/arm-none-eabi/13.2.1/thumb/v7-m/nofp/libgcc.a(libunwind.o)
                                                  /usr/lib/gcc/arm-none-eabi/13.2.1/thumb/v7-m/nofp/libgcc.a(unwind-arm.o)
__gnu_Unwind_Restore_WMMXC                        /usr/lib/gcc/arm-none-eabi/13.2.1/thumb/v7-m/nofp/libgcc.a(libunwind.o)
                                                  /usr/lib/gcc/arm-none-eabi/13.2.1/thumb/v7-m/nofp/libgcc.a(unwind-arm.o)
__gnu_Unwind_Restore_WMMXD                        /usr/lib/gcc/arm-none-eabi/13.2.1/thumb/v7-m/nofp/libgcc.a(libunwind.o)
                                                  /usr/lib/gcc/arm-none-eabi/13.2.1/thumb/v7-m/nofp/libgcc.a(unwind-arm.o)
__gnu_Unwind_Resume                               /usr/lib/gcc/arm-none-eabi/13.2.1/thumb/v7-m/nofp/libgcc.a(unwind-arm.o)
                                                  /usr/lib/gcc/arm-none-eabi/13.2.1/thumb/v7-m/nofp/libgcc.a(libunwind.o)
__gnu_Unwind_Resume_or_Rethrow                    /usr/lib/gcc/arm-none-eabi/13.2.1/thumb/v7-m/nofp/libgcc.a(unwind-arm.o)
                                                  /usr/lib/gcc/arm-none-eabi/13.2.1/thumb/v7-m/nofp/libgcc.a(libunwind.o)
__gnu_Unwind_Save_VFP                             /usr/lib/gcc/arm-none-eabi/13.2.1/thumb/v7-m/nofp/libgcc.a(libunwind.o)
                                                  /usr/lib/gcc/arm-none-eabi/13.2.1/thumb/v7-m/nofp/libgcc.a(unwind-arm.o)
__gnu_Unwind_Save_VFP_D                           /usr/lib/gcc/arm-none-eabi/13.2.1/thumb/v7-m/nofp/libgcc.a(libunwind.o)
                                                  /usr/lib/gcc/arm-none-eabi/13.2.1/thumb/v7-m/nofp/libgcc.a(unwind-arm.o)
__gnu_Unwind_Save_VFP_D_16_to_31                  /usr/lib/gcc/arm-none-eabi/13.2.1/thumb/v7-m/nofp/libgcc.a(libunwind.o)
                                                  /usr/lib/gcc/arm-none-eabi/13.2.1/thumb/v7-m/nofp/libgcc.a(unwind-arm.o)
__gnu_Unwind_Save_WMMXC                           /usr/lib/gcc/arm-none-eabi/13.2.1/thumb/v7-m/nofp/libgcc.a(libunwind.o)
                                                  /usr/lib/gcc/arm-none-eabi/13.2.1/thumb/v7-m/nofp/libgcc.a(unwind-arm.o)
__gnu_Unwind_Save_WMMXD                           /usr/lib/gcc/arm-none-eabi/13.2.1/thumb/v7-m/nofp/libgcc.a(libunwind.o)
                                                  /usr/lib/gcc/arm-none-eabi/13.2.1/thumb/v7-m/nofp/libgcc.a(unwind-arm.o)
__gnu_unwind_execute                              /usr/lib/gcc/arm-none-eabi/13.2.1/thumb/v7-m/nofp/libgcc.a(pr-support.o)
                                                  /usr/lib/gcc/arm-none-eabi/13.2.1/thumb/v7-m/nofp/libgcc.a(unwind-arm.o)
__gnu_unwind_frame                                /usr/lib/gcc/arm-none-eabi/13.2.1/thumb/v7-m/nofp/libgcc.a(pr-support.o)
__init_array_end                                  /usr/lib/gcc/arm-none-eabi/13.2.1/../../../arm-none-eabi/lib/thumb/v7-m/nofp/libc_nano.a(libc_a-init.o)
__init_array_start                                /usr/lib/gcc/arm-none-eabi/13.2.1/../../../arm-none-eabi/lib/thumb/v7-m/nofp/libc_nano.a(libc_a-init.o)
__libc_fini_array                                 /usr/lib/gcc/arm-none-eabi/13.2.1/../../../arm-none-eabi/lib/thumb/v7-m/nofp/libc_nano.a(libc_a-fini.o)
                                                  /usr/lib/gcc/arm-none-eabi/13.2.1/../../../arm-none-eabi/lib/thumb/v7-m/nofp/crt0.o
__libc_init_array                                 /usr/lib/gcc/arm-none-eabi/13.2.1/../../../arm-none-eabi/lib/thumb/v7-m/nofp/libc_nano.a(libc_a-init.o)
                                                  build/startup_stm32f103xb.o
                                                  /usr/lib/gcc/arm-none-eabi/13.2.1/../../../arm-none-eabi/lib/thumb/v7-m/nofp/crt0.o
__malloc_free_list                                /usr/lib/gcc/arm-none-eabi/13.2.1/../../../arm-none-eabi/lib/thumb/v7-m/nofp/libc_nano.a(libc_a-mallocr.o)
                                                  /usr/lib/gcc/arm-none-eabi/13.2.1/../../../arm-none-eabi/lib/thumb/v7-m/nofp/libc_nano.a(libc_a-freer.o)
__malloc_lock                                     /usr/lib/gcc/arm-none-eabi/13.2.1/../../../arm-none-eabi/lib/thumb/v7-m/nofp/libc_nano.a(libc_a-mlock.o)
                                                  /usr/lib/gcc/arm-none-eabi/13.2.1/../../../arm-none-eabi/lib/thumb/v7-m/nofp/libc_nano.a(libc_a-freer.o)
                                                  /usr/lib/gcc/arm-none-eabi/13.2.1/../../../arm-none-eabi/lib/thumb/v7-m/nofp/libc_nano.a(libc_a-mallocr.o)