Archive member included to satisfy reference by file (symbol)

/usr/lib/gcc/arm-none-eabi/13.2.1/../../../arm-none-eabi/lib/thumb/v7-m/nofp/libc_nano.a(libc_a-sprintf.o)
                              build/main.o (sprintf)
/usr/lib/gcc/arm-none-eabi/13.2.1/../../../arm-none-eabi/lib/thumb/v7-m/nofp/libc_nano.a(libc_a-strlen-stub.o)
                              build/main.o (strlen)
/usr/lib/gcc/arm-none-eabi/13.2.1/../../../arm-none-eabi/lib/thumb/v7-m/nofp/libc_nano.a(libc_a-impure.o)
                              /usr/lib/gcc/arm-none-eabi/13.2.1/../../../arm-none-eabi/lib/thumb/v7-m/nofp/libc_nano.a(libc_a-sprintf.o) (_impure_ptr)
/usr/lib/gcc/arm-none-eabi/13.2.1/../../../arm-none-eabi/lib/thumb/v7-m/nofp/libc_nano.a(libc_a-nano-svfprintf.o)
                              /usr/lib/gcc/arm-none-eabi/13.2.1/../../../arm-none-eabi/lib/thumb/v7-m/nofp/libc_nano.a(libc_a-sprintf.o) (_svfprintf_r)
/usr/lib/gcc/arm-none-eabi/13.2.1/../../../arm-none-eabi/lib/thumb/v7-m/nofp/libc_nano.a(libc_a-init.o)
                              /usr/lib/gcc/arm-none-eabi/13.2.1/../../../arm-none-eabi/lib/thumb/v7-m/nofp/crt0.o (__libc_init_array)
/usr/lib/gcc/arm-none-eabi/13.2.1/../../../arm-none-eabi/lib/thumb/v7-m/nofp/libc_nano.a(libc_a-memset.o)
                              /usr/lib/gcc/arm-none-eabi/13.2.1/../../../arm-none-eabi/lib/thumb/v7-m/nofp/crt0.o (memset)
/usr/lib/gcc/arm-none-eabi/13.2.1/../../../arm-none-eabi/lib/thumb/v7-m/nofp/libc_nano.a(libc_a-nano-vfprintf_float.o)
                              /usr/lib/gcc/arm-none-eabi/13.2.1/../../../arm-none-eabi/lib/thumb/v7-m/nofp/libc_nano.a(libc_a-nano-svfprintf.o) (_printf_float)
/usr/lib/gcc/arm-none-eabi/13.2.1/../../../arm-none-eabi/lib/thumb/v7-m/nofp/libc_nano.a(libc_a-mallocr.o)
                              /usr/lib/gcc/arm-none-eabi/13.2.1/../../../arm-none-eabi/lib/thumb/v7-m/nofp/libc_nano.a(libc_a-nano-svfprintf.o) (_malloc_r)
/usr/lib/gcc/arm-none-eabi/13.2.1/../../../arm-none-eabi/lib/thumb/v7-m/nofp/libc_nano.a(libc_a-dtoa.o)
                              /usr/lib/gcc/arm-none-eabi/13.2.1/../../../arm-none-eabi/lib/thumb/v7-m/nofp/libc_nano.a(libc_a-nano-vfprintf_float.o) (_dtoa_r)
/usr/lib/gcc/arm-none-eabi/13.2.1/../../../arm-none-eabi/lib/thumb/v7-m/nofp/libc_nano.a(libc_a-freer.o)
                              /usr/lib/gcc/arm-none-eabi/13.2.1/../../../arm-none-eabi/lib/thumb/v7-m/nofp/libc_nano.a(libc_a-nano-svfprintf.o) (_free_r)
/usr/lib/gcc/arm-none-eabi/13.2.1/../../../arm-none-eabi/lib/thumb/v7-m/nofp/libc_nano.a(libc_a-memmove.o)
                              /usr/lib/gcc/arm-none-eabi/13.2.1/../../../arm-none-eabi/lib/thumb/v7-m/nofp/libc_nano.a(libc_a-nano-svfprintf.o) (memmove)
/usr/lib/gcc/arm-none-eabi/13.2.1/../../../arm-none-eabi/lib/thumb/v7-m/nofp/libc_nano.a(libc_a-memcpy.o)
                              /usr/lib/gcc/arm-none-eabi/13.2.1/../../../arm-none-eabi/lib/thumb/v7-m/nofp/libc_nano.a(libc_a-nano-svfprintf.o) (memcpy)
/usr/lib/gcc/arm-none-eabi/13.2.1/../../../arm-none-eabi/lib/thumb/v7-m/nofp/libc_nano.a(libc_a-malloc.o)
                              /usr/lib/gcc/arm-none-eabi/13.2.1/../../../arm-none-eabi/lib/thumb/v7-m/nofp/libc_nano.a(libc_a-dtoa.o) (malloc)
/usr/lib/gcc/arm-none-eabi/13.2.1/../../../arm-none-eabi/lib/thumb/v7-m/nofp/libc_nano.a(libc_a-reallocr.o)
                              /usr/lib/gcc/arm-none-eabi/13.2.1/../../../arm-none-eabi/lib/thumb/v7-m/nofp/libc_nano.a(libc_a-nano-svfprintf.o) (_realloc_r)
/usr/lib/gcc/arm-none-eabi/13.2.1/../../../arm-none-eabi/lib/thumb/v7-m/nofp/libc_nano.a(libc_a-nano-vfprintf_i.o)
                              /usr/lib/gcc/arm-none-eabi/13.2.1/../../../arm-none-eabi/lib/thumb/v7-m/nofp/libc_nano.a(libc_a-nano-vfprintf_float.o) (_printf_common)
/usr/lib/gcc/arm-none-eabi/13.2.1/../../../arm-none-eabi/lib/thumb/v7-m/nofp/libc_nano.a(libc_a-mlock.o)
                              /usr/lib/gcc/arm-none-eabi/13.2.1/../../../arm-none-eabi/lib/thumb/v7-m/nofp/libc_nano.a(libc_a-mallocr.o) (__malloc_lock)
/usr/lib/gcc/arm-none-eabi/13.2.1/../../../arm-none-eabi/lib/thumb/v7-m/nofp/libc_nano.a(libc_a-exit.o)
                              /usr/lib/gcc/arm-none-eabi/13.2.1/../../../arm-none-eabi/lib/thumb/v7-m/nofp/crt0.o (exit)
/usr/lib/gcc/arm-none-eabi/13.2.1/../../../arm-none-eabi/lib/thumb/v7-m/nofp/libc_nano.a(libc_a-atexit.o)
                              /usr/lib/gcc/arm-none-eabi/13.2.1/../../../arm-none-eabi/lib/thumb/v7-m/nofp/crt0.o (atexit)
/usr/lib/gcc/arm-none-eabi/13.2.1/../../../arm-none-eabi/lib/thumb/v7-m/nofp/libc_nano.a(libc_a-memchr-stub.o)
                              /usr/lib/gcc/arm-none-eabi/13.2.1/../../../arm-none-eabi/lib/thumb/v7-m/nofp/libc_nano.a(libc_a-nano-svfprintf.o) (memchr)
/usr/lib/gcc/arm-none-eabi/13.2.1/../../../arm-none-eabi/lib/thumb/v7-m/nofp/libc_nano.a(libc_a-snprintf.o)
                              build/main.o (snprintf)
/usr/lib/gcc/arm-none-eabi/13.2.1/../../../arm-none-eabi/lib/thumb/v7-m/nofp/libc_nano.a(libc_a-fini.o)
[...]
Memory Configuration

Name             Origin             Length             Attributes
RAM              0x20000000         0x00005000         xrw
FLASH            0x08000000         0x00010000         xr
*default*        0x00000000         0xffffffff

Linker script and memory map

LOAD /usr/lib/gcc/arm-none-eabi/13.2.1/thumb/v7-m/nofp/crti.o
LOAD /usr/lib/gcc/arm-none-eabi/13.2.1/thumb/v7-m/nofp/crtbegin.o
LOAD /usr/lib/gcc/arm-none-eabi/13.2.1/../../../arm-none-eabi/lib/thumb/v7-m/nofp/crt0.o
LOAD build/main.o
LOAD build/gpio.o
LOAD build/stm32f1xx_it.o
LOAD build/stm32f1xx_hal_msp.o
LOAD build/stm32f1xx_hal_gpio_ex.o
LOAD build/stm32f1xx_hal.o
LOAD build/stm32f1xx_hal_rcc.o
LOAD build/stm32f1xx_hal_rcc_ex.o
LOAD build/stm32f1xx_hal_gpio.o
LOAD build/stm32f1xx_hal_dma.o
LOAD build/stm32f1xx_hal_cortex.o
LOAD build/stm32f1xx_hal_pwr.o
LOAD build/stm32f1xx_hal_flash.o
LOAD build/stm32f1xx_hal_flash_ex.o
LOAD build/stm32f1xx_hal_exti.o
LOAD build/system_stm32f1xx.o
LOAD build/dma.o
LOAD build/tim.o
LOAD build/usart.o
LOAD build/stm32f1xx_hal_tim.o
LOAD build/stm32f1xx_hal_tim_ex.o
LOAD build/stm32f1xx_hal_uart.o
LOAD build/startup_stm32f103xb.o
LOAD build/mpu_6050.o
LOAD /usr/lib/gcc/arm-none-eabi/13.2.1/../../../arm-none-eabi/lib/thumb/v7-m/nofp/libc_nano.a
LOAD /usr/lib/gcc/arm-none-eabi/13.2.1/../../../arm-none-eabi/lib/thumb/v7-m/nofp/libm.a
LOAD /usr/lib/gcc/arm-none-eabi/13.2.1/../../../arm-none-eabi/lib/thumb/v7-m/nofp/libnosys.a
START GROUP
LOAD /usr/lib/gcc/arm-none-eabi/13.2.1/thumb/v7-m/nofp/libgcc.a
LOAD /usr/lib/gcc/arm-none-eabi/13.2.1/../../../arm-none-eabi/lib/thumb/v7-m/nofp/libc_nano.a
END GROUP
START GROUP
LOAD /usr/lib/gcc/arm-none-eabi/13.2.1/thumb/v7-m/nofp/libgcc.a
LOAD /usr/lib/gcc/arm-none-eabi/13.2.1/../../../arm-none-eabi/lib/thumb/v7-m/nofp/libc_nano.a
END GROUP
LOAD /usr/lib/gcc/arm-none-eabi/13.2.1/thumb/v7-m/nofp/crtend.o
LOAD /usr/lib/gcc/arm-none-eabi/13.2.1/thumb/v7-m/nofp/crtn.o
                0x20005000                        _estack = (ORIGIN (RAM) + LENGTH (RAM))
                0x00000200                        _Min_Heap_Size = 0x200
                0x00000400                        _Min_Stack_Size = 0x400

.isr_vector     0x08000000      0x10c
                0x08000000                        . = ALIGN (0x4)
 *(.isr_vector)
 .isr_vector    0x08000000      0x10c build/startup_stm32f103xb.o
                0x08000000                g_pfnVectors
                0x0800010c                        . = ALIGN (0x4)

.text           0x08000110     0x8fa4
                0x08000110                        . = ALIGN (0x4)
 *(.text)
 .text          0x08000110       0x88 /usr/lib/gcc/arm-none-eabi/13.2.1/thumb/v7-m/nofp/crtbegin.o
 .text          0x08000198       0x80 /usr/lib/gcc/arm-none-eabi/13.2.1/../../../arm-none-eabi/lib/thumb/v7-m/nofp/libc_nano.a(libc_a-sprintf.o)
                0x08000198                _siprintf_r
                0x08000198                _sprintf_r
                0x080001d4                sprintf
                0x080001d4                siprintf
 .text          0x08000218       0x5c /usr/lib/gcc/arm-none-eabi/13.2.1/../../../arm-none-eabi/lib/thumb/v7-m/nofp/libc_nano.a(libc_a-strlen-stub.o)
                0x08000218                strlen
 .text          0x08000274      0x400 /usr/lib/gcc/arm-none-eabi/13.2.1/../../../arm-none-eabi/lib/thumb/v7-m/nofp/libc_nano.a(libc_a-nano-svfprintf.o)
                0x08000274                __ssputs_r
                0x08000334                __ssprint_r
                0x08000444                _svfprintf_r
                0x08000444                _svfiprintf_r
 .text          0x08000674       0x50 /usr/lib/gcc/arm-none-eabi/13.2.1/../../../arm-none-eabi/lib/thumb/v7-m/nofp/libc_nano.a(libc_a-init.o)
                0x08000674                __libc_init_array
 .text          0x080006c4       0xa0 /usr/lib/gcc/arm-none-eabi/13.2.1/../../../arm-none-eabi/lib/thumb/v7-m/nofp/libc_nano.a(libc_a-memset.o)
                0x080006c4                memset
 .text          0x08000764      0x6f4 /usr/lib/gcc/arm-none-eabi/13.2.1/../../../arm-none-eabi/lib/thumb/v7-m/nofp/libc_nano.a(libc_a-nano-vfprintf_float.o)
                0x08000764                __cvt
                0x0800088c                __exponent
                0x08000914                _printf_float
 .text          0x08000e58      0x14c /usr/lib/gcc/arm-none-eabi/13.2.1/../../../arm-none-eabi/lib/thumb/v7-m/nofp/libc_nano.a(libc_a-mallocr.o)
                0x08000ea4                _malloc_r
 *fill*         0x08000fa4        0x4 
 .text          0x08000fa8      0xff0 /usr/lib/gcc/arm-none-eabi/13.2.1/../../../arm-none-eabi/lib/thumb/v7-m/nofp/libc_nano.a(libc_a-dtoa.o)
                0x080010e4                _dtoa_r
 .text          0x08001f98       0xbc /usr/lib/gcc/arm-none-eabi/13.2.1/../../../arm-none-eabi/lib/thumb/v7-m/nofp/libc_nano.a(libc_a-freer.o)
                0x08001f98                _free_r
 .text          0x08002054       0xfc /usr/lib/gcc/arm-none-eabi/13.2.1/../../../arm-none-eabi/lib/thumb/v7-m/nofp/libc_nano.a(libc_a-memmove.o)
                0x08002054                memmove
 .text          0x08002150       0xec /usr/lib/gcc/arm-none-eabi/13.2.1/../../../arm-none-eabi/lib/thumb/v7-m/nofp/libc_nano.a(libc_a-memcpy.o)
                0x08002150                memcpy
 .text          0x0800223c       0x20 /usr/lib/gcc/arm-none-eabi/13.2.1/../../../arm-none-eabi/lib/thumb/v7-m/nofp/libc_nano.a(libc_a-malloc.o)
                0x0800223c                malloc
                0x0800224c                free
 .text          0x0800225c       0x64 /usr/lib/gcc/arm-none-eabi/13.2.1/../../../arm-none-eabi/lib/thumb/v7-m/nofp/libc_nano.a(libc_a-reallocr.o)
                0x0800225c                _realloc_r
 .text          0x080022c0      0x3a8 /usr/lib/gcc/arm-none-eabi/13.2.1/../../../arm-none-eabi/lib/thumb/v7-m/nofp/libc_nano.a(libc_a-nano-vfprintf_i.o)
                0x080022c0                _printf_common
                0x080023e4                _printf_i
 .text          0x08002668        0x8 /usr/lib/gcc/arm-none-eabi/13.2.1/../../../arm-none-eabi/lib/thumb/v7-m/nofp/libc_nano.a(libc_a-mlock.o)
                0x08002668                __malloc_lock
                0x0800266c                __malloc_unlock
 .text          0x08002670       0x98 /usr/lib/gcc/arm-none-eabi/13.2.1/../../../arm-none-eabi/lib/thumb/v7-m/nofp/libc_nano.a(libc_a-memchr-stub.o)
                0x08002670                memchr
 .text          0x08002708      0x10c /usr/lib/gcc/arm-none-eabi/13.2.1/../../../arm-none-eabi/lib/thumb/v7-m/nofp/libc_nano.a(libc_a-snprintf.o)
                0x08002708                _sniprintf_r
                0x08002708                _snprintf_r
                0x08002788                snprintf
                0x08002788                sniprintf
 .text          0x08002814       0x4c /usr/lib/gcc/arm-none-eabi/13.2.1/../../../arm-none-eabi/lib/thumb/v7-m/nofp/libc_nano.a(libc_a-assert.o)
                0x08002814                __assert_func
                0x08002854                __assert
 .text          0x08002860      0xad0 /usr/lib/gcc/arm-none-eabi/13.2.1/../../../arm-none-eabi/lib/thumb/v7-m/nofp/libc_nano.a(libc_a-mprec.o)
                0x08002860                _Balloc
                0x080028e0                _Bfree
                0x08002928                __multadd
                0x080029c4                __s2b
                0x08002a74                __hi0bits
                0x08002ab8                __lo0bits
                0x08002b14                __i2b
                0x08002b40                __multiply
                0x08002ca4                __pow5mult
                0x08002d84                __lshift
                0x08002e6c                __mcmp
                0x08002eac                __mdiff
                0x08003024                __ulp
                0x08003074                __b2d
                0x08003128                __d2b
                0x080031e4                __ratio
                0x08003240                _mprec_log10
                0x08003278                __copybits
                0x080032d8                __any_on
 .text          0x08003330       0x24 /usr/lib/gcc/arm-none-eabi/13.2.1/../../../arm-none-eabi/lib/thumb/v7-m/nofp/libc_nano.a(libc_a-sbrkr.o)
                0x08003330                _sbrk_r
 .text          0x08003354       0x10 /usr/lib/gcc/arm-none-eabi/13.2.1/../../../arm-none-eabi/lib/thumb/v7-m/nofp/libc_nano.a(libc_a-msizer.o)
                0x08003354                _malloc_usable_size_r
 .text          0x08003364       0x14 /usr/lib/gcc/arm-none-eabi/13.2.1/../../../arm-none-eabi/lib/thumb/v7-m/nofp/libc_nano.a(libc_a-localeconv.o)
                0x08003364                __localeconv_l
                0x08003368                _localeconv_r
                0x08003370                localeconv
 .text          0x08003378      0x224 /usr/lib/gcc/arm-none-eabi/13.2.1/../../../arm-none-eabi/lib/thumb/v7-m/nofp/libc_nano.a(libc_a-findfp.o)
                0x080034a8                __sfp
                0x0800354c                __sinit
                0x0800356c                __sfp_lock_acquire
                0x08003570                __sfp_lock_release
                0x08003574                __fp_lock_all
                0x08003588                __fp_unlock_all
 .text          0x0800359c       0x10 /usr/lib/gcc/arm-none-eabi/13.2.1/../../../arm-none-eabi/lib/thumb/v7-m/nofp/libc_nano.a(libc_a-abort.o)
                0x0800359c                abort
 .text          0x080035ac      0x198 /usr/lib/gcc/arm-none-eabi/13.2.1/../../../arm-none-eabi/lib/thumb/v7-m/nofp/libc_nano.a(libc_a-fflush.o)
                0x080035ac                __sflush_r
                0x080036c0                _fflush_r
                0x080036f8                fflush
 .text          0x08003744       0x28 /usr/lib/gcc/arm-none-eabi/13.2.1/../../../arm-none-eabi/lib/thumb/v7-m/nofp/libc_nano.a(libc_a-callocr.o)
                0x08003744                _calloc_r
 .text          0x0800376c       0x44 /usr/lib/gcc/arm-none-eabi/13.2.1/../../../arm-none-eabi/lib/thumb/v7-m/nofp/libc_nano.a(libc_a-fwalk.o)
                0x0800376c                _fwalk_sglue
 .text          0x080037b0       0x30 /usr/lib/gcc/arm-none-eabi/13.2.1/../../../arm-none-eabi/lib/thumb/v7-m/nofp/libc_nano.a(libc_a-wctomb_r.o)
                0x080037b0                _wctomb_r
                0x080037c4                __ascii_wctomb
 .text          0x080037e0       0x44 /usr/lib/gcc/arm-none-eabi/13.2.1/../../../arm-none-eabi/lib/thumb/v7-m/nofp/libc_nano.a(libc_a-fprintf.o)
                0x080037e0                _fprintf_r
                0x080037e0                _fiprintf_r
                0x080037fc                fprintf
                0x080037fc                fiprintf
 .text          0x08003824      0x2ec /usr/lib/gcc/arm-none-eabi/13.2.1/../../../arm-none-eabi/lib/thumb/v7-m/nofp/libc_nano.a(libc_a-nano-vfprintf.o)
                0x0800384c                __sfputs_r
                0x0800387c                __sprint_r
                0x0800389c                _vfiprintf_r
                0x0800389c                _vfprintf_r
                0x08003af4                vfiprintf
                0x08003af4                vfprintf
 .text          0x08003b10       0x9c /usr/lib/gcc/arm-none-eabi/13.2.1/../../../arm-none-eabi/lib/thumb/v7-m/nofp/libc_nano.a(libc_a-wbuf.o)
                0x08003b10                __swbuf_r
                0x08003b98                __swbuf
 .text          0x08003bac       0x94 /usr/lib/gcc/arm-none-eabi/13.2.1/../../../arm-none-eabi/lib/thumb/v7-m/nofp/libc_nano.a(libc_a-stdio.o)
                0x08003bac                __sread
                0x08003bd0                __seofread
                0x08003bd4                __swrite
                0x08003c14                __sseek
                0x08003c38                __sclose
 .text          0x08003c40      0x2ec /usr/lib/gcc/arm-none-eabi/13.2.1/../../../arm-none-eabi/lib/thumb/v7-m/nofp/libc_nano.a(libc_a-fvwrite.o)
                0x08003c40                __sfvwrite_r
 .text          0x08003f2c       0x40 /usr/lib/gcc/arm-none-eabi/13.2.1/../../../arm-none-eabi/lib/thumb/v7-m/nofp/libc_nano.a(libc_a-mbtowc_r.o)
                0x08003f2c                _mbtowc_r
                0x08003f40                __ascii_mbtowc
 .text          0x08003f6c      0x264 /usr/lib/gcc/arm-none-eabi/13.2.1/../../../arm-none-eabi/lib/thumb/v7-m/nofp/libc_nano.a(libc_a-signal.o)
                0x08003f6c                _init_signal_r
                0x08003f98                _signal_r
                0x08003fe4                _raise_r
                0x08004034                __sigtramp_r
                0x08004098                raise
                0x080040ec                signal
                0x08004138                _init_signal
                0x0800416c                __sigtramp
 .text          0x080041d0       0x24 /usr/lib/gcc/arm-none-eabi/13.2.1/../../../arm-none-eabi/lib/thumb/v7-m/nofp/libc_nano.a(libc_a-closer.o)
                0x080041d0                _close_r
 .text          0x080041f4       0xc4 /usr/lib/gcc/arm-none-eabi/13.2.1/../../../arm-none-eabi/lib/thumb/v7-m/nofp/libc_nano.a(libc_a-wsetup.o)
                0x080041f4                __swsetup_r
 .text          0x080042b8       0x2c /usr/lib/gcc/arm-none-eabi/13.2.1/../../../arm-none-eabi/lib/thumb/v7-m/nofp/libc_nano.a(libc_a-readr.o)
                0x080042b8                _read_r
 .text          0x080042e4      0x110 /usr/lib/gcc/arm-none-eabi/13.2.1/../../../arm-none-eabi/lib/thumb/v7-m/nofp/libc_nano.a(libc_a-makebuf.o)
                0x080042e4                __smakebuf_r
                0x080043a8                __swhatbuf_r
 .text          0x080043f4       0x2c /usr/lib/gcc/arm-none-eabi/13.2.1/../../../arm-none-eabi/lib/thumb/v7-m/nofp/libc_nano.a(libc_a-lseekr.o)
                0x080043f4                _lseek_r
 .text          0x08004420       0x2c /usr/lib/gcc/arm-none-eabi/13.2.1/../../../arm-none-eabi/lib/thumb/v7-m/nofp/libc_nano.a(libc_a-writer.o)
                0x08004420                _write_r
 .text          0x0800444c       0x24 /usr/lib/gcc/arm-none-eabi/13.2.1/../../../arm-none-eabi/lib/thumb/v7-m/nofp/libc_nano.a(libc_a-isattyr.o)
                0x0800444c                _isatty_r
 .text          0x08004470       0x2c /usr/lib/gcc/arm-none-eabi/13.2.1/../../../arm-none-eabi/lib/thumb/v7-m/nofp/libc_nano.a(libc_a-signalr.o)
                0x08004470                _kill_r
                0x08004498                _getpid_r
 .text          0x0800449c       0x28 /usr/lib/gcc/arm-none-eabi/13.2.1/../../../arm-none-eabi/lib/thumb/v7-m/nofp/libc_nano.a(libc_a-fstatr.o)
                0x0800449c                _fstat_r
 .text          0x080044c4        0x4 /usr/lib/gcc/arm-none-eabi/13.2.1/../../../arm-none-eabi/lib/thumb/v7-m/nofp/libm.a(libm_a-w_atan2.o)
                0x080044c4                atan2
 .text          0x080044c8      0x190 /usr/lib/gcc/arm-none-eabi/13.2.1/../../../arm-none-eabi/lib/thumb/v7-m/nofp/libm.a(libm_a-e_atan2.o)
                0x080044c8                __ieee754_atan2
 .text          0x08004658      0x32c /usr/lib/gcc/arm-none-eabi/13.2.1/../../../arm-none-eabi/lib/thumb/v7-m/nofp/libm.a(libm_a-s_atan.o)
                0x08004658                atan
 .text          0x08004984        0x8 /usr/lib/gcc/arm-none-eabi/13.2.1/../../../arm-none-eabi/lib/thumb/v7-m/nofp/libm.a(libm_a-s_fabs.o)
                0x08004984                fabs
 .text          0x0800498c       0x10 /usr/lib/gcc/arm-none-eabi/13.2.1/../../../arm-none-eabi/lib/thumb/v7-m/nofp/libnosys.a(close.o)
                0x0800498c                _close
 .text          0x0800499c       0x10 /usr/lib/gcc/arm-none-eabi/13.2.1/../../../arm-none-eabi/lib/thumb/v7-m/nofp/libnosys.a(fstat.o)
                0x0800499c                _fstat
 .text          0x080049ac       0x10 /usr/lib/gcc/arm-none-eabi/13.2.1/../../../arm-none-eabi/lib/thumb/v7-m/nofp/libnosys.a(getpid.o)
                0x080049ac                _getpid
 .text          0x080049bc       0x10 /usr/lib/gcc/arm-none-eabi/13.2.1/../../../arm-none-eabi/lib/thumb/v7-m/nofp/libnosys.a(isatty.o)
                0x080049bc                _isatty
 .text          0x080049cc       0x10 /usr/lib/gcc/arm-none-eabi/13.2.1/../../../arm-none-eabi/lib/thumb/v7-m/nofp/libnosys.a(kill.o)
                0x080049cc                _kill
 .text          0x080049dc       0x10 /usr/lib/gcc/arm-none-eabi/13.2.1/../../../arm-none-eabi/lib/thumb/v7-m/nofp/libnosys.a(lseek.o)
                0x080049dc                _lseek
 .text          0x080049ec       0x10 /usr/lib/gcc/arm-none-eabi/13.2.1/../../../arm-none-eabi/lib/thumb/v7-m/nofp/libnosys.a(read.o)
                0x080049ec                _read
 .text          0x080049fc       0x1c /usr/lib/gcc/arm-none-eabi/13.2.1/../../../arm-none-eabi/lib/thumb/v7-m/nofp/libnosys.a(sbrk.o)
                0x080049fc                _sbrk
 .text          0x08004a18       0x10 /usr/lib/gcc/arm-none-eabi/13.2.1/../../../arm-none-eabi/lib/thumb/v7-m/nofp/libnosys.a(write.o)
                0x08004a18                _write
 .text          0x08004a28        0x4 /usr/lib/gcc/arm-none-eabi/13.2.1/../../../arm-none-eabi/lib/thumb/v7-m/nofp/libnosys.a(_exit.o)
                0x08004a28                _exit
 .text          0x08004a2c      0x378 /usr/lib/gcc/arm-none-eabi/13.2.1/thumb/v7-m/nofp/libgcc.a(_arm_addsubdf3.o)
                0x08004a2c                __aeabi_drsub
                0x08004a34                __aeabi_dsub
                0x08004a34                __subdf3
                0x08004a38                __adddf3
                0x08004a38                __aeabi_dadd
                0x08004cb0                __aeabi_ui2d
                0x08004cb0                __floatunsidf
                0x08004cd0                __floatsidf
                0x08004cd0                __aeabi_i2d
                0x08004cf4                __extendsfdf2
                0x08004cf4                __aeabi_f2d
                0x08004d38                __aeabi_ul2d
                0x08004d38                __floatundidf
                0x08004d48                __floatdidf
                0x08004d48                __aeabi_l2d
 .text          0x08004da4      0x424 /usr/lib/gcc/arm-none-eabi/13.2.1/thumb/v7-m/nofp/libgcc.a(_arm_muldivdf3.o)
                0x08004da4                __aeabi_dmul
                0x08004da4                __muldf3
                0x08004ff8                __aeabi_ddiv
                0x08004ff8                __divdf3
 .text          0x080051c8      0x110 /usr/lib/gcc/arm-none-eabi/13.2.1/thumb/v7-m/nofp/libgcc.a(_arm_cmpdf2.o)
                0x080051c8                __gtdf2
                0x080051c8                __gedf2
                0x080051d0                __ltdf2
                0x080051d0                __ledf2
                0x080051d8                __cmpdf2
                0x080051d8                __eqdf2
                0x080051d8                __nedf2
                0x08005254                __aeabi_cdrcmple
                0x08005264                __aeabi_cdcmple
                0x08005264                __aeabi_cdcmpeq
                0x08005274                __aeabi_dcmpeq
                0x08005288                __aeabi_dcmplt
                0x0800529c                __aeabi_dcmple
                0x080052b0                __aeabi_dcmpge
                0x080052c4                __aeabi_dcmpgt
 .text          0x080052d8       0x2c /usr/lib/gcc/arm-none-eabi/13.2.1/thumb/v7-m/nofp/libgcc.a(_arm_unorddf2.o)
                0x080052d8                __aeabi_dcmpun
                0x080052d8                __unorddf2
 .text          0x08005304       0x50 /usr/lib/gcc/arm-none-eabi/13.2.1/thumb/v7-m/nofp/libgcc.a(_arm_fixdfsi.o)
                0x08005304                __fixdfsi
                0x08005304                __aeabi_d2iz
 .text          0x08005354       0xa0 /usr/lib/gcc/arm-none-eabi/13.2.1/thumb/v7-m/nofp/libgcc.a(_arm_truncdfsf2.o)
                0x08005354                __aeabi_d2f
                0x08005354                __truncdfsf2
 .text          0x080053f4      0x21c /usr/lib/gcc/arm-none-eabi/13.2.1/thumb/v7-m/nofp/libgcc.a(_arm_addsubsf3.o)
                0x080053f4                __aeabi_frsub
                0x080053fc                __subsf3
                0x080053fc                __aeabi_fsub
                0x08005400                __aeabi_fadd
                0x08005400                __addsf3
                0x08005560                __aeabi_ui2f
                0x08005560                __floatunsisf
                0x08005568                __aeabi_i2f
                0x08005568                __floatsisf
                0x08005584                __floatundisf
                0x08005584                __aeabi_ul2f
                0x08005594                __floatdisf
                0x08005594                __aeabi_l2f
 .text          0x08005610      0x2a0 /usr/lib/gcc/arm-none-eabi/13.2.1/thumb/v7-m/nofp/libgcc.a(_arm_muldivsf3.o)
                0x08005610                __mulsf3
                0x08005610                __aeabi_fmul
                0x08005778                __divsf3
                0x08005778                __aeabi_fdiv
 .text          0x080058b0       0x4c /usr/lib/gcc/arm-none-eabi/13.2.1/thumb/v7-m/nofp/libgcc.a(_arm_fixsfsi.o)
                0x080058b0                __fixsfsi
                0x080058b0                __aeabi_f2iz
 .text          0x080058fc      0xa60 /usr/lib/gcc/arm-none-eabi/13.2.1/thumb/v7-m/nofp/libgcc.a(unwind-arm.o)
                0x08005bbc                _Unwind_GetCFA
                0x08005bc0                __gnu_Unwind_RaiseException
                0x08005c28                __gnu_Unwind_ForcedUnwind
                0x08005c3c                __gnu_Unwind_Resume
                0x08005c7c                __gnu_Unwind_Resume_or_Rethrow
                0x08005c90                _Unwind_Complete
                0x08005c94                _Unwind_DeleteException
                0x08005ca0                _Unwind_VRS_Get
                0x08005cf0                _Unwind_VRS_Set
                0x08005d3c                __gnu_Unwind_Backtrace
                0x08006064                __aeabi_unwind_cpp_pr0
                0x08006068                __aeabi_unwind_cpp_pr1
                0x0800606c                __aeabi_unwind_cpp_pr2
                0x08006070                _Unwind_VRS_Pop
 .text          0x0800635c      0x1ac /usr/lib/gcc/arm-none-eabi/13.2.1/thumb/v7-m/nofp/libgcc.a(libunwind.o)
                0x0800635c                __restore_core_regs
                0x0800635c                restore_core_regs
                0x08006374                __gnu_Unwind_Restore_VFP
                0x0800637c                __gnu_Unwind_Save_VFP
                0x08006384                __gnu_Unwind_Restore_VFP_D
                0x0800638c                __gnu_Unwind_Save_VFP_D
                0x08006394                __gnu_Unwind_Restore_VFP_D_16_to_31
                0x0800639c                __gnu_Unwind_Save_VFP_D_16_to_31
                0x080063a4                __gnu_Unwind_Restore_WMMXD
                0x080063e8                __gnu_Unwind_Save_WMMXD
                0x0800642c                __gnu_Unwind_Restore_WMMXC
                0x08006440                __gnu_Unwind_Save_WMMXC
                0x08006454                ___Unwind_RaiseException
                0x08006454                _Unwind_RaiseException
                0x08006478                ___Unwind_Resume
                0x08006478                _Unwind_Resume
                0x0800649c                _Unwind_Resume_or_Rethrow
                0x0800649c                ___Unwind_Resume_or_Rethrow
                0x080064c0                ___Unwind_ForcedUnwind
                0x080064c0                _Unwind_ForcedUnwind
                0x080064e4                _Unwind_Backtrace
                0x080064e4                ___Unwind_Backtrace
 .text          0x08006508      0x3a4 /usr/lib/gcc/arm-none-eabi/13.2.1/thumb/v7-m/nofp/libgcc.a(pr-support.o)
                0x08006560                __gnu_unwind_execute
                0x0800685c                __gnu_unwind_frame
                0x0800688c                _Unwind_GetRegionStart
                0x08006898                _Unwind_GetLanguageSpecificData
 *(.text*)
 *fill*         0x080068ac        0x4 
 .text.get_motor_speed
                0x080068b0       0x84 build/main.o
                0x080068b0                get_motor_speed
 .text.Error_Handler
                0x08006934        0x4 build/main.o
                0x08006934                Error_Handler
 .text.SystemClock_Config
                0x08006938       0x64 build/main.o
                0x08006938                SystemClock_Config
 *fill*         0x0800699c        0x4 
 .text.main     0x080069a0      0x208 build/main.o
                0x080069a0                main
 .text.MX_GPIO_Init
                0x08006ba8       0xdc build/gpio.o
                0x08006ba8                MX_GPIO_Init
 .text.NMI_Handler
                0x08006c84        0x2 build/stm32f1xx_it.o
                0x08006c84                NMI_Handler
 .text.HardFault_Handler
                0x08006c86        0x2 build/stm32f1xx_it.o
                0x08006c86                HardFault_Handler
 .text.MemManage_Handler
                0x08006c88        0x2 build/stm32f1xx_it.o
                0x08006c88                MemManage_Handler
 .text.BusFault_Handler
                0x08006c8a        0x2 build/stm32f1xx_it.o
                0x08006c8a                BusFault_Handler
 .text.UsageFault_Handler
                0x08006c8c        0x2 build/stm32f1xx_it.o
                0x08006c8c                UsageFault_Handler
 .text.SVC_Handler
                0x08006c8e        0x2 build/stm32f1xx_it.o
                0x08006c8e                SVC_Handler
 .text.DebugMon_Handler
                0x08006c90        0x2 build/stm32f1xx_it.o
                0x08006c90                DebugMon_Handler
 .text.PendSV_Handler
                0x08006c92        0x2 build/stm32f1xx_it.o
                0x08006c92                PendSV_Handler
 .text.SysTick_Handler
                0x08006c94        0x8 build/stm32f1xx_it.o
                0x08006c94                SysTick_Handler
 .text.DMA1_Channel4_IRQHandler
                0x08006c9c       0x10 build/stm32f1xx_it.o
                0x08006c9c                DMA1_Channel4_IRQHandler
 .text.DMA1_Channel5_IRQHandler
                0x08006cac       0x10 build/stm32f1xx_it.o
                0x08006cac                DMA1_Channel5_IRQHandler
 .text.DMA1_Channel6_IRQHandler
                0x08006cbc       0x10 build/stm32f1xx_it.o
                0x08006cbc                DMA1_Channel6_IRQHandler
 .text.DMA1_Channel7_IRQHandler
                0x08006ccc       0x10 build/stm32f1xx_it.o
                0x08006ccc                DMA1_Channel7_IRQHandler
 .text.USART1_IRQHandler
                0x08006cdc       0x10 build/stm32f1xx_it.o
                0x08006cdc                USART1_IRQHandler
 .text.USART2_IRQHandler
                0x08006cec       0x10 build/stm32f1xx_it.o
                0x08006cec                USART2_IRQHandler
 .text.HAL_MspInit
                0x08006cfc       0x44 build/stm32f1xx_hal_msp.o
                0x08006cfc                HAL_MspInit
 .text.HAL_InitTick
                0x08006d40       0x4c build/stm32f1xx_hal.o
                0x08006d40                HAL_InitTick
 .text.HAL_Init
                0x08006d8c       0x24 build/stm32f1xx_hal.o
                0x08006d8c                HAL_Init
 .text.HAL_IncTick
                0x08006db0       0x18 build/stm32f1xx_hal.o
                0x08006db0                HAL_IncTick
 .text.HAL_GetTick
                0x08006dc8        0xc build/stm32f1xx_hal.o
                0x08006dc8                HAL_GetTick
 .text.HAL_Delay
                0x08006dd4       0x28 build/stm32f1xx_hal.o
                0x08006dd4                HAL_Delay
 .text.RCC_Delay
                0x08006dfc       0x2c build/stm32f1xx_hal_rcc.o
 .text.HAL_RCC_OscConfig
                0x08006e28      0x410 build/stm32f1xx_hal_rcc.o
                0x08006e28                HAL_RCC_OscConfig
 .text.HAL_RCC_GetSysClockFreq
                0x08007238       0x54 build/stm32f1xx_hal_rcc.o
                0x08007238                HAL_RCC_GetSysClockFreq
 .text.HAL_RCC_ClockConfig
                0x0800728c      0x16c build/stm32f1xx_hal_rcc.o
                0x0800728c                HAL_RCC_ClockConfig
 .text.HAL_RCC_GetHCLKFreq
                0x080073f8        0xc build/stm32f1xx_hal_rcc.o
                0x080073f8                HAL_RCC_GetHCLKFreq
 .text.HAL_RCC_GetPCLK1Freq
                0x08007404       0x20 build/stm32f1xx_hal_rcc.o
                0x08007404                HAL_RCC_GetPCLK1Freq
 .text.HAL_RCC_GetPCLK2Freq
                0x08007424       0x20 build/stm32f1xx_hal_rcc.o
                0x08007424                HAL_RCC_GetPCLK2Freq
 .text.HAL_GPIO_Init
                0x08007444      0x21c build/stm32f1xx_hal_gpio.o
                0x08007444                HAL_GPIO_Init
 .text.HAL_GPIO_ReadPin
                0x08007660        0xe build/stm32f1xx_hal_gpio.o
                0x08007660                HAL_GPIO_ReadPin
 .text.HAL_GPIO_WritePin
                0x0800766e        0xc build/stm32f1xx_hal_gpio.o
                0x0800766e                HAL_GPIO_WritePin
 *fill*         0x0800767a        0x2 
 .text.HAL_DMA_Init
                0x0800767c       0x68 build/stm32f1xx_hal_dma.o
                0x0800767c                HAL_DMA_Init
 .text.HAL_DMA_Abort
                0x080076e4       0x46 build/stm32f1xx_hal_dma.o
                0x080076e4                HAL_DMA_Abort
 *fill*         0x0800772a        0x2 
 .text.HAL_DMA_Abort_IT
                0x0800772c       0x98 build/stm32f1xx_hal_dma.o
                0x0800772c                HAL_DMA_Abort_IT
 .text.HAL_DMA_IRQHandler
                0x080077c4      0x144 build/stm32f1xx_hal_dma.o
                0x080077c4                HAL_DMA_IRQHandler
 .text.__NVIC_SetPriority
                0x08007908       0x28 build/stm32f1xx_hal_cortex.o
 .text.NVIC_EncodePriority
                0x08007930       0x3e build/stm32f1xx_hal_cortex.o
 *fill*         0x0800796e        0x2 
 .text.HAL_NVIC_SetPriorityGrouping
                0x08007970       0x24 build/stm32f1xx_hal_cortex.o
                0x08007970                HAL_NVIC_SetPriorityGrouping
 .text.HAL_NVIC_SetPriority
                0x08007994       0x20 build/stm32f1xx_hal_cortex.o
                0x08007994                HAL_NVIC_SetPriority
 .text.HAL_NVIC_EnableIRQ
                0x080079b4       0x1c build/stm32f1xx_hal_cortex.o
                0x080079b4                HAL_NVIC_EnableIRQ
 .text.HAL_SYSTICK_Config
                0x080079d0       0x28 build/stm32f1xx_hal_cortex.o
                0x080079d0                HAL_SYSTICK_Config
 .text.SystemInit
                0x080079f8        0x2 build/system_stm32f1xx.o
                0x080079f8                SystemInit
 *fill*         0x080079fa        0x2 
 .text.MX_DMA_Init
                0x080079fc       0x64 build/dma.o
                0x080079fc                MX_DMA_Init
 .text.MX_TIM4_Init
                0x08007a60       0x64 build/tim.o
                0x08007a60                MX_TIM4_Init
 .text.HAL_TIM_Base_MspInit
                0x08007ac4       0x2c build/tim.o
                0x08007ac4                HAL_TIM_Base_MspInit
 .text.HAL_TIM_Encoder_MspInit
                0x08007af0       0x5c build/tim.o
                0x08007af0                HAL_TIM_Encoder_MspInit
 .text.HAL_TIM_MspPostInit
                0x08007b4c       0x64 build/tim.o
                0x08007b4c                HAL_TIM_MspPostInit
 .text.MX_TIM1_Init
                0x08007bb0       0xe8 build/tim.o
                0x08007bb0                MX_TIM1_Init
 .text.MX_USART1_UART_Init
                0x08007c98       0x34 build/usart.o
                0x08007c98                MX_USART1_UART_Init
 .text.MX_USART2_UART_Init
                0x08007ccc       0x34 build/usart.o
                0x08007ccc                MX_USART2_UART_Init
 .text.HAL_UART_MspInit
                0x08007d00      0x1c0 build/usart.o
                0x08007d00                HAL_UART_MspInit
 .text.TIM_OC1_SetConfig
                0x08007ec0       0x54 build/stm32f1xx_hal_tim.o
 .text.TIM_OC3_SetConfig
                0x08007f14       0x5c build/stm32f1xx_hal_tim.o
 .text.TIM_OC4_SetConfig
                0x08007f70       0x48 build/stm32f1xx_hal_tim.o
 .text.TIM_TI1_ConfigInputStage
                0x08007fb8       0x24 build/stm32f1xx_hal_tim.o
 .text.TIM_TI2_ConfigInputStage
                0x08007fdc       0x26 build/stm32f1xx_hal_tim.o
 .text.TIM_ITRx_SetConfig
                0x08008002       0x10 build/stm32f1xx_hal_tim.o
 .text.HAL_TIM_PWM_MspInit
                0x08008012        0x2 build/stm32f1xx_hal_tim.o
                0x08008012                HAL_TIM_PWM_MspInit
 .text.TIM_Base_SetConfig
                0x08008014       0x84 build/stm32f1xx_hal_tim.o
                0x08008014                TIM_Base_SetConfig
 .text.HAL_TIM_Base_Init
                0x08008098       0x58 build/stm32f1xx_hal_tim.o
                0x08008098                HAL_TIM_Base_Init
 .text.HAL_TIM_PWM_Init
                0x080080f0       0x58 build/stm32f1xx_hal_tim.o
                0x080080f0                HAL_TIM_PWM_Init
 .text.HAL_TIM_Encoder_Init
                0x08008148       0xb6 build/stm32f1xx_hal_tim.o
                0x08008148                HAL_TIM_Encoder_Init
 *fill*         0x080081fe        0x2 
 .text.TIM_OC2_SetConfig
                0x08008200       0x5c build/stm32f1xx_hal_tim.o
                0x08008200                TIM_OC2_SetConfig
 .text.HAL_TIM_PWM_ConfigChannel
                0x0800825c       0xdc build/stm32f1xx_hal_tim.o
                0x0800825c                HAL_TIM_PWM_ConfigChannel
 .text.TIM_ETR_SetConfig
                0x08008338       0x18 build/stm32f1xx_hal_tim.o
                0x08008338                TIM_ETR_SetConfig
 .text.HAL_TIM_ConfigClockSource
                0x08008350       0xfe build/stm32f1xx_hal_tim.o
                0x08008350                HAL_TIM_ConfigClockSource
 .text.TIM_CCxChannelCmd
                0x0800844e       0x1e build/stm32f1xx_hal_tim.o
                0x0800844e                TIM_CCxChannelCmd
 .text.HAL_TIM_PWM_Start
                0x0800846c       0xdc build/stm32f1xx_hal_tim.o
                0x0800846c                HAL_TIM_PWM_Start
 .text.HAL_TIM_Encoder_Start
                0x08008548       0xcc build/stm32f1xx_hal_tim.o
                0x08008548                HAL_TIM_Encoder_Start
 .text.HAL_TIMEx_MasterConfigSynchronization
                0x08008614       0x6c build/stm32f1xx_hal_tim_ex.o
                0x08008614                HAL_TIMEx_MasterConfigSynchronization
 .text.HAL_TIMEx_ConfigBreakDeadTime
                0x08008680       0x52 build/stm32f1xx_hal_tim_ex.o
                0x08008680                HAL_TIMEx_ConfigBreakDeadTime
 .text.UART_EndRxTransfer
                0x080086d2       0x5c build/stm32f1xx_hal_uart.o
 .text.UART_Transmit_IT
                0x0800872e       0x60 build/stm32f1xx_hal_uart.o
 *fill*         0x0800878e        0x2 
 .text.UART_SetConfig
                0x08008790       0x94 build/stm32f1xx_hal_uart.o
 .text.UART_WaitOnFlagUntilTimeout
                0x08008824       0x86 build/stm32f1xx_hal_uart.o
 .text.HAL_UART_Init
                0x080088aa       0x60 build/stm32f1xx_hal_uart.o
                0x080088aa                HAL_UART_Init
 .text.HAL_UART_Transmit
                0x0800890a       0xcc build/stm32f1xx_hal_uart.o
                0x0800890a                HAL_UART_Transmit
 .text.HAL_UART_TxCpltCallback
                0x080089d6        0x2 build/stm32f1xx_hal_uart.o
                0x080089d6                HAL_UART_TxCpltCallback
 .text.UART_EndTransmit_IT
                0x080089d8       0x1a build/stm32f1xx_hal_uart.o
 .text.HAL_UART_RxCpltCallback
                0x080089f2        0x2 build/stm32f1xx_hal_uart.o
                0x080089f2                HAL_UART_RxCpltCallback
 .text.HAL_UART_ErrorCallback
                0x080089f4        0x2 build/stm32f1xx_hal_uart.o
                0x080089f4                HAL_UART_ErrorCallback
 .text.UART_DMAAbortOnError
                0x080089f6       0x10 build/stm32f1xx_hal_uart.o
 .text.HAL_UARTEx_RxEventCallback
                0x08008a06        0x2 build/stm32f1xx_hal_uart.o
                0x08008a06                HAL_UARTEx_RxEventCallback
 .text.UART_Receive_IT
                0x08008a08       0xe6 build/stm32f1xx_hal_uart.o
 *fill*         0x08008aee        0x2 
 .text.HAL_UART_IRQHandler
                0x08008af0      0x284 build/stm32f1xx_hal_uart.o
                0x08008af0                HAL_UART_IRQHandler
 .text.Reset_Handler
                0x08008d74       0x48 build/startup_stm32f103xb.o
                0x08008d74                Reset_Handler
 .text.Default_Handler
                0x08008dbc        0x2 build/startup_stm32f103xb.o
                0x08008dbc                RTC_Alarm_IRQHandler
                0x08008dbc                EXTI2_IRQHandler
                0x08008dbc                TIM1_CC_IRQHandler
                0x08008dbc                PVD_IRQHandler
                0x08008dbc                EXTI3_IRQHandler
                0x08008dbc                EXTI0_IRQHandler
                0x08008dbc                I2C2_EV_IRQHandler
                0x08008dbc                ADC1_2_IRQHandler
                0x08008dbc                SPI1_IRQHandler
                0x08008dbc                TAMPER_IRQHandler
                0x08008dbc                USART3_IRQHandler
                0x08008dbc                RTC_IRQHandler
                0x08008dbc                CAN1_RX1_IRQHandler
                0x08008dbc                TIM4_IRQHandler
                0x08008dbc                I2C1_EV_IRQHandler
                0x08008dbc                TIM3_IRQHandler
                0x08008dbc                RCC_IRQHandler
                0x08008dbc                TIM1_TRG_COM_IRQHandler
                0x08008dbc                DMA1_Channel1_IRQHandler
                0x08008dbc                Default_Handler
                0x08008dbc                EXTI15_10_IRQHandler
                0x08008dbc                EXTI9_5_IRQHandler
                0x08008dbc                SPI2_IRQHandler
                0x08008dbc                EXTI4_IRQHandler
                0x08008dbc                USB_LP_CAN1_RX0_IRQHandler
                0x08008dbc                USB_HP_CAN1_TX_IRQHandler
                0x08008dbc                DMA1_Channel3_IRQHandler
                0x08008dbc                TIM1_UP_IRQHandler
                0x08008dbc                WWDG_IRQHandler
                0x08008dbc                TIM2_IRQHandler
                0x08008dbc                TIM1_BRK_IRQHandler
                0x08008dbc                EXTI1_IRQHandler
                0x08008dbc                I2C2_ER_IRQHandler
                0x08008dbc                DMA1_Channel2_IRQHandler
                0x08008dbc                CAN1_SCE_IRQHandler
                0x08008dbc                FLASH_IRQHandler
                0x08008dbc                I2C1_ER_IRQHandler
                0x08008dbc                USBWakeUp_IRQHandler
 .text._ZL9I2C_Delayv
                0x08008dbe       0x1a build/mpu_6050.o
 .text.I2C_Start
                0x08008dd8       0x40 build/mpu_6050.o
                0x08008dd8                I2C_Start
 .text.I2C_Stop
                0x08008e18       0x30 build/mpu_6050.o
                0x08008e18                I2C_Stop
 .text.I2C_WriteByte
                0x08008e48       0x88 build/mpu_6050.o
                0x08008e48                I2C_WriteByte
 .text.I2C_ReadByte
                0x08008ed0       0x98 build/mpu_6050.o
                0x08008ed0                I2C_ReadByte
 .text.MPU6050_Init
                0x08008f68       0x1e build/mpu_6050.o
                0x08008f68                MPU6050_Init
 .text.MPU6050_ReadByte
                0x08008f86       0x2e build/mpu_6050.o
                0x08008f86                MPU6050_ReadByte
 .text.MPU6050_ReadData
                0x08008fb4       0xe8 build/mpu_6050.o
                0x08008fb4                MPU6050_ReadData
 *(.glue_7)
 .glue_7        0x0800909c        0x0 linker stubs
 *(.glue_7t)
 .glue_7t       0x0800909c        0x0 linker stubs
 *(.eh_frame)
 .eh_frame      0x0800909c        0x0 /usr/lib/gcc/arm-none-eabi/13.2.1/thumb/v7-m/nofp/crtbegin.o
 *(.init)
 .init          0x0800909c        0x4 /usr/lib/gcc/arm-none-eabi/13.2.1/thumb/v7-m/nofp/crti.o
                0x0800909c                _init
 .init          0x080090a0        0x8 /usr/lib/gcc/arm-none-eabi/13.2.1/thumb/v7-m/nofp/crtn.o
 *(.fini)
 .fini          0x080090a8        0x4 /usr/lib/gcc/arm-none-eabi/13.2.1/thumb/v7-m/nofp/crti.o
                0x080090a8                _fini
 .fini          0x080090ac        0x8 /usr/lib/gcc/arm-none-eabi/13.2.1/thumb/v7-m/nofp/crtn.o
                0x080090b4                        . = ALIGN (0x4)
                0x080090b4                        _etext = .

.vfp11_veneer   0x080090b4        0x0
 .vfp11_veneer  0x080090b4        0x0 linker stubs

.v4_bx          0x080090b4        0x0
 .v4_bx         0x080090b4        0x0 linker stubs

.iplt           0x080090b4        0x0
 .iplt          0x080090b4        0x0 /usr/lib/gcc/arm-none-eabi/13.2.1/thumb/v7-m/nofp/crtbegin.o

.rodata         0x080090b8      0x46c
                0x080090b8                        . = ALIGN (0x4)
 *(.rodata)
 .rodata        0x080090b8      0x128 /usr/lib/gcc/arm-none-eabi/13.2.1/../../../arm-none-eabi/lib/thumb/v7-m/nofp/libc_nano.a(libc_a-mprec.o)
                0x080090c8                __mprec_tens
                0x08009190                __mprec_tinytens
                0x080091b8                __mprec_bigtens
 .rodata        0x080091e0      0x101 /usr/lib/gcc/arm-none-eabi/13.2.1/../../../arm-none-eabi/lib/thumb/v7-m/nofp/libc_nano.a(libc_a-ctype_.o)
                0x080091e0                _ctype_
 *fill*         0x080092e1        0x7 
 .rodata        0x080092e8       0x30 /usr/lib/gcc/arm-none-eabi/13.2.1/../../../arm-none-eabi/lib/thumb/v7-m/nofp/libm.a(libm_a-e_atan2.o)
 .rodata        0x08009318       0x40 /usr/lib/gcc/arm-none-eabi/13.2.1/../../../arm-none-eabi/lib/thumb/v7-m/nofp/libm.a(libm_a-s_atan.o)
 *(.rodata*)
 .rodata.main.str1.4
                0x08009358      0x19e build/main.o
                                 0x68 (size before relaxing)
 *fill*         0x080094f6        0x2 
 .rodata.aPredivFactorTable.0
                0x080094f8        0x2 build/stm32f1xx_hal_rcc.o
 *fill*         0x080094fa        0x2 
 .rodata.aPLLMULFactorTable.1
                0x080094fc       0x10 build/stm32f1xx_hal_rcc.o
 .rodata.APBPrescTable
                0x0800950c        0x8 build/system_stm32f1xx.o
                0x0800950c                APBPrescTable
 .rodata.AHBPrescTable
                0x08009514       0x10 build/system_stm32f1xx.o
                0x08009514                AHBPrescTable
 .rodata.str1.4
                0x08009524       0x13 /usr/lib/gcc/arm-none-eabi/13.2.1/../../../arm-none-eabi/lib/thumb/v7-m/nofp/libc_nano.a(libc_a-nano-svfprintf.o)
 .rodata.str1.4
                0x08009524       0x12 /usr/lib/gcc/arm-none-eabi/13.2.1/../../../arm-none-eabi/lib/thumb/v7-m/nofp/libc_nano.a(libc_a-nano-vfprintf_float.o)
 .rodata.str1.4
                0x08009524       0x69 /usr/lib/gcc/arm-none-eabi/13.2.1/../../../arm-none-eabi/lib/thumb/v7-m/nofp/libc_nano.a(libc_a-dtoa.o)
 .rodata.str1.4
                0x08009524       0x25 /usr/lib/gcc/arm-none-eabi/13.2.1/../../../arm-none-eabi/lib/thumb/v7-m/nofp/libc_nano.a(libc_a-nano-vfprintf_i.o)
 .rodata.str1.4
                0x08009524       0x43 /usr/lib/gcc/arm-none-eabi/13.2.1/../../../arm-none-eabi/lib/thumb/v7-m/nofp/libc_nano.a(libc_a-assert.o)
 .rodata.str1.4
                0x08009524       0x59 /usr/lib/gcc/arm-none-eabi/13.2.1/../../../arm-none-eabi/lib/thumb/v7-m/nofp/libc_nano.a(libc_a-mprec.o)
 .rodata.str1.4
                0x08009524       0x12 /usr/lib/gcc/arm-none-eabi/13.2.1/../../../arm-none-eabi/lib/thumb/v7-m/nofp/libc_nano.a(libc_a-locale.o)
 .rodata.str1.4
                0x08009524       0x13 /usr/lib/gcc/arm-none-eabi/13.2.1/../../../arm-none-eabi/lib/thumb/v7-m/nofp/libc_nano.a(libc_a-nano-vfprintf.o)
                0x08009590                        . = ALIGN (0x4)

.ARM.extab      0x08009524       0x24
                0x08009524                        . = ALIGN (0x4)
 *(.ARM.extab* .gnu.linkonce.armextab.*)
 .ARM.extab.text.MPU6050_Init
                0x08009524        0xc build/mpu_6050.o
 .ARM.extab     0x08009530       0x18 /usr/lib/gcc/arm-none-eabi/13.2.1/thumb/v7-m/nofp/libgcc.a(pr-support.o)
                0x08009548                        . = ALIGN (0x4)

.ARM            0x08009548       0xf0
                0x08009548                        . = ALIGN (0x4)
                0x08009548                        __exidx_start = .
 *(.ARM.exidx*)
 .ARM.exidx     0x08009548        0x8 /usr/lib/gcc/arm-none-eabi/13.2.1/../../../arm-none-eabi/lib/thumb/v7-m/nofp/libc_nano.a(libc_a-memcpy.o)
 .ARM.exidx     0x08009550       0x78 /usr/lib/gcc/arm-none-eabi/13.2.1/thumb/v7-m/nofp/libgcc.a(unwind-arm.o)
                                 0xd8 (size before relaxing)
 .ARM.exidx     0x080095c8       0x38 /usr/lib/gcc/arm-none-eabi/13.2.1/thumb/v7-m/nofp/libgcc.a(pr-support.o)
 .ARM.exidx.text._ZL9I2C_Delayv
                0x08009600        0x0 build/mpu_6050.o
                                  0x8 (size before relaxing)
 .ARM.exidx.text.I2C_Start
                0x08009600        0x8 build/mpu_6050.o
 .ARM.exidx.text.I2C_Stop
                0x08009608        0x0 build/mpu_6050.o
                                  0x8 (size before relaxing)
 .ARM.exidx.text.I2C_WriteByte
                0x08009608        0x8 build/mpu_6050.o
 .ARM.exidx.text.I2C_ReadByte
                0x08009610        0x8 build/mpu_6050.o
 .ARM.exidx.text.MPU6050_Init
                0x08009618        0x8 build/mpu_6050.o
 .ARM.exidx.text.MPU6050_ReadByte
                0x08009620        0x8 build/mpu_6050.o
 .ARM.exidx.text.MPU6050_ReadData
                0x08009628       0x10 build/mpu_6050.o
                                  0x8 (size before relaxing)
                0x08009638                        __exidx_end = .
                0x08009638                        . = ALIGN (0x4)

.preinit_array  0x08009638        0x0
                0x08009638                        . = ALIGN (0x4)
                0x08009638                        PROVIDE (__preinit_array_start = .)
 *(.preinit_array*)
                0x08009638                        PROVIDE (__preinit_array_end = .)
                0x08009638                        . = ALIGN (0x4)

.init_array     0x08009638        0x4
                0x08009638                        . = ALIGN (0x4)
                0x08009638                        PROVIDE (__init_array_start = .)
 *(SORT_BY_NAME(.init_array.*))
 *(.init_array*)
 .init_array    0x08009638        0x4 /usr/lib/gcc/arm-none-eabi/13.2.1/thumb/v7-m/nofp/crtbegin.o
                0x0800963c                        PROVIDE (__init_array_end = .)
                0x0800963c                        . = ALIGN (0x4)

.fini_array     0x0800963c        0x4
                0x0800963c                        . = ALIGN (0x4)
                0x0800963c                        PROVIDE (__fini_array_start = .)
 *(SORT_BY_NAME(.fini_array.*))
 *(.fini_array*)
 .fini_array    0x0800963c        0x4 /usr/lib/gcc/arm-none-eabi/13.2.1/thumb/v7-m/nofp/crtbegin.o
                0x08009640                        PROVIDE (__fini_array_end = .)
                0x08009640                        . = ALIGN (0x4)
                0x08009640                        _sidata = LOADADDR (.data)

.rel.dyn        0x08009640        0x0
 .rel.iplt      0x08009640        0x0 /usr/lib/gcc/arm-none-eabi/13.2.1/thumb/v7-m/nofp/crtbegin.o

.data           0x20000000      0x1d4 load address 0x08009640
                0x20000000                        . = ALIGN (0x4)
                0x20000000                        _sdata = .
 *(.data)
 .data          0x20000000       0x50 /usr/lib/gcc/arm-none-eabi/13.2.1/../../../arm-none-eabi/lib/thumb/v7-m/nofp/libc_nano.a(libc_a-impure.o)
                0x20000000                _impure_ptr
                0x20000004                _impure_data
 .data          0x20000050        0xc /usr/lib/gcc/arm-none-eabi/13.2.1/../../../arm-none-eabi/lib/thumb/v7-m/nofp/libc_nano.a(libc_a-findfp.o)
                0x20000050                __sglue
 .data          0x2000005c      0x16c /usr/lib/gcc/arm-none-eabi/13.2.1/../../../arm-none-eabi/lib/thumb/v7-m/nofp/libc_nano.a(libc_a-locale.o)
                0x2000005c                __global_locale
 *(.data*)
 .data.uwTickFreq
                0x200001c8        0x1 build/stm32f1xx_hal.o
                0x200001c8                uwTickFreq
 *fill*         0x200001c9        0x3 
 .data.uwTickPrio
                0x200001cc        0x4 build/stm32f1xx_hal.o
                0x200001cc                uwTickPrio
 .data.SystemCoreClock
                0x200001d0        0x4 build/system_stm32f1xx.o
                0x200001d0                SystemCoreClock
 *(.RamFunc)
 *(.RamFunc*)
                0x200001d4                        . = ALIGN (0x4)
                0x200001d4                        _edata = .

.tm_clone_table
                0x200001d4        0x0 load address 0x08009814
 .tm_clone_table
                0x200001d4        0x0 /usr/lib/gcc/arm-none-eabi/13.2.1/thumb/v7-m/nofp/crtbegin.o
 .tm_clone_table
                0x200001d4        0x0 /usr/lib/gcc/arm-none-eabi/13.2.1/thumb/v7-m/nofp/crtend.o

.igot.plt       0x200001d4        0x0 load address 0x08009814
 .igot.plt      0x200001d4        0x0 /usr/lib/gcc/arm-none-eabi/13.2.1/thumb/v7-m/nofp/crtbegin.o
                0x200001d4                        . = ALIGN (0x4)

.bss            0x200001d4      0x3b0 load address 0x08009814
                0x200001d4                        _sbss = .
                0x200001d4                        __bss_start__ = _sbss
 *(.bss)
 .bss           0x200001d4       0x1c /usr/lib/gcc/arm-none-eabi/13.2.1/thumb/v7-m/nofp/crtbegin.o
 .bss           0x200001f0        0x8 /usr/lib/gcc/arm-none-eabi/13.2.1/../../../arm-none-eabi/lib/thumb/v7-m/nofp/libc_nano.a(libc_a-mallocr.o)
                0x200001f0                __malloc_sbrk_start
                0x200001f4                __malloc_free_list
 .bss           0x200001f8      0x13c /usr/lib/gcc/arm-none-eabi/13.2.1/../../../arm-none-eabi/lib/thumb/v7-m/nofp/libc_nano.a(libc_a-findfp.o)
                0x200001f8                __sf
                0x20000330                __stdio_exit_handler
 .bss           0x20000334        0x4 /usr/lib/gcc/arm-none-eabi/13.2.1/../../../arm-none-eabi/lib/thumb/v7-m/nofp/libc_nano.a(libc_a-reent.o)
                0x20000334                errno
 .bss           0x20000338        0x4 /usr/lib/gcc/arm-none-eabi/13.2.1/../../../arm-none-eabi/lib/thumb/v7-m/nofp/libnosys.a(sbrk.o)
 *(.bss*)
 .bss.prev_time.0
                0x2000033c        0x4 build/main.o
 .bss.prev_count.1
                0x20000340        0x4 build/main.o
 .bss.motor_duty
                0x20000344        0x2 build/main.o
                0x20000344                motor_duty
 *fill*         0x20000346        0x2 
 .bss.phi_dot   0x20000348        0x4 build/main.o
                0x20000348                phi_dot
 .bss.encoder   0x2000034c        0x4 build/main.o
                0x2000034c                encoder
 .bss.uwTick    0x20000350        0x4 build/stm32f1xx_hal.o
                0x20000350                uwTick
 .bss.htim4     0x20000354       0x48 build/tim.o
                0x20000354                htim4
 .bss.htim1     0x2000039c       0x48 build/tim.o
                0x2000039c                htim1
 .bss.hdma_usart2_tx
                0x200003e4       0x44 build/usart.o
                0x200003e4                hdma_usart2_tx
 .bss.hdma_usart2_rx
                0x20000428       0x44 build/usart.o
                0x20000428                hdma_usart2_rx
 .bss.hdma_usart1_tx
                0x2000046c       0x44 build/usart.o
                0x2000046c                hdma_usart1_tx
 .bss.hdma_usart1_rx
                0x200004b0       0x44 build/usart.o
                0x200004b0                hdma_usart1_rx
 .bss.huart2    0x200004f4       0x48 build/usart.o
                0x200004f4                huart2
 .bss.huart1    0x2000053c       0x48 build/usart.o
                0x2000053c                huart1
 *(COMMON)
                0x20000584                        . = ALIGN (0x4)
                0x20000584                        _ebss = .
                0x20000584                        __bss_end__ = _ebss

._user_heap_stack
                0x20000584      0x604 load address 0x08009814
                0x20000588                        . = ALIGN (0x8)
 *fill*         0x20000584        0x4 
                0x20000588                        PROVIDE (end = .)
                [!provide]                        PROVIDE (_end = .)
                0x20000788                        . = (. + _Min_Heap_Size)
 *fill*         0x20000588      0x200 
                0x20000b88                        . = (. + _Min_Stack_Size)
 *fill*         0x20000788      0x400 
                0x20000b88                        . = ALIGN (0x8)

/DISCARD/
 libc.a(*)
 libm.a(*)
 libgcc.a(*)
OUTPUT(build/Triangle.elf elf32-littlearm)
LOAD linker stubs
LOAD /usr/lib/gcc/arm-none-eabi/13.2.1/../../../arm-none-eabi/lib/thumb/v7-m/nofp/libc.a
LOAD /usr/lib/gcc/arm-none-eabi/13.2.1/../../../arm-none-eabi/lib/thumb/v7-m/nofp/libm.a
LOAD /usr/lib/gcc/arm-none-eabi/13.2.1/thumb/v7-m/nofp/libgcc.a

.ARM.attributes
                0x00000000       0x29
 .ARM.attributes
                0x00000000       0x1d /usr/lib/gcc/arm-none-eabi/13.2.1/thumb/v7-m/nofp/crti.o
 .ARM.attributes
                0x0000001d       0x2d /usr/lib/gcc/arm-none-eabi/13.2.1/thumb/v7-m/nofp/crtbegin.o
 .ARM.attributes
                0x0000004a       0x2d build/main.o
 .ARM.attributes
                0x00000077       0x2d build/gpio.o
 .ARM.attributes
                0x000000a4       0x2d build/stm32f1xx_it.o
 .ARM.attributes
                0x000000d1       0x2d build/stm32f1xx_hal_msp.o
 .ARM.attributes
                0x000000fe       0x2d build/stm32f1xx_hal.o
 .ARM.attributes
                0x0000012b       0x2d build/stm32f1xx_hal_rcc.o
 .ARM.attributes
                0x00000158       0x2d build/stm32f1xx_hal_gpio.o
 .ARM.attributes
                0x00000185       0x2d build/stm32f1xx_hal_dma.o
 .ARM.attributes
                0x000001b2       0x2d build/stm32f1xx_hal_cortex.o
 .ARM.attributes
                0x000001df       0x2d build/system_stm32f1xx.o
 .ARM.attributes
                0x0000020c       0x2d build/dma.o
 .ARM.attributes
                0x00000239       0x2d build/tim.o
 .ARM.attributes
                0x00000266       0x2d build/usart.o
 .ARM.attributes
                0x00000293       0x2d build/stm32f1xx_hal_tim.o
 .ARM.attributes
                0x000002c0       0x2d build/stm32f1xx_hal_tim_ex.o
 .ARM.attributes
                0x000002ed       0x2d build/stm32f1xx_hal_uart.o
 .ARM.attributes
                0x0000031a       0x21 build/startup_stm32f103xb.o
 .ARM.attributes
                0x0000033b       0x2d build/mpu_6050.o
 .ARM.attributes
                0x00000368       0x2d /usr/lib/gcc/arm-none-eabi/13.2.1/../../../arm-none-eabi/lib/thumb/v7-m/nofp/libc_nano.a(libc_a-sprintf.o)
 .ARM.attributes
                0x00000395       0x2d /usr/lib/gcc/arm-none-eabi/13.2.1/../../../arm-none-eabi/lib/thumb/v7-m/nofp/libc_nano.a(libc_a-strlen-stub.o)
 .ARM.attributes
                0x000003c2       0x2d /usr/lib/gcc/arm-none-eabi/13.2.1/../../../arm-none-eabi/lib/thumb/v7-m/nofp/libc_nano.a(libc_a-impure.o)
 .ARM.attributes
                0x000003ef       0x2d /usr/lib/gcc/arm-none-eabi/13.2.1/../../../arm-none-eabi/lib/thumb/v7-m/nofp/libc_nano.a(libc_a-nano-svfprintf.o)
 .ARM.attributes
                0x0000041c       0x2d /usr/lib/gcc/arm-none-eabi/13.2.1/../../../arm-none-eabi/lib/thumb/v7-m/nofp/libc_nano.a(libc_a-init.o)
 .ARM.attributes
                0x00000449       0x2d /usr/lib/gcc/arm-none-eabi/13.2.1/../../../arm-none-eabi/lib/thumb/v7-m/nofp/libc_nano.a(libc_a-memset.o)
 .ARM.attributes
                0x00000476       0x2d /usr/lib/gcc/arm-none-eabi/13.2.1/../../../arm-none-eabi/lib/thumb/v7-m/nofp/libc_nano.a(libc_a-nano-vfprintf_float.o)
 .ARM.attributes
                0x000004a3       0x2d /usr/lib/gcc/arm-none-eabi/13.2.1/../../../arm-none-eabi/lib/thumb/v7-m/nofp/libc_nano.a(libc_a-mallocr.o)
 .ARM.attributes
                0x000004d0       0x2d /usr/lib/gcc/arm-none-eabi/13.2.1/../../../arm-none-eabi/lib/thumb/v7-m/nofp/libc_nano.a(libc_a-dtoa.o)
 .ARM.attributes
                0x000004fd       0x2d /usr/lib/gcc/arm-none-eabi/13.2.1/../../../arm-none-eabi/lib/thumb/v7-m/nofp/libc_nano.a(libc_a-freer.o)
 .ARM.attributes
                0x0000052a       0x2d /usr/lib/gcc/arm-none-eabi/13.2.1/../../../arm-none-eabi/lib/thumb/v7-m/nofp/libc_nano.a(libc_a-memmove.o)
 .ARM.attributes
                0x00000557       0x1b /usr/lib/gcc/arm-none-eabi/13.2.1/../../../arm-none-eabi/lib/thumb/v7-m/nofp/libc_nano.a(libc_a-memcpy.o)
 .ARM.attributes
                0x00000572       0x2d /usr/lib/gcc/arm-none-eabi/13.2.1/../../../arm-none-eabi/lib/thumb/v7-m/nofp/libc_nano.a(libc_a-malloc.o)
 .ARM.attributes
                0x0000059f       0x2d /usr/lib/gcc/arm-none-eabi/13.2.1/../../../arm-none-eabi/lib/thumb/v7-m/nofp/libc_nano.a(libc_a-reallocr.o)
 .ARM.attributes
                0x000005cc       0x2d /usr/lib/gcc/arm-none-eabi/13.2.1/../../../arm-none-eabi/lib/thumb/v7-m/nofp/libc_nano.a(libc_a-nano-vfprintf_i.o)
 .ARM.attributes
                0x000005f9       0x2d /usr/lib/gcc/arm-none-eabi/13.2.1/../../../arm-none-eabi/lib/thumb/v7-m/nofp/libc_nano.a(libc_a-mlock.o)
 .ARM.attributes
                0x00000626       0x2d /usr/lib/gcc/arm-none-eabi/13.2.1/../../../arm-none-eabi/lib/thumb/v7-m/nofp/libc_nano.a(libc_a-memchr-stub.o)
 .ARM.attributes
                0x00000653       0x2d /usr/lib/gcc/arm-none-eabi/13.2.1/../../../arm-none-eabi/lib/thumb/v7-m/nofp/libc_nano.a(libc_a-snprintf.o)
 .ARM.attributes
                0x00000680       0x2d /usr/lib/gcc/arm-none-eabi/13.2.1/../../../arm-none-eabi/lib/thumb/v7-m/nofp/libc_nano.a(libc_a-assert.o)
 .ARM.attributes
                0x000006ad       0x2d /usr/lib/gcc/arm-none-eabi/13.2.1/../../../arm-none-eabi/lib/thumb/v7-m/nofp/libc_nano.a(libc_a-mprec.o)
 .ARM.attributes
                0x000006da       0x2d /usr/lib/gcc/arm-none-eabi/13.2.1/../../../arm-none-eabi/lib/thumb/v7-m/nofp/libc_nano.a(libc_a-sbrkr.o)
 .ARM.attributes
                0x00000707       0x2d /usr/lib/gcc/arm-none-eabi/13.2.1/../../../arm-none-eabi/lib/thumb/v7-m/nofp/libc_nano.a(libc_a-msizer.o)
 .ARM.attributes
                0x00000734       0x2d /usr/lib/gcc/arm-none-eabi/13.2.1/../../../arm-none-eabi/lib/thumb/v7-m/nofp/libc_nano.a(libc_a-localeconv.o)
 .ARM.attributes
                0x00000761       0x2d /usr/lib/gcc/arm-none-eabi/13.2.1/../../../arm-none-eabi/lib/thumb/v7-m/nofp/libc_nano.a(libc_a-findfp.o)
 .ARM.attributes
                0x0000078e       0x2d /usr/lib/gcc/arm-none-eabi/13.2.1/../../../arm-none-eabi/lib/thumb/v7-m/nofp/libc_nano.a(libc_a-abort.o)
 .ARM.attributes
                0x000007bb       0x2d /usr/lib/gcc/arm-none-eabi/13.2.1/../../../arm-none-eabi/lib/thumb/v7-m/nofp/libc_nano.a(libc_a-fflush.o)
 .ARM.attributes
                0x000007e8       0x2d /usr/lib/gcc/arm-none-eabi/13.2.1/../../../arm-none-eabi/lib/thumb/v7-m/nofp/libc_nano.a(libc_a-callocr.o)
 .ARM.attributes
                0x00000815       0x2d /usr/lib/gcc/arm-none-eabi/13.2.1/../../../arm-none-eabi/lib/thumb/v7-m/nofp/libc_nano.a(libc_a-locale.o)
 .ARM.attributes
                0x00000842       0x2d /usr/lib/gcc/arm-none-eabi/13.2.1/../../../arm-none-eabi/lib/thumb/v7-m/nofp/libc_nano.a(libc_a-fwalk.o)
 .ARM.attributes
                0x0000086f       0x2d /usr/lib/gcc/arm-none-eabi/13.2.1/../../../arm-none-eabi/lib/thumb/v7-m/nofp/libc_nano.a(libc_a-wctomb_r.o)
 .ARM.attributes
                0x0000089c       0x2d /usr/lib/gcc/arm-none-eabi/13.2.1/../../../arm-none-eabi/lib/thumb/v7-m/nofp/libc_nano.a(libc_a-fprintf.o)
 .ARM.attributes
                0x000008c9       0x2d /usr/lib/gcc/arm-none-eabi/13.2.1/../../../arm-none-eabi/lib/thumb/v7-m/nofp/libc_nano.a(libc_a-reent.o)
 .ARM.attributes
                0x000008f6       0x2d /usr/lib/gcc/arm-none-eabi/13.2.1/../../../arm-none-eabi/lib/thumb/v7-m/nofp/libc_nano.a(libc_a-ctype_.o)
 .ARM.attributes
                0x00000923       0x2d /usr/lib/gcc/arm-none-eabi/13.2.1/../../../arm-none-eabi/lib/thumb/v7-m/nofp/libc_nano.a(libc_a-nano-vfprintf.o)
 .ARM.attributes
                0x00000950       0x2d /usr/lib/gcc/arm-none-eabi/13.2.1/../../../arm-none-eabi/lib/thumb/v7-m/nofp/libc_nano.a(libc_a-wbuf.o)
 .ARM.attributes
                0x0000097d       0x2d /usr/lib/gcc/arm-none-eabi/13.2.1/../../../arm-none-eabi/lib/thumb/v7-m/nofp/libc_nano.a(libc_a-stdio.o)
 .ARM.attributes
                0x000009aa       0x2d /usr/lib/gcc/arm-none-eabi/13.2.1/../../../arm-none-eabi/lib/thumb/v7-m/nofp/libc_nano.a(libc_a-fvwrite.o)
 .ARM.attributes
                0x000009d7       0x2d /usr/lib/gcc/arm-none-eabi/13.2.1/../../../arm-none-eabi/lib/thumb/v7-m/nofp/libc_nano.a(libc_a-mbtowc_r.o)
 .ARM.attributes
                0x00000a04       0x2d /usr/lib/gcc/arm-none-eabi/13.2.1/../../../arm-none-eabi/lib/thumb/v7-m/nofp/libc_nano.a(libc_a-signal.o)
 .ARM.attributes
                0x00000a31       0x2d /usr/lib/gcc/arm-none-eabi/13.2.1/../../../arm-none-eabi/lib/thumb/v7-m/nofp/libc_nano.a(libc_a-closer.o)
 .ARM.attributes
                0x00000a5e       0x2d /usr/lib/gcc/arm-none-eabi/13.2.1/../../../arm-none-eabi/lib/thumb/v7-m/nofp/libc_nano.a(libc_a-wsetup.o)
 .ARM.attributes
                0x00000a8b       0x2d /usr/lib/gcc/arm-none-eabi/13.2.1/../../../arm-none-eabi/lib/thumb/v7-m/nofp/libc_nano.a(libc_a-readr.o)
 .ARM.attributes
                0x00000ab8       0x2d /usr/lib/gcc/arm-none-eabi/13.2.1/../../../arm-none-eabi/lib/thumb/v7-m/nofp/libc_nano.a(libc_a-makebuf.o)
 .ARM.attributes
                0x00000ae5       0x2d /usr/lib/gcc/arm-none-eabi/13.2.1/../../../arm-none-eabi/lib/thumb/v7-m/nofp/libc_nano.a(libc_a-lseekr.o)
 .ARM.attributes
                0x00000b12       0x2d /usr/lib/gcc/arm-none-eabi/13.2.1/../../../arm-none-eabi/lib/thumb/v7-m/nofp/libc_nano.a(libc_a-writer.o)
 .ARM.attributes
                0x00000b3f       0x2d /usr/lib/gcc/arm-none-eabi/13.2.1/../../../arm-none-eabi/lib/thumb/v7-m/nofp/libc_nano.a(libc_a-isattyr.o)
 .ARM.attributes
                0x00000b6c       0x2d /usr/lib/gcc/arm-none-eabi/13.2.1/../../../arm-none-eabi/lib/thumb/v7-m/nofp/libc_nano.a(libc_a-signalr.o)
 .ARM.attributes
                0x00000b99       0x2d /usr/lib/gcc/arm-none-eabi/13.2.1/../../../arm-none-eabi/lib/thumb/v7-m/nofp/libc_nano.a(libc_a-fstatr.o)
 .ARM.attributes
                0x00000bc6       0x2d /usr/lib/gcc/arm-none-eabi/13.2.1/../../../arm-none-eabi/lib/thumb/v7-m/nofp/libm.a(libm_a-w_atan2.o)
 .ARM.attributes
                0x00000bf3       0x2d /usr/lib/gcc/arm-none-eabi/13.2.1/../../../arm-none-eabi/lib/thumb/v7-m/nofp/libm.a(libm_a-e_atan2.o)
 .ARM.attributes
                0x00000c20       0x2d /usr/lib/gcc/arm-none-eabi/13.2.1/../../../arm-none-eabi/lib/thumb/v7-m/nofp/libm.a(libm_a-s_atan.o)
 .ARM.attributes
                0x00000c4d       0x2d /usr/lib/gcc/arm-none-eabi/13.2.1/../../../arm-none-eabi/lib/thumb/v7-m/nofp/libm.a(libm_a-s_fabs.o)
 .ARM.attributes
                0x00000c7a       0x2d /usr/lib/gcc/arm-none-eabi/13.2.1/../../../arm-none-eabi/lib/thumb/v7-m/nofp/libnosys.a(close.o)
 .ARM.attributes
                0x00000ca7       0x2d /usr/lib/gcc/arm-none-eabi/13.2.1/../../../arm-none-eabi/lib/thumb/v7-m/nofp/libnosys.a(fstat.o)
 .ARM.attributes
                0x00000cd4       0x2d /usr/lib/gcc/arm-none-eabi/13.2.1/../../../arm-none-eabi/lib/thumb/v7-m/nofp/libnosys.a(getpid.o)
 .ARM.attributes
                0x00000d01       0x2d /usr/lib/gcc/arm-none-eabi/13.2.1/../../../arm-none-eabi/lib/thumb/v7-m/nofp/libnosys.a(isatty.o)
 .ARM.attributes
                0x00000d2e       0x2d /usr/lib/gcc/arm-none-eabi/13.2.1/../../../arm-none-eabi/lib/thumb/v7-m/nofp/libnosys.a(kill.o)
 .ARM.attributes
                0x00000d5b       0x2d /usr/lib/gcc/arm-none-eabi/13.2.1/../../../arm-none-eabi/lib/thumb/v7-m/nofp/libnosys.a(lseek.o)
 .ARM.attributes
                0x00000d88       0x2d /usr/lib/gcc/arm-none-eabi/13.2.1/../../../arm-none-eabi/lib/thumb/v7-m/nofp/libnosys.a(read.o)
 .ARM.attributes
                0x00000db5       0x2d /usr/lib/gcc/arm-none-eabi/13.2.1/../../../arm-none-eabi/lib/thumb/v7-m/nofp/libnosys.a(sbrk.o)
 .ARM.attributes
                0x00000de2       0x2d /usr/lib/gcc/arm-none-eabi/13.2.1/../../../arm-none-eabi/lib/thumb/v7-m/nofp/libnosys.a(write.o)
 .ARM.attributes
                0x00000e0f       0x2d /usr/lib/gcc/arm-none-eabi/13.2.1/../../../arm-none-eabi/lib/thumb/v7-m/nofp/libnosys.a(_exit.o)
 .ARM.attributes
                0x00000e3c       0x1d /usr/lib/gcc/arm-none-eabi/13.2.1/thumb/v7-m/nofp/libgcc.a(_arm_addsubdf3.o)
 .ARM.attributes
                0x00000e59       0x1d /usr/lib/gcc/arm-none-eabi/13.2.1/thumb/v7-m/nofp/libgcc.a(_arm_muldivdf3.o)
 .ARM.attributes
                0x00000e76       0x1d /usr/lib/gcc/arm-none-eabi/13.2.1/thumb/v7-m/nofp/libgcc.a(_arm_cmpdf2.o)
 .ARM.attributes
                0x00000e93       0x1d /usr/lib/gcc/arm-none-eabi/13.2.1/thumb/v7-m/nofp/libgcc.a(_arm_unorddf2.o)
 .ARM.attributes
                0x00000eb0       0x1d /usr/lib/gcc/arm-none-eabi/13.2.1/thumb/v7-m/nofp/libgcc.a(_arm_fixdfsi.o)
 .ARM.attributes
                0x00000ecd       0x1d /usr/lib/gcc/arm-none-eabi/13.2.1/thumb/v7-m/nofp/libgcc.a(_arm_truncdfsf2.o)
 .ARM.attributes
                0x00000eea       0x1d /usr/lib/gcc/arm-none-eabi/13.2.1/thumb/v7-m/nofp/libgcc.a(_arm_addsubsf3.o)
 .ARM.attributes
                0x00000f07       0x1d /usr/lib/gcc/arm-none-eabi/13.2.1/thumb/v7-m/nofp/libgcc.a(_arm_muldivsf3.o)
 .ARM.attributes
                0x00000f24       0x1d /usr/lib/gcc/arm-none-eabi/13.2.1/thumb/v7-m/nofp/libgcc.a(_arm_fixsfsi.o)
 .ARM.attributes
                0x00000f41       0x2d /usr/lib/gcc/arm-none-eabi/13.2.1/thumb/v7-m/nofp/libgcc.a(unwind-arm.o)
 .ARM.attributes
                0x00000f6e       0x1d /usr/lib/gcc/arm-none-eabi/13.2.1/thumb/v7-m/nofp/libgcc.a(libunwind.o)
 .ARM.attributes
                0x00000f8b       0x2d /usr/lib/gcc/arm-none-eabi/13.2.1/thumb/v7-m/nofp/libgcc.a(pr-support.o)
 .ARM.attributes
                0x00000fb8       0x2d /usr/lib/gcc/arm-none-eabi/13.2.1/thumb/v7-m/nofp/crtend.o
 .ARM.attributes
                0x00000fe5       0x1d /usr/lib/gcc/arm-none-eabi/13.2.1/thumb/v7-m/nofp/crtn.o

.comment        0x00000000       0x26
 .comment       0x00000000       0x26 /usr/lib/gcc/arm-none-eabi/13.2.1/thumb/v7-m/nofp/crtbegin.o
                                 0x27 (size before relaxing)
 .comment       0x00000026       0x27 build/main.o
 .comment       0x00000026       0x27 build/gpio.o
 .comment       0x00000026       0x27 build/stm32f1xx_it.o
 .comment       0x00000026       0x27 build/stm32f1xx_hal_msp.o
 .comment       0x00000026       0x27 build/stm32f1xx_hal.o
 .comment       0x00000026       0x27 build/stm32f1xx_hal_rcc.o
 .comment       0x00000026       0x27 build/stm32f1xx_hal_gpio.o
 .comment       0x00000026       0x27 build/stm32f1xx_hal_dma.o
 .comment       0x00000026       0x27 build/stm32f1xx_hal_cortex.o
 .comment       0x00000026       0x27 build/system_stm32f1xx.o
 .comment       0x00000026       0x27 build/dma.o
 .comment       0x00000026       0x27 build/tim.o
 .comment       0x00000026       0x27 build/usart.o
 .comment       0x00000026       0x27 build/stm32f1xx_hal_tim.o
 .comment       0x00000026       0x27 build/stm32f1xx_hal_tim_ex.o
 .comment       0x00000026       0x27 build/stm32f1xx_hal_uart.o
 .comment       0x00000026       0x27 build/mpu_6050.o
 .comment       0x00000026       0x27 /usr/lib/gcc/arm-none-eabi/13.2.1/../../../arm-none-eabi/lib/thumb/v7-m/nofp/libc_nano.a(libc_a-sprintf.o)
 .comment       0x00000026       0x27 /usr/lib/gcc/arm-none-eabi/13.2.1/../../../arm-none-eabi/lib/thumb/v7-m/nofp/libc_nano.a(libc_a-strlen-stub.o)
 .comment       0x00000026       0x27 /usr/lib/gcc/arm-none-eabi/13.2.1/../../../arm-none-eabi/lib/thumb/v7-m/nofp/libc_nano.a(libc_a-impure.o)
 .comment       0x00000026       0x27 /usr/lib/gcc/arm-none-eabi/13.2.1/../../../arm-none-eabi/lib/thumb/v7-m/nofp/libc_nano.a(libc_a-nano-svfprintf.o)
 .comment       0x00000026       0x27 /usr/lib/gcc/arm-none-eabi/13.2.1/../../../arm-none-eabi/lib/thumb/v7-m/nofp/libc_nano.a(libc_a-init.o)
 .comment       0x00000026       0x27 /usr/lib/gcc/arm-none-eabi/13.2.1/../../../arm-none-eabi/lib/thumb/v7-m/nofp/libc_nano.a(libc_a-memset.o)
 .comment       0x00000026       0x27 /usr/lib/gcc/arm-none-eabi/13.2.1/../../../arm-none-eabi/lib/thumb/v7-m/nofp/libc_nano.a(libc_a-nano-vfprintf_float.o)
 .comment       0x00000026       0x27 /usr/lib/gcc/arm-none-eabi/13.2.1/../../../arm-none-eabi/lib/thumb/v7-m/nofp/libc_nano.a(libc_a-mallocr.o)
 .comment       0x00000026       0x27 /usr/lib/gcc/arm-none-eabi/13.2.1/../../../arm-none-eabi/lib/thumb/v7-m/nofp/libc_nano.a(libc_a-dtoa.o)
 .comment       0x00000026       0x27 /usr/lib/gcc/arm-none-eabi/13.2.1/../../../arm-none-eabi/lib/thumb/v7-m/nofp/libc_nano.a(libc_a-freer.o)
 .comment       0x00000026       0x27 /usr/lib/gcc/arm-none-eabi/13.2.1/../../../arm-none-eabi/lib/thumb/v7-m/nofp/libc_nano.a(libc_a-memmove.o)
 .comment       0x00000026       0x27 /usr/lib/gcc/arm-none-eabi/13.2.1/../../../arm-none-eabi/lib/thumb/v7-m/nofp/libc_nano.a(libc_a-malloc.o)
 .comment       0x00000026       0x27 /usr/lib/gcc/arm-none-eabi/13.2.1/../../../arm-none-eabi/lib/thumb/v7-m/nofp/libc_nano.a(libc_a-reallocr.o)
 .comment       0x00000026       0x27 /usr/lib/gcc/arm-none-eabi/13.2.1/../../../arm-none-eabi/lib/thumb/v7-m/nofp/libc_nano.a(libc_a-nano-vfprintf_i.o)
 .comment       0x00000026       0x27 /usr/lib/gcc/arm-none-eabi/13.2.1/../../../arm-none-eabi/lib/thumb/v7-m/nofp/libc_nano.a(libc_a-mlock.o)
 .comment       0x00000026       0x27 /usr/lib/gcc/arm-none-eabi/13.2.1/../../../arm-none-eabi/lib/thumb/v7-m/nofp/libc_nano.a(libc_a-memchr-stub.o)
 .comment       0x00000026       0x27 /usr/lib/gcc/arm-none-eabi/13.2.1/../../../arm-none-eabi/lib/thumb/v7-m/nofp/libc_nano.a(libc_a-snprintf.o)
 .comment       0x00000026       0x27 /usr/lib/gcc/arm-none-eabi/13.2.1/../../../arm-none-eabi/lib/thumb/v7-m/nofp/libc_nano.a(libc_a-assert.o)
 .comment       0x00000026       0x27 /usr/lib/gcc/arm-none-eabi/13.2.1/../../../arm-none-eabi/lib/thumb/v7-m/nofp/libc_nano.a(libc_a-mprec.o)
 .comment       0x00000026       0x27 /usr/lib/gcc/arm-none-eabi/13.2.1/../../../arm-none-eabi/lib/thumb/v7-m/nofp/libc_nano.a(libc_a-sbrkr.o)
 .comment       0x00000026       0x27 /usr/lib/gcc/arm-none-eabi/13.2.1/../../../arm-none-eabi/lib/thumb/v7-m/nofp/libc_nano.a(libc_a-msizer.o)
 .comment       0x00000026       0x27 /usr/lib/gcc/arm-none-eabi/13.2.1/../../../arm-none-eabi/lib/thumb/v7-m/nofp/libc_nano.a(libc_a-localeconv.o)
 .comment       0x00000026       0x27 /usr/lib/gcc/arm-none-eabi/13.2.1/../../../arm-none-eabi/lib/thumb/v7-m/nofp/libc_nano.a(libc_a-findfp.o)
 .comment       0x00000026       0x27 /usr/lib/gcc/arm-none-eabi/13.2.1/../../../arm-none-eabi/lib/thumb/v7-m/nofp/libc_nano.a(libc_a-abort.o)
 .comment       0x00000026       0x27 /usr/lib/gcc/arm-none-eabi/13.2.1/../../../arm-none-eabi/lib/thumb/v7-m/nofp/libc_nano.a(libc_a-fflush.o)
 .comment       0x00000026       0x27 /usr/lib/gcc/arm-none-eabi/13.2.1/../../../arm-none-eabi/lib/thumb/v7-m/nofp/libc_nano.a(libc_a-callocr.o)
 .comment       0x00000026       0x27 /usr/lib/gcc/arm-none-eabi/13.2.1/../../../arm-none-eabi/lib/thumb/v7-m/nofp/libc_nano.a(libc_a-locale.o)
 .comment       0x00000026       0x27 /usr/lib/gcc/arm-none-eabi/13.2.1/../../../arm-none-eabi/lib/thumb/v7-m/nofp/libc_nano.a(libc_a-fwalk.o)
 .comment       0x00000026       0x27 /usr/lib/gcc/arm-none-eabi/13.2.1/../../../arm-none-eabi/lib/thumb/v7-m/nofp/libc_nano.a(libc_a-wctomb_r.o)
 .comment       0x00000026       0x27 /usr/lib/gcc/arm-none-eabi/13.2.1/../../../arm-none-eabi/lib/thumb/v7-m/nofp/libc_nano.a(libc_a-fprintf.o)
 .comment       0x00000026       0x27 /usr/lib/gcc/arm-none-eabi/13.2.1/../../../arm-none-eabi/lib/thumb/v7-m/nofp/libc_nano.a(libc_a-reent.o)
 .comment       0x00000026       0x27 /usr/lib/gcc/arm-none-eabi/13.2.1/../../../arm-none-eabi/lib/thumb/v7-m/nofp/libc_nano.a(libc_a-ctype_.o)
 .comment       0x00000026       0x27 /usr/lib/gcc/arm-none-eabi/13.2.1/../../../arm-none-eabi/lib/thumb/v7-m/nofp/libc_nano.a(libc_a-nano-vfprintf.o)
 .comment       0x00000026       0x27 /usr/lib/gcc/arm-none-eabi/13.2.1/../../../arm-none-eabi/lib/thumb/v7-m/nofp/libc_nano.a(libc_a-wbuf.o)
 .comment       0x00000026       0x27 /usr/lib/gcc/arm-none-eabi/13.2.1/../../../arm-none-eabi/lib/thumb/v7-m/nofp/libc_nano.a(libc_a-stdio.o)
 .comment       0x00000026       0x27 /usr/lib/gcc/arm-none-eabi/13.2.1/../../../arm-none-eabi/lib/thumb/v7-m/nofp/libc_nano.a(libc_a-fvwrite.o)
 .comment       0x00000026       0x27 /usr/lib/gcc/arm-none-eabi/13.2.1/../../../arm-none-eabi/lib/thumb/v7-m/nofp/libc_nano.a(libc_a-mbtowc_r.o)
 .comment       0x00000026       0x27 /usr/lib/gcc/arm-none-eabi/13.2.1/../../../arm-none-eabi/lib/thumb/v7-m/nofp/libc_nano.a(libc_a-signal.o)
 .comment       0x00000026       0x27 /usr/lib/gcc/arm-none-eabi/13.2.1/../../../arm-none-eabi/lib/thumb/v7-m/nofp/libc_nano.a(libc_a-closer.o)
 .comment       0x00000026       0x27 /usr/lib/gcc/arm-none-eabi/13.2.1/../../../arm-none-eabi/lib/thumb/v7-m/nofp/libc_nano.a(libc_a-wsetup.o)
 .comment       0x00000026       0x27 /usr/lib/gcc/arm-none-eabi/13.2.1/../../../arm-none-eabi/lib/thumb/v7-m/nofp/libc_nano.a(libc_a-readr.o)
 .comment       0x00000026       0x27 /usr/lib/gcc/arm-none-eabi/13.2.1/../../../arm-none-eabi/lib/thumb/v7-m/nofp/libc_nano.a(libc_a-makebuf.o)
 .comment       0x00000026       0x27 /usr/lib/gcc/arm-none-eabi/13.2.1/../../../arm-none-eabi/lib/thumb/v7-m/nofp/libc_nano.a(libc_a-lseekr.o)
 .comment       0x00000026       0x27 /usr/lib/gcc/arm-none-eabi/13.2.1/../../../arm-none-eabi/lib/thumb/v7-m/nofp/libc_nano.a(libc_a-writer.o)
 .comment       0x00000026       0x27 /usr/lib/gcc/arm-none-eabi/13.2.1/../../../arm-none-eabi/lib/thumb/v7-m/nofp/libc_nano.a(libc_a-isattyr.o)
 .comment       0x00000026       0x27 /usr/lib/gcc/arm-none-eabi/13.2.1/../../../arm-none-eabi/lib/thumb/v7-m/nofp/libc_nano.a(libc_a-signalr.o)
 .comment       0x00000026       0x27 /usr/lib/gcc/arm-none-eabi/13.2.1/../../../arm-none-eabi/lib/thumb/v7-m/nofp/libc_nano.a(libc_a-fstatr.o)
 .comment       0x00000026       0x27 /usr/lib/gcc/arm-none-eabi/13.2.1/../../../arm-none-eabi/lib/thumb/v7-m/nofp/libm.a(libm_a-w_atan2.o)
 .comment       0x00000026       0x27 /usr/lib/gcc/arm-none-eabi/13.2.1/../../../arm-none-eabi/lib/thumb/v7-m/nofp/libm.a(libm_a-e_atan2.o)
 .comment       0x00000026       0x27 /usr/lib/gcc/arm-none-eabi/13.2.1/../../../arm-none-eabi/lib/thumb/v7-m/nofp/libm.a(libm_a-s_atan.o)
 .comment       0x00000026       0x27 /usr/lib/gcc/arm-none-eabi/13.2.1/../../../arm-none-eabi/lib/thumb/v7-m/nofp/libm.a(libm_a-s_fabs.o)
 .comment       0x00000026       0x27 /usr/lib/gcc/arm-none-eabi/13.2.1/../../../arm-none-eabi/lib/thumb/v7-m/nofp/libnosys.a(close.o)
 .comment       0x00000026       0x27 /usr/lib/gcc/arm-none-eabi/13.2.1/../../../arm-none-eabi/lib/thumb/v7-m/nofp/libnosys.a(fstat.o)
 .comment       0x00000026       0x27 /usr/lib/gcc/arm-none-eabi/13.2.1/../../../arm-none-eabi/lib/thumb/v7-m/nofp/libnosys.a(getpid.o)
 .comment       0x00000026       0x27 /usr/lib/gcc/arm-none-eabi/13.2.1/../../../arm-none-eabi/lib/thumb/v7-m/nofp/libnosys.a(isatty.o)
 .comment       0x00000026       0x27 /usr/lib/gcc/arm-none-eabi/13.2.1/../../../arm-none-eabi/lib/thumb/v7-m/nofp/libnosys.a(kill.o)
 .comment       0x00000026       0x27 /usr/lib/gcc/arm-none-eabi/13.2.1/../../../arm-none-eabi/lib/thumb/v7-m/nofp/libnosys.a(lseek.o)
 .comment       0x00000026       0x27 /usr/lib/gcc/arm-none-eabi/13.2.1/../../../arm-none-eabi/lib/thumb/v7-m/nofp/libnosys.a(read.o)
 .comment       0x00000026       0x27 /usr/lib/gcc/arm-none-eabi/13.2.1/../../../arm-none-eabi/lib/thumb/v7-m/nofp/libnosys.a(sbrk.o)
 .comment       0x00000026       0x27 /usr/lib/gcc/arm-none-eabi/13.2.1/../../../arm-none-eabi/lib/thumb/v7-m/nofp/libnosys.a(write.o)
 .comment       0x00000026       0x27 /usr/lib/gcc/arm-none-eabi/13.2.1/../../../arm-none-eabi/lib/thumb/v7-m/nofp/libnosys.a(_exit.o)
 .comment       0x00000026       0x27 /usr/lib/gcc/arm-none-eabi/13.2.1/thumb/v7-m/nofp/libgcc.a(unwind-arm.o)
 .comment       0x00000026       0x27 /usr/lib/gcc/arm-none-eabi/13.2.1/thumb/v7-m/nofp/libgcc.a(pr-support.o)
 .comment       0x00000026       0x27 /usr/lib/gcc/arm-none-eabi/13.2.1/thumb/v7-m/nofp/crtend.o

.debug_info     0x00000000    0x318ff
 .debug_info    0x00000000     0x12db build/main.o
 .debug_info    0x000012db      0x3d6 build/gpio.o
 .debug_info    0x000016b1      0x7ec build/stm32f1xx_it.o
 .debug_info    0x00001e9d      0x22c build/stm32f1xx_hal_msp.o
 .debug_info    0x000020c9      0x874 build/stm32f1xx_hal.o
 .debug_info    0x0000293d      0xaec build/stm32f1xx_hal_rcc.o
 .debug_info    0x00003429      0x6bf build/stm32f1xx_hal_gpio.o
 .debug_info    0x00003ae8      0x8c9 build/stm32f1xx_hal_dma.o
 .debug_info    0x000043b1      0xe1b build/stm32f1xx_hal_cortex.o
 .debug_info    0x000051cc      0x256 build/system_stm32f1xx.o
 .debug_info    0x00005422      0x3b9 build/dma.o
 .debug_info    0x000057db     0x1095 build/tim.o
 .debug_info    0x00006870      0xd5b build/usart.o
 .debug_info    0x000075cb     0x412e build/stm32f1xx_hal_tim.o
 .debug_info    0x0000b6f9     0x1d37 build/stm32f1xx_hal_tim_ex.o
 .debug_info    0x0000d430     0x42eb build/stm32f1xx_hal_uart.o
 .debug_info    0x0001171b       0x30 build/startup_stm32f103xb.o
 .debug_info    0x0001174b      0x8cc build/mpu_6050.o
 .debug_info    0x00012017      0x87b /usr/lib/gcc/arm-none-eabi/13.2.1/../../../arm-none-eabi/lib/thumb/v7-m/nofp/libc_nano.a(libc_a-sprintf.o)
 .debug_info    0x00012892       0xbd /usr/lib/gcc/arm-none-eabi/13.2.1/../../../arm-none-eabi/lib/thumb/v7-m/nofp/libc_nano.a(libc_a-strlen-stub.o)
 .debug_info    0x0001294f      0x70b /usr/lib/gcc/arm-none-eabi/13.2.1/../../../arm-none-eabi/lib/thumb/v7-m/nofp/libc_nano.a(libc_a-impure.o)
 .debug_info    0x0001305a     0x1094 /usr/lib/gcc/arm-none-eabi/13.2.1/../../../arm-none-eabi/lib/thumb/v7-m/nofp/libc_nano.a(libc_a-nano-svfprintf.o)
 .debug_info    0x000140ee      0x10b /usr/lib/gcc/arm-none-eabi/13.2.1/../../../arm-none-eabi/lib/thumb/v7-m/nofp/libc_nano.a(libc_a-init.o)
 .debug_info    0x000141f9      0x135 /usr/lib/gcc/arm-none-eabi/13.2.1/../../../arm-none-eabi/lib/thumb/v7-m/nofp/libc_nano.a(libc_a-memset.o)
 .debug_info    0x0001432e     0x13d2 /usr/lib/gcc/arm-none-eabi/13.2.1/../../../arm-none-eabi/lib/thumb/v7-m/nofp/libc_nano.a(libc_a-nano-vfprintf_float.o)
 .debug_info    0x00015700      0x9b6 /usr/lib/gcc/arm-none-eabi/13.2.1/../../../arm-none-eabi/lib/thumb/v7-m/nofp/libc_nano.a(libc_a-mallocr.o)
 .debug_info    0x000160b6     0x1943 /usr/lib/gcc/arm-none-eabi/13.2.1/../../../arm-none-eabi/lib/thumb/v7-m/nofp/libc_nano.a(libc_a-dtoa.o)
 .debug_info    0x000179f9      0x87f /usr/lib/gcc/arm-none-eabi/13.2.1/../../../arm-none-eabi/lib/thumb/v7-m/nofp/libc_nano.a(libc_a-freer.o)
 .debug_info    0x00018278      0x148 /usr/lib/gcc/arm-none-eabi/13.2.1/../../../arm-none-eabi/lib/thumb/v7-m/nofp/libc_nano.a(libc_a-memmove.o)
 .debug_info    0x000183c0       0x33 /usr/lib/gcc/arm-none-eabi/13.2.1/../../../arm-none-eabi/lib/thumb/v7-m/nofp/libc_nano.a(libc_a-memcpy.o)
 .debug_info    0x000183f3      0x796 /usr/lib/gcc/arm-none-eabi/13.2.1/../../../arm-none-eabi/lib/thumb/v7-m/nofp/libc_nano.a(libc_a-malloc.o)
 .debug_info    0x00018b89      0x8cd /usr/lib/gcc/arm-none-eabi/13.2.1/../../../arm-none-eabi/lib/thumb/v7-m/nofp/libc_nano.a(libc_a-reallocr.o)
 .debug_info    0x00019456      0xdd7 /usr/lib/gcc/arm-none-eabi/13.2.1/../../../arm-none-eabi/lib/thumb/v7-m/nofp/libc_nano.a(libc_a-nano-vfprintf_i.o)
 .debug_info    0x0001a22d      0x71c /usr/lib/gcc/arm-none-eabi/13.2.1/../../../arm-none-eabi/lib/thumb/v7-m/nofp/libc_nano.a(libc_a-mlock.o)
 .debug_info    0x0001a949      0x14a /usr/lib/gcc/arm-none-eabi/13.2.1/../../../arm-none-eabi/lib/thumb/v7-m/nofp/libc_nano.a(libc_a-memchr-stub.o)
 .debug_info    0x0001aa93      0x8ff /usr/lib/gcc/arm-none-eabi/13.2.1/../../../arm-none-eabi/lib/thumb/v7-m/nofp/libc_nano.a(libc_a-snprintf.o)
 .debug_info    0x0001b392      0x825 /usr/lib/gcc/arm-none-eabi/13.2.1/../../../arm-none-eabi/lib/thumb/v7-m/nofp/libc_nano.a(libc_a-assert.o)
 .debug_info    0x0001bbb7     0x1f12 /usr/lib/gcc/arm-none-eabi/13.2.1/../../../arm-none-eabi/lib/thumb/v7-m/nofp/libc_nano.a(libc_a-mprec.o)
 .debug_info    0x0001dac9      0x778 /usr/lib/gcc/arm-none-eabi/13.2.1/../../../arm-none-eabi/lib/thumb/v7-m/nofp/libc_nano.a(libc_a-sbrkr.o)
 .debug_info    0x0001e241      0x78a /usr/lib/gcc/arm-none-eabi/13.2.1/../../../arm-none-eabi/lib/thumb/v7-m/nofp/libc_nano.a(libc_a-msizer.o)
 .debug_info    0x0001e9cb      0xa0e /usr/lib/gcc/arm-none-eabi/13.2.1/../../../arm-none-eabi/lib/thumb/v7-m/nofp/libc_nano.a(libc_a-localeconv.o)
 .debug_info    0x0001f3d9      0xe8c /usr/lib/gcc/arm-none-eabi/13.2.1/../../../arm-none-eabi/lib/thumb/v7-m/nofp/libc_nano.a(libc_a-findfp.o)
 .debug_info    0x00020265       0xd8 /usr/lib/gcc/arm-none-eabi/13.2.1/../../../arm-none-eabi/lib/thumb/v7-m/nofp/libc_nano.a(libc_a-abort.o)
 .debug_info    0x0002033d      0xa30 /usr/lib/gcc/arm-none-eabi/13.2.1/../../../arm-none-eabi/lib/thumb/v7-m/nofp/libc_nano.a(libc_a-fflush.o)
 .debug_info    0x00020d6d      0x7c9 /usr/lib/gcc/arm-none-eabi/13.2.1/../../../arm-none-eabi/lib/thumb/v7-m/nofp/libc_nano.a(libc_a-callocr.o)
 .debug_info    0x00021536      0xbb9 /usr/lib/gcc/arm-none-eabi/13.2.1/../../../arm-none-eabi/lib/thumb/v7-m/nofp/libc_nano.a(libc_a-locale.o)
 .debug_info    0x000220ef      0x7c8 /usr/lib/gcc/arm-none-eabi/13.2.1/../../../arm-none-eabi/lib/thumb/v7-m/nofp/libc_nano.a(libc_a-fwalk.o)
 .debug_info    0x000228b7      0xa70 /usr/lib/gcc/arm-none-eabi/13.2.1/../../../arm-none-eabi/lib/thumb/v7-m/nofp/libc_nano.a(libc_a-wctomb_r.o)
 .debug_info    0x00023327      0x85d /usr/lib/gcc/arm-none-eabi/13.2.1/../../../arm-none-eabi/lib/thumb/v7-m/nofp/libc_nano.a(libc_a-fprintf.o)
 .debug_info    0x00023b84      0x89f /usr/lib/gcc/arm-none-eabi/13.2.1/../../../arm-none-eabi/lib/thumb/v7-m/nofp/libc_nano.a(libc_a-reent.o)
 .debug_info    0x00024423       0xb9 /usr/lib/gcc/arm-none-eabi/13.2.1/../../../arm-none-eabi/lib/thumb/v7-m/nofp/libc_nano.a(libc_a-ctype_.o)
 .debug_info    0x000244dc     0x108a /usr/lib/gcc/arm-none-eabi/13.2.1/../../../arm-none-eabi/lib/thumb/v7-m/nofp/libc_nano.a(libc_a-nano-vfprintf.o)
 .debug_info    0x00025566      0x863 /usr/lib/gcc/arm-none-eabi/13.2.1/../../../arm-none-eabi/lib/thumb/v7-m/nofp/libc_nano.a(libc_a-wbuf.o)
 .debug_info    0x00025dc9      0xa80 /usr/lib/gcc/arm-none-eabi/13.2.1/../../../arm-none-eabi/lib/thumb/v7-m/nofp/libc_nano.a(libc_a-stdio.o)
 .debug_info    0x00026849      0xb1e /usr/lib/gcc/arm-none-eabi/13.2.1/../../../arm-none-eabi/lib/thumb/v7-m/nofp/libc_nano.a(libc_a-fvwrite.o)
 .debug_info    0x00027367      0xab0 /usr/lib/gcc/arm-none-eabi/13.2.1/../../../arm-none-eabi/lib/thumb/v7-m/nofp/libc_nano.a(libc_a-mbtowc_r.o)
 .debug_info    0x00027e17      0xc39 /usr/lib/gcc/arm-none-eabi/13.2.1/../../../arm-none-eabi/lib/thumb/v7-m/nofp/libc_nano.a(libc_a-signal.o)
 .debug_info    0x00028a50      0x752 /usr/lib/gcc/arm-none-eabi/13.2.1/../../../arm-none-eabi/lib/thumb/v7-m/nofp/libc_nano.a(libc_a-closer.o)
 .debug_info    0x000291a2      0x7b1 /usr/lib/gcc/arm-none-eabi/13.2.1/../../../arm-none-eabi/lib/thumb/v7-m/nofp/libc_nano.a(libc_a-wsetup.o)
 .debug_info    0x00029953      0x7b5 /usr/lib/gcc/arm-none-eabi/13.2.1/../../../arm-none-eabi/lib/thumb/v7-m/nofp/libc_nano.a(libc_a-readr.o)
 .debug_info    0x0002a108      0xbe6 /usr/lib/gcc/arm-none-eabi/13.2.1/../../../arm-none-eabi/lib/thumb/v7-m/nofp/libc_nano.a(libc_a-makebuf.o)
 .debug_info    0x0002acee      0x79e /usr/lib/gcc/arm-none-eabi/13.2.1/../../../arm-none-eabi/lib/thumb/v7-m/nofp/libc_nano.a(libc_a-lseekr.o)
 .debug_info    0x0002b48c      0x7bb /usr/lib/gcc/arm-none-eabi/13.2.1/../../../arm-none-eabi/lib/thumb/v7-m/nofp/libc_nano.a(libc_a-writer.o)
 .debug_info    0x0002bc47      0x752 /usr/lib/gcc/arm-none-eabi/13.2.1/../../../arm-none-eabi/lib/thumb/v7-m/nofp/libc_nano.a(libc_a-isattyr.o)
 .debug_info    0x0002c399      0x7df /usr/lib/gcc/arm-none-eabi/13.2.1/../../../arm-none-eabi/lib/thumb/v7-m/nofp/libc_nano.a(libc_a-signalr.o)
 .debug_info    0x0002cb78      0x977 /usr/lib/gcc/arm-none-eabi/13.2.1/../../../arm-none-eabi/lib/thumb/v7-m/nofp/libc_nano.a(libc_a-fstatr.o)
 .debug_info    0x0002d4ef      0x103 /usr/lib/gcc/arm-none-eabi/13.2.1/../../../arm-none-eabi/lib/thumb/v7-m/nofp/libm.a(libm_a-w_atan2.o)
 .debug_info    0x0002d5f2      0x324 /usr/lib/gcc/arm-none-eabi/13.2.1/../../../arm-none-eabi/lib/thumb/v7-m/nofp/libm.a(libm_a-e_atan2.o)
 .debug_info    0x0002d916      0x485 /usr/lib/gcc/arm-none-eabi/13.2.1/../../../arm-none-eabi/lib/thumb/v7-m/nofp/libm.a(libm_a-s_atan.o)
 .debug_info    0x0002dd9b      0x142 /usr/lib/gcc/arm-none-eabi/13.2.1/../../../arm-none-eabi/lib/thumb/v7-m/nofp/libm.a(libm_a-s_fabs.o)
 .debug_info    0x0002dedd       0xde /usr/lib/gcc/arm-none-eabi/13.2.1/../../../arm-none-eabi/lib/thumb/v7-m/nofp/libnosys.a(close.o)
 .debug_info    0x0002dfbb      0x2f7 /usr/lib/gcc/arm-none-eabi/13.2.1/../../../arm-none-eabi/lib/thumb/v7-m/nofp/libnosys.a(fstat.o)
 .debug_info    0x0002e2b2       0xc9 /usr/lib/gcc/arm-none-eabi/13.2.1/../../../arm-none-eabi/lib/thumb/v7-m/nofp/libnosys.a(getpid.o)
 .debug_info    0x0002e37b       0xde /usr/lib/gcc/arm-none-eabi/13.2.1/../../../arm-none-eabi/lib/thumb/v7-m/nofp/libnosys.a(isatty.o)
 .debug_info    0x0002e459       0xec /usr/lib/gcc/arm-none-eabi/13.2.1/../../../arm-none-eabi/lib/thumb/v7-m/nofp/libnosys.a(kill.o)
 .debug_info    0x0002e545      0x100 /usr/lib/gcc/arm-none-eabi/13.2.1/../../../arm-none-eabi/lib/thumb/v7-m/nofp/libnosys.a(lseek.o)
 .debug_info    0x0002e645      0x106 /usr/lib/gcc/arm-none-eabi/13.2.1/../../../arm-none-eabi/lib/thumb/v7-m/nofp/libnosys.a(read.o)
 .debug_info    0x0002e74b       0xac /usr/lib/gcc/arm-none-eabi/13.2.1/../../../arm-none-eabi/lib/thumb/v7-m/nofp/libnosys.a(sbrk.o)
 .debug_info    0x0002e7f7      0x106 /usr/lib/gcc/arm-none-eabi/13.2.1/../../../arm-none-eabi/lib/thumb/v7-m/nofp/libnosys.a(write.o)
 .debug_info    0x0002e8fd       0xa4 /usr/lib/gcc/arm-none-eabi/13.2.1/../../../arm-none-eabi/lib/thumb/v7-m/nofp/libnosys.a(_exit.o)
 .debug_info    0x0002e9a1       0xd3 /usr/lib/gcc/arm-none-eabi/13.2.1/thumb/v7-m/nofp/libgcc.a(_arm_addsubdf3.o)
 .debug_info    0x0002ea74       0x57 /usr/lib/gcc/arm-none-eabi/13.2.1/thumb/v7-m/nofp/libgcc.a(_arm_muldivdf3.o)
 .debug_info    0x0002eacb       0xdf /usr/lib/gcc/arm-none-eabi/13.2.1/thumb/v7-m/nofp/libgcc.a(_arm_cmpdf2.o)
 .debug_info    0x0002ebaa       0x3c /usr/lib/gcc/arm-none-eabi/13.2.1/thumb/v7-m/nofp/libgcc.a(_arm_unorddf2.o)
 .debug_info    0x0002ebe6       0x3c /usr/lib/gcc/arm-none-eabi/13.2.1/thumb/v7-m/nofp/libgcc.a(_arm_fixdfsi.o)
 .debug_info    0x0002ec22       0x3f /usr/lib/gcc/arm-none-eabi/13.2.1/thumb/v7-m/nofp/libgcc.a(_arm_truncdfsf2.o)
 .debug_info    0x0002ec61       0xca /usr/lib/gcc/arm-none-eabi/13.2.1/thumb/v7-m/nofp/libgcc.a(_arm_addsubsf3.o)
 .debug_info    0x0002ed2b       0x57 /usr/lib/gcc/arm-none-eabi/13.2.1/thumb/v7-m/nofp/libgcc.a(_arm_muldivsf3.o)
 .debug_info    0x0002ed82       0x3c /usr/lib/gcc/arm-none-eabi/13.2.1/thumb/v7-m/nofp/libgcc.a(_arm_fixsfsi.o)
 .debug_info    0x0002edbe     0x1fa9 /usr/lib/gcc/arm-none-eabi/13.2.1/thumb/v7-m/nofp/libgcc.a(unwind-arm.o)
 .debug_info    0x00030d67       0xb7 /usr/lib/gcc/arm-none-eabi/13.2.1/thumb/v7-m/nofp/libgcc.a(libunwind.o)
 .debug_info    0x00030e1e      0xae1 /usr/lib/gcc/arm-none-eabi/13.2.1/thumb/v7-m/nofp/libgcc.a(pr-support.o)

.debug_abbrev   0x00000000     0x98a0
 .debug_abbrev  0x00000000      0x2f0 build/main.o
 .debug_abbrev  0x000002f0      0x14e build/gpio.o
 .debug_abbrev  0x0000043e      0x18e build/stm32f1xx_it.o
 .debug_abbrev  0x000005cc       0xe7 build/stm32f1xx_hal_msp.o
 .debug_abbrev  0x000006b3      0x232 build/stm32f1xx_hal.o
 .debug_abbrev  0x000008e5      0x2d6 build/stm32f1xx_hal_rcc.o
 .debug_abbrev  0x00000bbb      0x222 build/stm32f1xx_hal_gpio.o
 .debug_abbrev  0x00000ddd      0x261 build/stm32f1xx_hal_dma.o
 .debug_abbrev  0x0000103e      0x3aa build/stm32f1xx_hal_cortex.o
 .debug_abbrev  0x000013e8      0x140 build/system_stm32f1xx.o
 .debug_abbrev  0x00001528      0x11d build/dma.o
 .debug_abbrev  0x00001645      0x27b build/tim.o
 .debug_abbrev  0x000018c0      0x22e build/usart.o
 .debug_abbrev  0x00001aee      0x2bd build/stm32f1xx_hal_tim.o
 .debug_abbrev  0x00001dab      0x2b7 build/stm32f1xx_hal_tim_ex.o
 .debug_abbrev  0x00002062      0x35f build/stm32f1xx_hal_uart.o
 .debug_abbrev  0x000023c1       0x1d build/startup_stm32f103xb.o
 .debug_abbrev  0x000023de      0x208 build/mpu_6050.o
 .debug_abbrev  0x000025e6      0x21c /usr/lib/gcc/arm-none-eabi/13.2.1/../../../arm-none-eabi/lib/thumb/v7-m/nofp/libc_nano.a(libc_a-sprintf.o)
 .debug_abbrev  0x00002802       0x78 /usr/lib/gcc/arm-none-eabi/13.2.1/../../../arm-none-eabi/lib/thumb/v7-m/nofp/libc_nano.a(libc_a-strlen-stub.o)
 .debug_abbrev  0x0000287a      0x149 /usr/lib/gcc/arm-none-eabi/13.2.1/../../../arm-none-eabi/lib/thumb/v7-m/nofp/libc_nano.a(libc_a-impure.o)
 .debug_abbrev  0x000029c3      0x32f /usr/lib/gcc/arm-none-eabi/13.2.1/../../../arm-none-eabi/lib/thumb/v7-m/nofp/libc_nano.a(libc_a-nano-svfprintf.o)
 .debug_abbrev  0x00002cf2       0xc9 /usr/lib/gcc/arm-none-eabi/13.2.1/../../../arm-none-eabi/lib/thumb/v7-m/nofp/libc_nano.a(libc_a-init.o)
 .debug_abbrev  0x00002dbb       0xb7 /usr/lib/gcc/arm-none-eabi/13.2.1/../../../arm-none-eabi/lib/thumb/v7-m/nofp/libc_nano.a(libc_a-memset.o)
 .debug_abbrev  0x00002e72      0x2ee /usr/lib/gcc/arm-none-eabi/13.2.1/../../../arm-none-eabi/lib/thumb/v7-m/nofp/libc_nano.a(libc_a-nano-vfprintf_float.o)
 .debug_abbrev  0x00003160      0x24a /usr/lib/gcc/arm-none-eabi/13.2.1/../../../arm-none-eabi/lib/thumb/v7-m/nofp/libc_nano.a(libc_a-mallocr.o)
 .debug_abbrev  0x000033aa      0x333 /usr/lib/gcc/arm-none-eabi/13.2.1/../../../arm-none-eabi/lib/thumb/v7-m/nofp/libc_nano.a(libc_a-dtoa.o)
 .debug_abbrev  0x000036dd      0x249 /usr/lib/gcc/arm-none-eabi/13.2.1/../../../arm-none-eabi/lib/thumb/v7-m/nofp/libc_nano.a(libc_a-freer.o)
 .debug_abbrev  0x00003926       0xc3 /usr/lib/gcc/arm-none-eabi/13.2.1/../../../arm-none-eabi/lib/thumb/v7-m/nofp/libc_nano.a(libc_a-memmove.o)
 .debug_abbrev  0x000039e9       0x28 /usr/lib/gcc/arm-none-eabi/13.2.1/../../../arm-none-eabi/lib/thumb/v7-m/nofp/libc_nano.a(libc_a-memcpy.o)
 .debug_abbrev  0x00003a11      0x1cf /usr/lib/gcc/arm-none-eabi/13.2.1/../../../arm-none-eabi/lib/thumb/v7-m/nofp/libc_nano.a(libc_a-malloc.o)
 .debug_abbrev  0x00003be0      0x20c /usr/lib/gcc/arm-none-eabi/13.2.1/../../../arm-none-eabi/lib/thumb/v7-m/nofp/libc_nano.a(libc_a-reallocr.o)
 .debug_abbrev  0x00003dec      0x284 /usr/lib/gcc/arm-none-eabi/13.2.1/../../../arm-none-eabi/lib/thumb/v7-m/nofp/libc_nano.a(libc_a-nano-vfprintf_i.o)
 .debug_abbrev  0x00004070      0x192 /usr/lib/gcc/arm-none-eabi/13.2.1/../../../arm-none-eabi/lib/thumb/v7-m/nofp/libc_nano.a(libc_a-mlock.o)
 .debug_abbrev  0x00004202       0xc7 /usr/lib/gcc/arm-none-eabi/13.2.1/../../../arm-none-eabi/lib/thumb/v7-m/nofp/libc_nano.a(libc_a-memchr-stub.o)
 .debug_abbrev  0x000042c9      0x23c /usr/lib/gcc/arm-none-eabi/13.2.1/../../../arm-none-eabi/lib/thumb/v7-m/nofp/libc_nano.a(libc_a-snprintf.o)
 .debug_abbrev  0x00004505      0x1ea /usr/lib/gcc/arm-none-eabi/13.2.1/../../../arm-none-eabi/lib/thumb/v7-m/nofp/libc_nano.a(libc_a-assert.o)
 .debug_abbrev  0x000046ef      0x493 /usr/lib/gcc/arm-none-eabi/13.2.1/../../../arm-none-eabi/lib/thumb/v7-m/nofp/libc_nano.a(libc_a-mprec.o)
 .debug_abbrev  0x00004b82      0x1da /usr/lib/gcc/arm-none-eabi/13.2.1/../../../arm-none-eabi/lib/thumb/v7-m/nofp/libc_nano.a(libc_a-sbrkr.o)
 .debug_abbrev  0x00004d5c      0x196 /usr/lib/gcc/arm-none-eabi/13.2.1/../../../arm-none-eabi/lib/thumb/v7-m/nofp/libc_nano.a(libc_a-msizer.o)
 .debug_abbrev  0x00004ef2      0x22e /usr/lib/gcc/arm-none-eabi/13.2.1/../../../arm-none-eabi/lib/thumb/v7-m/nofp/libc_nano.a(libc_a-localeconv.o)
 .debug_abbrev  0x00005120      0x408 /usr/lib/gcc/arm-none-eabi/13.2.1/../../../arm-none-eabi/lib/thumb/v7-m/nofp/libc_nano.a(libc_a-findfp.o)
 .debug_abbrev  0x00005528       0x99 /usr/lib/gcc/arm-none-eabi/13.2.1/../../../arm-none-eabi/lib/thumb/v7-m/nofp/libc_nano.a(libc_a-abort.o)
 .debug_abbrev  0x000055c1      0x2e1 /usr/lib/gcc/arm-none-eabi/13.2.1/../../../arm-none-eabi/lib/thumb/v7-m/nofp/libc_nano.a(libc_a-fflush.o)
 .debug_abbrev  0x000058a2      0x1cd /usr/lib/gcc/arm-none-eabi/13.2.1/../../../arm-none-eabi/lib/thumb/v7-m/nofp/libc_nano.a(libc_a-callocr.o)
 .debug_abbrev  0x00005a6f      0x29d /usr/lib/gcc/arm-none-eabi/13.2.1/../../../arm-none-eabi/lib/thumb/v7-m/nofp/libc_nano.a(libc_a-locale.o)
 .debug_abbrev  0x00005d0c      0x19b /usr/lib/gcc/arm-none-eabi/13.2.1/../../../arm-none-eabi/lib/thumb/v7-m/nofp/libc_nano.a(libc_a-fwalk.o)
 .debug_abbrev  0x00005ea7      0x201 /usr/lib/gcc/arm-none-eabi/13.2.1/../../../arm-none-eabi/lib/thumb/v7-m/nofp/libc_nano.a(libc_a-wctomb_r.o)